 utils

 Timestamp is 5cef1cfa (Wed May 29 19:59:54 2019)

 Preferred load address is 0000000180000000

 Start         Length     Name                   Class
 0001:00000000 00000020H .text$di                CODE
 0001:00000020 00018e80H .text$mn                CODE
 0001:00018ea0 00000020H .text$mn$00             CODE
 0001:00018ec0 00000250H .text$x                 CODE
 0001:00019110 00000036H .text$yd                CODE
 0002:00000000 00000248H .idata$5                DATA
 0002:00000248 00000010H .00cfg                  DATA
 0002:00000258 00000008H .CRT$XCA                DATA
 0002:00000260 00000010H .CRT$XCU                DATA
 0002:00000270 00000008H .CRT$XCZ                DATA
 0002:00000278 00000008H .CRT$XIA                DATA
 0002:00000280 00000018H .CRT$XIC                DATA
 0002:00000298 00000008H .CRT$XIZ                DATA
 0002:000002a0 00000008H .CRT$XPA                DATA
 0002:000002a8 00000010H .CRT$XPX                DATA
 0002:000002b8 00000008H .CRT$XPXA               DATA
 0002:000002c0 00000008H .CRT$XPZ                DATA
 0002:000002c8 00000008H .CRT$XTA                DATA
 0002:000002d0 00000010H .CRT$XTZ                DATA
 0002:000002d8 00000000H .gfids$y                DATA
 0002:000002e0 000076c0H .rdata                  DATA
 0002:000079a0 000002fcH .rdata$r                DATA
 0002:00007c9c 000003f4H .rdata$zzzdbg           DATA
 0002:00008090 00000008H .rtc$IAA                DATA
 0002:00008098 00000008H .rtc$IZZ                DATA
 0002:000080a0 00000008H .rtc$TAA                DATA
 0002:000080a8 00000008H .rtc$TZZ                DATA
 0002:000080b0 00001938H .xdata                  DATA
 0002:000099e8 0000017cH .xdata$x                DATA
 0002:00009b64 00000020H .didat$2                DATA
 0002:00009b84 00000024H .didat$3                DATA
 0002:00009ba8 00000130H .didat$4                DATA
 0002:00009cd8 00000370H .didat$6                DATA
 0002:0000a048 00000138H .didat$7                DATA
 0002:0000a180 00000050H .edata                  DATA
 0002:0000a1d0 00000014H .idata$2                DATA
 0002:0000a1e4 00000014H .idata$3                DATA
 0002:0000a1f8 00000248H .idata$4                DATA
 0002:0000a440 0000054eH .idata$6                DATA
 0003:00000000 00000a40H .data                   DATA
 0003:00000a40 000000f0H .data$r                 DATA
 0003:00000b30 00000130H .didat$5                DATA
 0003:00000c60 0000122cH .bss                    DATA
 0004:00000000 000016b0H .pdata                  DATA
 0005:00000000 00000060H .rsrc$01                DATA
 0005:00000060 00000180H .rsrc$02                DATA

  Address         Publics by Value              Rva+Base               Lib:Object

 0000:00000000       __hybrid_code_map_count    0000000000000000     <absolute>
 0000:00000000       __hybrid_code_map          0000000000000000     <absolute>
 0000:00000000       __guard_iat_count          0000000000000000     <absolute>
 0000:00000000       __volatile_metadata        0000000000000000     <absolute>
 0000:00000000       __guard_longjmp_count      0000000000000000     <absolute>
 0000:00000000       __guard_longjmp_table      0000000000000000     <absolute>
 0000:00000000       __guard_iat_table          0000000000000000     <absolute>
 0000:00000000       __guard_fids_count         0000000000000000     <absolute>
 0000:00000000       ___safe_se_handler_count   0000000000000000     <absolute>
 0000:00000000       __enclave_config           0000000000000000     <absolute>
 0000:00000000       ___safe_se_handler_table   0000000000000000     <absolute>
 0000:00000000       __guard_fids_table         0000000000000000     <absolute>
 0000:00000000       __hybrid_auxiliary_iat     0000000000000000     <absolute>
 0000:00000000       __dynamic_value_reloc_table 0000000000000000     <absolute>
 0000:00000100       __guard_flags              0000000000000100     <absolute>
 0000:00000000       __ImageBase                0000000180000000     <linker-defined>
 0001:00000020       ?InitAll@@YA?AVObject@Napi@@VEnv@2@V12@@Z 0000000180001020 f   main.obj
 0001:00000050       ?__napi_InitAll@@YAPEAUnapi_value__@@PEAUnapi_env__@@PEAU1@@Z 0000000180001050 f   main.obj
 0001:000000b0       ??1Error@Napi@@QEAA@XZ     00000001800010b0 f i commentInput.obj
 0001:00000130       ?New@Number@Napi@@SA?AV12@PEAUnapi_env__@@N@Z 0000000180001130 f i commentInput.obj
 0001:00000220       ?New@String@Napi@@SA?AV12@PEAUnapi_env__@@AEBV?$basic_string@DU?$char_traits@D@std@@V?$allocator@D@2@@std@@@Z 0000000180001220 f i commentInput.obj
 0001:00000320       ?Utf8Value@String@Napi@@QEBA?AV?$basic_string@DU?$char_traits@D@std@@V?$allocator@D@2@@std@@XZ 0000000180001320 f i commentInput.obj
 0001:00000610       ?New@Object@Napi@@SA?AV12@PEAUnapi_env__@@@Z 0000000180001610 f i commentInput.obj
 0001:00000700       ?New@Error@Napi@@SA?AV12@PEAUnapi_env__@@@Z 0000000180001700 f i commentInput.obj
 0001:000008f0       ?ThrowAsJavaScriptException@Error@Napi@@QEBAXXZ 00000001800018f0 f i commentInput.obj
 0001:00000a40       ??0HandleScope@Napi@@QEAA@VEnv@1@@Z 0000000180001a40 f i commentInput.obj
 0001:00000b10       ??0CommentInput@@QEAA@V?$basic_string@DU?$char_traits@D@std@@V?$allocator@D@2@@std@@0000HH0@Z 0000000180001b10 f   commentInput.obj
 0001:00000e70       ?returnObj@CommentInput@@QEAA?AVObject@Napi@@VEnv@3@@Z 0000000180001e70 f   commentInput.obj
 0001:00001740       ?reserve@?$basic_string@DU?$char_traits@D@std@@V?$allocator@D@2@@std@@QEAAX_K@Z 0000000180002740 f i commentInput.obj
 0001:00001900       ??0?$basic_string@DU?$char_traits@D@std@@V?$allocator@D@2@@std@@QEAA@AEBV01@@Z 0000000180002900 f i commentInput.obj
 0001:000019e0       ?assign@?$basic_string@DU?$char_traits@D@std@@V?$allocator@D@2@@std@@QEAAAEAV12@QEBD_K@Z 00000001800029e0 f i commentInput.obj
 0001:00001b30       ??$Set@VString@Napi@@@Object@Napi@@QEAAXVValue@1@AEBVString@1@@Z 0000000180002b30 f i commentInput.obj
 0001:00001c80       ??$_Reallocate_grow_by@V<lambda_e1befb086ad3257e3f042a63030725f7>@@_KD@?$basic_string@DU?$char_traits@D@std@@V?$allocator@D@2@@std@@QEAAAEAV01@_KV<lambda_e1befb086ad3257e3f042a63030725f7>@@_KD@Z 0000000180002c80 f i commentInput.obj
 0001:00001df0       ?_Xlen@?$basic_string@DU?$char_traits@D@std@@V?$allocator@D@2@@std@@SAXXZ 0000000180002df0 f i commentInput.obj
 0001:00001e10       ??0UpdateC@@QEAA@V?$basic_string@DU?$char_traits@D@std@@V?$allocator@D@2@@std@@00000HH0@Z 0000000180002e10 f   updateC.obj
 0001:00002200       ?returnObj@UpdateC@@QEAA?AVObject@Napi@@VEnv@3@@Z 0000000180003200 f   updateC.obj
 0001:00002bd0       ??0SocialMedia@@QEAA@V?$basic_string@DU?$char_traits@D@std@@V?$allocator@D@2@@std@@000@Z 0000000180003bd0 f   socialMedia.obj
 0001:00002df0       ?returnObj@SocialMedia@@QEAA?AVObject@Napi@@VEnv@3@@Z 0000000180003df0 f   socialMedia.obj
 0001:00003200       ??0SmP@@QEAA@V?$basic_string@DU?$char_traits@D@std@@V?$allocator@D@2@@std@@0000@Z 0000000180004200 f   smP.obj
 0001:000034c0       ?returnObj@SmP@@QEAA?AVObject@Napi@@VEnv@3@@Z 00000001800044c0 f   smP.obj
 0001:000039e0       ??0PostInput@@QEAA@V?$basic_string@DU?$char_traits@D@std@@V?$allocator@D@2@@std@@000HH0@Z 00000001800049e0 f   postInput.obj
 0001:00003cb0       ?returnObj@PostInput@@QEAA?AVObject@Napi@@VEnv@3@@Z 0000000180004cb0 f   postInput.obj
 0001:00004490       ??0UpdateP@@QEAA@V?$basic_string@DU?$char_traits@D@std@@V?$allocator@D@2@@std@@0000HH0@Z 0000000180005490 f   updateP.obj
 0001:000047a0       ?returnObj@UpdateP@@QEAA?AVObject@Napi@@VEnv@3@@Z 00000001800057a0 f   updateP.obj
 0001:00004ff0       ??0User@@QEAA@V?$basic_string@DU?$char_traits@D@std@@V?$allocator@D@2@@std@@00H00HH@Z 0000000180005ff0 f   user.obj
 0001:00004ff0       ??0RegisterForm@@QEAA@V?$basic_string@DU?$char_traits@D@std@@V?$allocator@D@2@@std@@00H00HH@Z 0000000180005ff0 f   registerForm.obj
 0001:000052c0       ?returnObj@RegisterForm@@QEAA?AVObject@Napi@@VEnv@3@@Z 00000001800062c0 f   registerForm.obj
 0001:00005b80       ?returnObj@User@@QEAA?AVObject@Napi@@VEnv@3@@Z 0000000180006b80 f   user.obj
 0001:000064d0       ?Type@Value@Napi@@QEBA?AW4napi_valuetype@@XZ 00000001800074d0 f i inputWrapper.obj
 0001:000065c0       ??0CallbackInfo@Napi@@QEAA@PEAUnapi_env__@@PEAUnapi_callback_info__@@@Z 00000001800075c0 f i inputWrapper.obj
 0001:00006790       ??ACallbackInfo@Napi@@QEBA?BVValue@1@_K@Z 0000000180007790 f i inputWrapper.obj
 0001:000068b0       ?This@CallbackInfo@Napi@@QEBA?AVValue@2@XZ 00000001800078b0 f i inputWrapper.obj
 0001:000069c0       ?Init@InputWrapper@@SA?AVObject@Napi@@VEnv@3@V23@@Z 00000001800079c0 f   inputWrapper.obj
 0001:00006ce0       ??0InputWrapper@@QEAA@AEBVCallbackInfo@Napi@@@Z 0000000180007ce0 f   inputWrapper.obj
 0001:00008120       ?ReturnObj@InputWrapper@@QEAA?AVValue@Napi@@AEBVCallbackInfo@3@@Z 0000000180009120 f   inputWrapper.obj
 0001:000089b0       ?DetermineInstanceToDefine@InputWrapper@@QEAAXVEnv@Napi@@VString@3@PEAV1@11111111@Z 00000001800099b0 f   inputWrapper.obj
 0001:00009590       ?DetermineValidArguments@InputWrapper@@QEAA_NAEBVCallbackInfo@Napi@@VString@3@11111111@Z 000000018000a590 f   inputWrapper.obj
 0001:0000a550       ?CreateRegisterFormInstance@InputWrapper@@QEAAXAEBVCallbackInfo@Napi@@@Z 000000018000b550 f   inputWrapper.obj
 0001:0000a940       ?CreateUserInstance@InputWrapper@@QEAAXAEBVCallbackInfo@Napi@@@Z 000000018000b940 f   inputWrapper.obj
 0001:0000ad30       ?CreatePostInputInstance@InputWrapper@@QEAAXAEBVCallbackInfo@Napi@@@Z 000000018000bd30 f   inputWrapper.obj
 0001:0000b040       ?CreateUpdatePostInstance@InputWrapper@@QEAAXAEBVCallbackInfo@Napi@@@Z 000000018000c040 f   inputWrapper.obj
 0001:0000b3a0       ?CreateCommentInputInstance@InputWrapper@@QEAAXAEBVCallbackInfo@Napi@@@Z 000000018000c3a0 f   inputWrapper.obj
 0001:0000b700       ?CreateUpdatedCommentInstance@InputWrapper@@QEAAXAEBVCallbackInfo@Napi@@@Z 000000018000c700 f   inputWrapper.obj
 0001:0000baa0       ??$New@VTypeError@Napi@@@Error@Napi@@KA?AVTypeError@1@PEAUnapi_env__@@PEBD_KP6A?AW4napi_status@@0PEAUnapi_value__@@3PEAPEAU5@@Z@Z 000000018000caa0 f i inputWrapper.obj
 0001:0000bc70       ??0?$ObjectWrap@VInputWrapper@@@Napi@@QEAA@AEBVCallbackInfo@1@@Z 000000018000cc70 f i inputWrapper.obj
 0001:0000be50       ?Unwrap@?$ObjectWrap@VInputWrapper@@@Napi@@SAPEAVInputWrapper@@VObject@2@@Z 000000018000ce50 f i inputWrapper.obj
 0001:0000bf40       ?DefineClass@?$ObjectWrap@VInputWrapper@@@Napi@@CA?AVFunction@2@VEnv@2@PEBD_KPEBUnapi_property_descriptor@@PEAX@Z 000000018000cf40 f i inputWrapper.obj
 0001:0000c8c0       ?InstanceMethodCallbackWrapper@?$ObjectWrap@VInputWrapper@@@Napi@@CAPEAUnapi_value__@@PEAUnapi_env__@@PEAUnapi_callback_info__@@@Z 000000018000d8c0 f i inputWrapper.obj
 0001:0000c960       ?FinalizeCallback@?$ObjectWrap@VInputWrapper@@@Napi@@CAXPEAUnapi_env__@@PEAX1@Z 000000018000d960 f i inputWrapper.obj
 0001:0000c9a0       ?_Xlength@?$vector@Unapi_property_descriptor@@V?$allocator@Unapi_property_descriptor@@@std@@@std@@CAXXZ 000000018000d9a0 f i inputWrapper.obj
 0001:0000c9c0       ?ConstructorCallbackWrapper@?$ObjectWrap@VInputWrapper@@@Napi@@CAPEAUnapi_value__@@PEAUnapi_env__@@PEAUnapi_callback_info__@@@Z 000000018000d9c0 f i inputWrapper.obj
 0001:0000ca80       ?StaticVoidMethodCallbackWrapper@?$ObjectWrap@VInputWrapper@@@Napi@@CAPEAUnapi_value__@@PEAUnapi_env__@@PEAUnapi_callback_info__@@@Z 000000018000da80 f i inputWrapper.obj
 0001:0000cad0       ?StaticMethodCallbackWrapper@?$ObjectWrap@VInputWrapper@@@Napi@@CAPEAUnapi_value__@@PEAUnapi_env__@@PEAUnapi_callback_info__@@@Z 000000018000dad0 f i inputWrapper.obj
 0001:0000cb30       ?StaticGetterCallbackWrapper@?$ObjectWrap@VInputWrapper@@@Napi@@CAPEAUnapi_value__@@PEAUnapi_env__@@PEAUnapi_callback_info__@@@Z 000000018000db30 f i inputWrapper.obj
 0001:0000cb90       ?StaticSetterCallbackWrapper@?$ObjectWrap@VInputWrapper@@@Napi@@CAPEAUnapi_value__@@PEAUnapi_env__@@PEAUnapi_callback_info__@@@Z 000000018000db90 f i inputWrapper.obj
 0001:0000cc00       ?InstanceVoidMethodCallbackWrapper@?$ObjectWrap@VInputWrapper@@@Napi@@CAPEAUnapi_value__@@PEAUnapi_env__@@PEAUnapi_callback_info__@@@Z 000000018000dc00 f i inputWrapper.obj
 0001:0000cc90       ?InstanceGetterCallbackWrapper@?$ObjectWrap@VInputWrapper@@@Napi@@CAPEAUnapi_value__@@PEAUnapi_env__@@PEAUnapi_callback_info__@@@Z 000000018000dc90 f i inputWrapper.obj
 0001:0000cd30       ?InstanceSetterCallbackWrapper@?$ObjectWrap@VInputWrapper@@@Napi@@CAPEAUnapi_value__@@PEAUnapi_env__@@PEAUnapi_callback_info__@@@Z 000000018000dd30 f i inputWrapper.obj
 0001:0000ce5c       __imp_load_napi_module_register 000000018000de5c f   node:node.exe
 0001:0000ce68       __tailMerge_node_exe       000000018000de68     node:node.exe
 0001:0000cee1       __imp_load_napi_open_handle_scope 000000018000dee1 f   node:node.exe
 0001:0000ceed       __imp_load_napi_get_last_error_info 000000018000deed f   node:node.exe
 0001:0000cef9       __imp_load_napi_create_error 000000018000def9 f   node:node.exe
 0001:0000cf05       __imp_load_napi_delete_reference 000000018000df05 f   node:node.exe
 0001:0000cf11       __imp_load_napi_fatal_error 000000018000df11 f   node:node.exe
 0001:0000cf1d       __imp_load_napi_is_exception_pending 000000018000df1d f   node:node.exe
 0001:0000cf29       __imp_load_napi_get_value_string_utf8 000000018000df29 f   node:node.exe
 0001:0000cf35       __imp_load_napi_create_type_error 000000018000df35 f   node:node.exe
 0001:0000cf41       __imp_load_napi_create_string_utf8 000000018000df41 f   node:node.exe
 0001:0000cf4d       __imp_load_napi_throw      000000018000df4d f   node:node.exe
 0001:0000cf59       __imp_load_napi_get_and_clear_last_exception 000000018000df59 f   node:node.exe
 0001:0000cf65       __imp_load_napi_create_object 000000018000df65 f   node:node.exe
 0001:0000cf71       __imp_load_napi_set_property 000000018000df71 f   node:node.exe
 0001:0000cf7d       __imp_load_napi_create_reference 000000018000df7d f   node:node.exe
 0001:0000cf89       __imp_load_napi_close_handle_scope 000000018000df89 f   node:node.exe
 0001:0000cf95       __imp_load_napi_create_double 000000018000df95 f   node:node.exe
 0001:0000cfa1       __imp_load_napi_get_reference_value 000000018000dfa1 f   node:node.exe
 0001:0000cfad       __imp_load_napi_create_function 000000018000dfad f   node:node.exe
 0001:0000cfb9       __imp_load_napi_create_symbol 000000018000dfb9 f   node:node.exe
 0001:0000cfc5       __imp_load_napi_unwrap     000000018000dfc5 f   node:node.exe
 0001:0000cfd1       __imp_load_napi_close_escapable_handle_scope 000000018000dfd1 f   node:node.exe
 0001:0000cfdd       __imp_load_napi_coerce_to_string 000000018000dfdd f   node:node.exe
 0001:0000cfe9       __imp_load_napi_strict_equals 000000018000dfe9 f   node:node.exe
 0001:0000cff5       __imp_load_napi_escape_handle 000000018000dff5 f   node:node.exe
 0001:0000d001       __imp_load_napi_wrap       000000018000e001 f   node:node.exe
 0001:0000d00d       __imp_load_napi_create_external 000000018000e00d f   node:node.exe
 0001:0000d019       __imp_load_napi_set_named_property 000000018000e019 f   node:node.exe
 0001:0000d025       __imp_load_napi_define_properties 000000018000e025 f   node:node.exe
 0001:0000d031       __imp_load_napi_typeof     000000018000e031 f   node:node.exe
 0001:0000d03d       __imp_load_napi_define_class 000000018000e03d f   node:node.exe
 0001:0000d049       __imp_load_napi_get_value_int32 000000018000e049 f   node:node.exe
 0001:0000d055       __imp_load_napi_get_undefined 000000018000e055 f   node:node.exe
 0001:0000d061       __imp_load_napi_get_new_target 000000018000e061 f   node:node.exe
 0001:0000d06d       __imp_load_napi_get_cb_info 000000018000e06d f   node:node.exe
 0001:0000d079       __imp_load_napi_open_escapable_handle_scope 000000018000e079 f   node:node.exe
 0001:0000d085       __imp_load_napi_throw_type_error 000000018000e085 f   node:node.exe
 0001:0000d094       ??0bad_alloc@std@@QEAA@AEBV01@@Z 000000018000e094 f i libcpmt:xthrow.obj
 0001:0000d0d4       ??0bad_alloc@std@@QEAA@XZ  000000018000e0d4 f i libcpmt:xthrow.obj
 0001:0000d0f4       ??0exception@std@@QEAA@AEBV01@@Z 000000018000e0f4 f i libcpmt:xthrow.obj
 0001:0000d12c       ??0length_error@std@@QEAA@AEBV01@@Z 000000018000e12c f i libcpmt:xthrow.obj
 0001:0000d16c       ??0length_error@std@@QEAA@PEBD@Z 000000018000e16c f i libcpmt:xthrow.obj
 0001:0000d1b8       ??0logic_error@std@@QEAA@AEBV01@@Z 000000018000e1b8 f i libcpmt:xthrow.obj
 0001:0000d1f8       ??1bad_alloc@std@@UEAA@XZ  000000018000e1f8 f i libcpmt:xthrow.obj
 0001:0000d1f8       ??1bad_array_new_length@std@@UEAA@XZ 000000018000e1f8 f i LIBCMT:throw_bad_alloc.obj
 0001:0000d1f8       ??1length_error@std@@UEAA@XZ 000000018000e1f8 f i libcpmt:xthrow.obj
 0001:0000d20c       ??_Glogic_error@std@@UEAAPEAXI@Z 000000018000e20c f i libcpmt:xthrow.obj
 0001:0000d20c       ??_Ebad_array_new_length@std@@UEAAPEAXI@Z 000000018000e20c f i LIBCMT:throw_bad_alloc.obj
 0001:0000d20c       ??_Ebad_alloc@std@@UEAAPEAXI@Z 000000018000e20c f i libcpmt:xthrow.obj
 0001:0000d20c       ??_Elogic_error@std@@UEAAPEAXI@Z 000000018000e20c f i libcpmt:xthrow.obj
 0001:0000d20c       ??_Glength_error@std@@UEAAPEAXI@Z 000000018000e20c f i libcpmt:xthrow.obj
 0001:0000d20c       ??_Gexception@std@@UEAAPEAXI@Z 000000018000e20c f i libcpmt:xthrow.obj
 0001:0000d20c       ??_Gbad_alloc@std@@UEAAPEAXI@Z 000000018000e20c f i libcpmt:xthrow.obj
 0001:0000d20c       ??_Elength_error@std@@UEAAPEAXI@Z 000000018000e20c f i libcpmt:xthrow.obj
 0001:0000d20c       ??_Eexception@std@@UEAAPEAXI@Z 000000018000e20c f i libcpmt:xthrow.obj
 0001:0000d20c       ??_Gbad_array_new_length@std@@UEAAPEAXI@Z 000000018000e20c f i LIBCMT:throw_bad_alloc.obj
 0001:0000d250       ?_Xlength_error@std@@YAXPEBD@Z 000000018000e250 f   libcpmt:xthrow.obj
 0001:0000d274       ?what@exception@std@@UEBAPEBDXZ 000000018000e274 f i libcpmt:xthrow.obj
 0001:0000d2a0       __security_check_cookie    000000018000e2a0 f   LIBCMT:amdsecgs.obj
 0001:0000d2c4       ??2@YAPEAX_K@Z             000000018000e2c4 f   LIBCMT:new_scalar.obj
 0001:0000d300       ??3@YAXPEAX_K@Z            000000018000e300 f   LIBCMT:delete_scalar_size.obj
 0001:0000d300       ??_V@YAXPEAX@Z             000000018000e300 f   LIBCMT:delete_array.obj
 0001:0000d308       __scrt_acquire_startup_lock 000000018000e308 f   LIBCMT:utility.obj
 0001:0000d344       __scrt_dllmain_after_initialize_c 000000018000e344 f   LIBCMT:utility.obj
 0001:0000d378       __scrt_dllmain_before_initialize_c 000000018000e378 f   LIBCMT:utility.obj
 0001:0000d390       __scrt_dllmain_crt_thread_attach 000000018000e390 f   LIBCMT:utility.obj
 0001:0000d3b8       __scrt_dllmain_crt_thread_detach 000000018000e3b8 f   LIBCMT:utility.obj
 0001:0000d3d0       __scrt_dllmain_exception_filter 000000018000e3d0 f   LIBCMT:utility.obj
 0001:0000d430       __scrt_dllmain_uninitialize_c 000000018000e430 f   LIBCMT:utility.obj
 0001:0000d460       __scrt_dllmain_uninitialize_critical 000000018000e460 f   LIBCMT:utility.obj
 0001:0000d474       __scrt_initialize_crt      000000018000e474 f   LIBCMT:utility.obj
 0001:0000d4c0       __scrt_initialize_onexit_tables 000000018000e4c0 f   LIBCMT:utility.obj
 0001:0000d598       __scrt_is_nonwritable_in_current_image 000000018000e598 f   LIBCMT:utility.obj
 0001:0000d634       __scrt_release_startup_lock 000000018000e634 f   LIBCMT:utility.obj
 0001:0000d658       __scrt_uninitialize_crt    000000018000e658 f   LIBCMT:utility.obj
 0001:0000d684       _onexit                    000000018000e684 f   LIBCMT:utility.obj
 0001:0000d6d4       atexit                     000000018000e6d4 f   LIBCMT:utility.obj
 0001:0000d6ec       ??_U@YAPEAX_K@Z            000000018000e6ec f   LIBCMT:new_array.obj
 0001:0000da24       _DllMainCRTStartup         000000018000ea24 f   LIBCMT:dll_dllmain.obj
 0001:0000da64       ??_Etype_info@@UEAAPEAXI@Z 000000018000ea64 f i LIBCMT:std_type_info_static.obj
 0001:0000da64       ??_Gtype_info@@UEAAPEAXI@Z 000000018000ea64 f i LIBCMT:std_type_info_static.obj
 0001:0000da90       __raise_securityfailure    000000018000ea90 f   LIBCMT:gs_report.obj
 0001:0000dac4       __report_gsfailure         000000018000eac4 f   LIBCMT:gs_report.obj
 0001:0000db98       __report_rangecheckfailure 000000018000eb98 f   LIBCMT:gs_report.obj
 0001:0000dbac       __report_securityfailure   000000018000ebac f   LIBCMT:gs_report.obj
 0001:0000dd2c       ??0bad_array_new_length@std@@QEAA@AEBV01@@Z 000000018000ed2c f i LIBCMT:throw_bad_alloc.obj
 0001:0000dd6c       ??0bad_array_new_length@std@@QEAA@XZ 000000018000ed6c f i LIBCMT:throw_bad_alloc.obj
 0001:0000dd8c       ?__scrt_throw_std_bad_alloc@@YAXXZ 000000018000ed8c f   LIBCMT:throw_bad_alloc.obj
 0001:0000ddac       ?__scrt_throw_std_bad_array_new_length@@YAXXZ 000000018000edac f   LIBCMT:throw_bad_alloc.obj
 0001:0000ddcc       ??3@YAXPEAX@Z              000000018000edcc f   LIBCMT:delete_scalar.obj
 0001:0000ddd4       __isa_available_init       000000018000edd4 f   LIBCMT:cpu_disp.obj
 0001:0000df90       DllMain                    000000018000ef90 f   LIBCMT:dll_dllmain_stub.obj
 0001:0000df90       _get_startup_argv_mode     000000018000ef90 f   LIBCMT:argv_mode.obj
 0001:0000df98       __scrt_is_ucrt_dll_in_use  000000018000ef98 f   LIBCMT:ucrt_detection.obj
 0001:0000dfa4       __crt_debugger_hook        000000018000efa4 f   LIBCMT:utility_desktop.obj
 0001:0000dfac       __scrt_fastfail            000000018000efac f   LIBCMT:utility_desktop.obj
 0001:0000e0f8       _guard_check_icall_nop     000000018000f0f8 f i LIBCMT:guard_support.obj
 0001:0000e0fc       __security_init_cookie     000000018000f0fc f   LIBCMT:gs_support.obj
 0001:0000e1a8       ?__scrt_initialize_type_info@@YAXXZ 000000018000f1a8 f   LIBCMT:tncleanup.obj
 0001:0000e1b8       ?__scrt_uninitialize_type_info@@YAXXZ 000000018000f1b8 f   LIBCMT:tncleanup.obj
 0001:0000e1c4       __local_stdio_printf_options 000000018000f1c4 f i LIBCMT:default_local_stdio_options.obj
 0001:0000e1cc       __local_stdio_scanf_options 000000018000f1cc f i LIBCMT:default_local_stdio_options.obj
 0001:0000e1d4       __scrt_initialize_default_local_stdio_options 000000018000f1d4 f   LIBCMT:default_local_stdio_options.obj
 0001:0000e1f0       __scrt_get_dyn_tls_init_callback 000000018000f1f0 f   LIBCMT:dyn_tls_init.obj
 0001:0000e1f8       _RTC_Initialize            000000018000f1f8 f   LIBCMT:initsect.obj
 0001:0000e234       _RTC_Terminate             000000018000f234 f   LIBCMT:initsect.obj
 0001:0000e270       __std_exception_copy       000000018000f270 f   libvcruntime:std_exception.obj
 0001:0000e300       __std_exception_destroy    000000018000f300 f   libvcruntime:std_exception.obj
 0001:0000e328       _CxxThrowException         000000018000f328 f   libvcruntime:throw.obj
 0001:0000e3e8       __vcrt_initialize          000000018000f3e8 f   libvcruntime:initialization.obj
 0001:0000e41c       __vcrt_thread_attach       000000018000f41c f   libvcruntime:initialization.obj
 0001:0000e430       __vcrt_thread_detach       000000018000f430 f   libvcruntime:initialization.obj
 0001:0000e444       __vcrt_uninitialize        000000018000f444 f   libvcruntime:initialization.obj
 0001:0000e464       __vcrt_uninitialize_critical 000000018000f464 f   libvcruntime:initialization.obj
 0001:0000e474       __C_specific_handler       000000018000f474 f   libvcruntime:riscchandler.obj
 0001:0000e690       memset_repmovs             000000018000f690 f   libvcruntime:memset.obj
 0001:0000e6b0       memset                     000000018000f6b0 f   libvcruntime:memset.obj
 0001:0000e840       __std_type_info_destroy_list 000000018000f840 f   libvcruntime:std_type_info.obj
 0001:0000e86c       __vcrt_freefls             000000018000f86c f   libvcruntime:per_thread_data.obj
 0001:0000e88c       __vcrt_freeptd             000000018000f88c f   libvcruntime:per_thread_data.obj
 0001:0000e8dc       __vcrt_getptd_noexit       000000018000f8dc f   libvcruntime:per_thread_data.obj
 0001:0000e9a8       __vcrt_initialize_ptd      000000018000f9a8 f   libvcruntime:per_thread_data.obj
 0001:0000e9fc       __vcrt_uninitialize_ptd    000000018000f9fc f   libvcruntime:per_thread_data.obj
 0001:0000ea20       __vcrt_initialize_locks    000000018000fa20 f   libvcruntime:locks.obj
 0001:0000ea68       __vcrt_uninitialize_locks  000000018000fa68 f   libvcruntime:locks.obj
 0001:0000ec78       __vcrt_FlsAlloc            000000018000fc78 f   libvcruntime:winapi_downlevel.obj
 0001:0000ecc0       __vcrt_FlsFree             000000018000fcc0 f   libvcruntime:winapi_downlevel.obj
 0001:0000ed08       __vcrt_FlsGetValue         000000018000fd08 f   libvcruntime:winapi_downlevel.obj
 0001:0000ed50       __vcrt_FlsSetValue         000000018000fd50 f   libvcruntime:winapi_downlevel.obj
 0001:0000eda4       __vcrt_InitializeCriticalSectionEx 000000018000fda4 f   libvcruntime:winapi_downlevel.obj
 0001:0000ee08       __vcrt_initialize_winapi_thunks 000000018000fe08 f   libvcruntime:winapi_downlevel.obj
 0001:0000ee38       __vcrt_uninitialize_winapi_thunks 000000018000fe38 f   libvcruntime:winapi_downlevel.obj
 0001:0000ee78       __vcrt_initialize_pure_virtual_call_handler 000000018000fe78 f   libvcruntime:purevirt_data.obj
 0001:0000eea0       _NLG_Notify                000000018000fea0 f   libvcruntime:notify.obj
 0001:0000eec0       __NLG_Dispatch2            000000018000fec0 f   libvcruntime:notify.obj
 0001:0000eed0       __NLG_Return2              000000018000fed0 f   libvcruntime:notify.obj
 0001:0000eed4       __except_validate_context_record 000000018000fed4 f   libvcruntime:jbcxrval.obj
 0001:0000ef0c       __DestructExceptionObject  000000018000ff0c f   libvcruntime:ehhelpers.obj
 0001:0000ef80       ?_CallMemberFunction0@@YAXQEAX0@Z 000000018000ff80 f i libvcruntime:ehhelpers.obj
 0001:0000efa0       memcpy_repmovs             000000018000ffa0 f   libvcruntime:memcpy.obj
 0001:0000efc0       memcpy                     000000018000ffc0 f   libvcruntime:memcpy.obj
 0001:0000efc0       memmove                    000000018000ffc0 f   libvcruntime:memcpy.obj
 0001:0000f410       _CallSettingFrame          0000000180010410 f   libvcruntime:handlers.obj
 0001:0000f460       _CallSettingFrameEncoded   0000000180010460 f   libvcruntime:handlers.obj
 0001:0000f4a8       __acrt_call_reportfault    00000001800104a8 f   libucrt:invalid_parameter.obj
 0001:0000f604       __acrt_initialize_invalid_parameter_handler 0000000180010604 f   libucrt:invalid_parameter.obj
 0001:0000f60c       _invalid_parameter         000000018001060c f   libucrt:invalid_parameter.obj
 0001:0000f6bc       _invalid_parameter_noinfo  00000001800106bc f   libucrt:invalid_parameter.obj
 0001:0000f6dc       _invalid_parameter_noinfo_noreturn 00000001800106dc f   libucrt:invalid_parameter.obj
 0001:0000f70c       _invoke_watson             000000018001070c f   libucrt:invalid_parameter.obj
 0001:0000f754       ??0_LocaleUpdate@@QEAA@QEAU__crt_locale_pointers@@@Z 0000000180010754 f i libucrt:stricmp.obj
 0001:0000f7f0       __ascii_stricmp            00000001800107f0 f   libucrt:stricmp.obj
 0001:0000f830       _stricmp                   0000000180010830 f   libucrt:stricmp.obj
 0001:0000f878       _stricmp_l                 0000000180010878 f   libucrt:stricmp.obj
 0001:0000f92c       __acrt_initialize_new_handler 000000018001092c f   libucrt:new_handler.obj
 0001:0000f934       _callnewh                  0000000180010934 f   libucrt:new_handler.obj
 0001:0000f964       _query_new_handler         0000000180010964 f   libucrt:new_handler.obj
 0001:0000f998       malloc                     0000000180010998 f   libucrt:malloc.obj
 0001:0000f9a0       _seh_filter_dll            00000001800109a0 f   libucrt:exception_filter.obj
 0001:0000f9b4       _seh_filter_exe            00000001800109b4 f   libucrt:exception_filter.obj
 0001:0000fda4       __acrt_initialize_thread_local_exit_callback 0000000180010da4 f   libucrt:exit.obj
 0001:0000fdac       _cexit                     0000000180010dac f   libucrt:exit.obj
 0001:0000fdbc       _exit                      0000000180010dbc f   libucrt:exit.obj
 0001:0000fdc8       _is_c_termination_complete 0000000180010dc8 f   libucrt:exit.obj
 0001:0000ff94       __acrt_allocate_buffer_for_argv 0000000180010f94 f   libucrt:argv_parsing.obj
 0001:0000fff4       _configure_narrow_argv     0000000180010ff4 f   libucrt:argv_parsing.obj
 0001:0001036c       __dcrt_uninitialize_environments_nolock 000000018001136c f   libucrt:environment_initialization.obj
 0001:000103a4       _initialize_narrow_environment 00000001800113a4 f   libucrt:environment_initialization.obj
 0001:000106ec       _crt_atexit                00000001800116ec f   libucrt:onexit.obj
 0001:000106fc       _execute_onexit_table      00000001800116fc f   libucrt:onexit.obj
 0001:00010738       _initialize_onexit_table   0000000180011738 f   libucrt:onexit.obj
 0001:00010760       _register_onexit_function  0000000180011760 f   libucrt:onexit.obj
 0001:000107e0       __acrt_uninitialize_command_line 00000001800117e0 f   libucrt:argv_data.obj
 0001:000108d8       __acrt_initialize          00000001800118d8 f   libucrt:initialization.obj
 0001:000108ec       __acrt_thread_attach       00000001800118ec f   libucrt:initialization.obj
 0001:00010900       __acrt_thread_detach       0000000180011900 f   libucrt:initialization.obj
 0001:00010910       __acrt_uninitialize        0000000180011910 f   libucrt:initialization.obj
 0001:00010948       __acrt_uninitialize_critical 0000000180011948 f   libucrt:initialization.obj
 0001:00010958       _initterm                  0000000180011958 f   libucrt:initterm.obj
 0001:000109bc       _initterm_e                00000001800119bc f   libucrt:initterm.obj
 0001:000109fc       free                       00000001800119fc f   libucrt:free.obj
 0001:00010a10       terminate                  0000000180011a10 f   libucrt:terminate.obj
 0001:00010a30       strcpy_s                   0000000180011a30 f   libucrt:strcpy_s.obj
 0001:00010a90       abort                      0000000180011a90 f   libucrt:abort.obj
 0001:00010ae8       calloc                     0000000180011ae8 f   libucrt:calloc.obj
 0001:00010af0       wcsncmp                    0000000180011af0 f   libucrt:wcsncmp.obj
 0001:00010b30       strncmp                    0000000180011b30 f   libucrt:strncmp.obj
 0001:00010f28       __acrt_freeptd             0000000180011f28 f   libucrt:per_thread_data.obj
 0001:00010f6c       __acrt_getptd              0000000180011f6c f   libucrt:per_thread_data.obj
 0001:00011040       __acrt_getptd_head         0000000180012040 f   libucrt:per_thread_data.obj
 0001:000110e8       __acrt_getptd_noexit       00000001800120e8 f   libucrt:per_thread_data.obj
 0001:000111b4       __acrt_initialize_ptd      00000001800121b4 f   libucrt:per_thread_data.obj
 0001:000111f0       __acrt_uninitialize_ptd    00000001800121f0 f   libucrt:per_thread_data.obj
 0001:00011274       _tolower_l                 0000000180012274 f   libucrt:tolower_toupper.obj
 0001:000113b4       __acrt_errno_from_os_error 00000001800123b4 f   libucrt:errno.obj
 0001:000113fc       __acrt_errno_map_os_error  00000001800123fc f   libucrt:errno.obj
 0001:0001144c       __doserrno                 000000018001244c f   libucrt:errno.obj
 0001:0001146c       _errno                     000000018001246c f   libucrt:errno.obj
 0001:0001148c       __acrt_update_locale_info  000000018001248c f   libucrt:locale_update.obj
 0001:000114c0       __acrt_update_multibyte_info 00000001800124c0 f   libucrt:locale_update.obj
 0001:00011564       __acrt_set_locale_changed  0000000180012564 f   libucrt:wsetlocale.obj
 0001:00011570       __acrt_uninitialize_locale 0000000180012570 f   libucrt:wsetlocale.obj
 0001:000115a0       __acrt_initialize_locks    00000001800125a0 f   libucrt:locks.obj
 0001:000115e8       __acrt_lock                00000001800125e8 f   libucrt:locks.obj
 0001:00011604       __acrt_uninitialize_locks  0000000180012604 f   libucrt:locks.obj
 0001:0001163c       __acrt_unlock              000000018001263c f   libucrt:locks.obj
 0001:00011658       _malloc_base               0000000180012658 f   libucrt:malloc_base.obj
 0001:000116b8       __acrt_get_process_end_policy 00000001800126b8 f   libucrt:win_policies.obj
 0001:000116f4       _calloc_base               00000001800126f4 f   libucrt:calloc_base.obj
 0001:0001176c       _free_base                 000000018001276c f   libucrt:free_base.obj
 0001:000117c0       ??$__acrt_mbs_to_wcs_cp@U__crt_win32_buffer_internal_dynamic_resizing@@@@YAHQEBDAEAV?$__crt_win32_buffer@_WU__crt_win32_buffer_internal_dynamic_resizing@@@@I@Z 00000001800127c0 f i libucrt:argv_wildcards.obj
 0001:00011938       ??$__acrt_wcs_to_mbs_cp@U__crt_win32_buffer_internal_dynamic_resizing@@@@YAHQEB_WAEAV?$__crt_win32_buffer@DU__crt_win32_buffer_internal_dynamic_resizing@@@@I@Z 0000000180012938 f i libucrt:argv_wildcards.obj
 0001:00012168       __acrt_expand_narrow_argv_wildcards 0000000180013168 f   libucrt:argv_wildcards.obj
 0001:00012170       ??$__acrt_wcs_to_mbs_cp@U__crt_win32_buffer_no_resizing@@@@YAHQEB_WAEAV?$__crt_win32_buffer@DU__crt_win32_buffer_no_resizing@@@@I@Z 0000000180013170 f i libucrt:getmodulefilenamea.obj
 0001:00012284       __acrt_GetModuleFileNameA  0000000180013284 f   libucrt:getmodulefilenamea.obj
 0001:00012ad0       __acrt_initialize_multibyte 0000000180013ad0 f   libucrt:mbctype.obj
 0001:00012b30       __acrt_update_thread_multibyte_data 0000000180013b30 f   libucrt:mbctype.obj
 0001:00012b4c       _setmbcp_nolock            0000000180013b4c f   libucrt:mbctype.obj
 0001:00012e80       _ismbblead                 0000000180013e80 f   libucrt:ismbbyte.obj
 0001:00012e94       __acrt_initialize_command_line 0000000180013e94 f   libucrt:argv_data.obj
 0001:00012ebc       __acrt_MultiByteToWideChar 0000000180013ebc f   libucrt:multibytetowidechar.obj
 0001:00012f18       __acrt_WideCharToMultiByte 0000000180013f18 f   libucrt:widechartomultibyte.obj
 0001:00012fb0       __dcrt_get_narrow_environment_from_os 0000000180013fb0 f   libucrt:get_environment_from_os.obj
 0001:000130b4       _recalloc_base             00000001800140b4 f   libucrt:recalloc.obj
 0001:00013324       __acrt_AppPolicyGetProcessTerminationMethodInternal 0000000180014324 f   libucrt:winapi_thunks.obj
 0001:00013374       __acrt_AreFileApisANSI     0000000180014374 f   libucrt:winapi_thunks.obj
 0001:000133b0       __acrt_FlsAlloc            00000001800143b0 f   libucrt:winapi_thunks.obj
 0001:000133f8       __acrt_FlsFree             00000001800143f8 f   libucrt:winapi_thunks.obj
 0001:00013440       __acrt_FlsGetValue         0000000180014440 f   libucrt:winapi_thunks.obj
 0001:00013488       __acrt_FlsSetValue         0000000180014488 f   libucrt:winapi_thunks.obj
 0001:000134dc       __acrt_InitializeCriticalSectionEx 00000001800144dc f   libucrt:winapi_thunks.obj
 0001:00013540       __acrt_LCMapStringEx       0000000180014540 f   libucrt:winapi_thunks.obj
 0001:0001361c       __acrt_LocaleNameToLCID    000000018001461c f   libucrt:winapi_thunks.obj
 0001:0001366c       __acrt_initialize_winapi_thunks 000000018001466c f   libucrt:winapi_thunks.obj
 0001:000136a0       __acrt_uninitialize_winapi_thunks 00000001800146a0 f   libucrt:winapi_thunks.obj
 0001:000136e4       __acrt_initialize_heap     00000001800146e4 f   libucrt:heap_handle.obj
 0001:00013700       __acrt_uninitialize_heap   0000000180014700 f   libucrt:heap_handle.obj
 0001:00013908       __acrt_initialize_lowio    0000000180014908 f   libucrt:ioinit.obj
 0001:00013944       __acrt_uninitialize_lowio  0000000180014944 f   libucrt:ioinit.obj
 0001:00013984       __acrt_execute_initializers 0000000180014984 f   libucrt:shared_initialization.obj
 0001:00013a04       __acrt_execute_uninitializers 0000000180014a04 f   libucrt:shared_initialization.obj
 0001:00013a88       __acrt_get_sigabrt_handler 0000000180014a88 f   libucrt:signal.obj
 0001:00013ab8       __acrt_initialize_signal_handlers 0000000180014ab8 f   libucrt:signal.obj
 0001:00013ad8       raise                      0000000180014ad8 f   libucrt:signal.obj
 0001:00013d44       __acrt_has_user_matherr    0000000180014d44 f   libucrt:matherr.obj
 0001:00013d64       __acrt_initialize_user_matherr 0000000180014d64 f   libucrt:matherr.obj
 0001:00013d6c       __acrt_invoke_user_matherr 0000000180014d6c f   libucrt:matherr.obj
 0001:00013f78       __acrt_stdio_flush_nolock  0000000180014f78 f   libucrt:fflush.obj
 0001:00013ff4       _fflush_nolock             0000000180014ff4 f   libucrt:fflush.obj
 0001:00014040       _flushall                  0000000180015040 f   libucrt:fflush.obj
 0001:00014048       __acrt_initialize_stdio    0000000180015048 f   libucrt:_file.obj
 0001:00014168       __acrt_uninitialize_stdio  0000000180015168 f   libucrt:_file.obj
 0001:000141c4       _lock_file                 00000001800151c4 f   libucrt:_file.obj
 0001:000141d0       _unlock_file               00000001800151d0 f   libucrt:_file.obj
 0001:000141dc       _mbtowc_l                  00000001800151dc f   libucrt:mbtowc.obj
 0001:00014358       mbtowc                     0000000180015358 f   libucrt:mbtowc.obj
 0001:00014360       _fileno                    0000000180015360 f   libucrt:fileno.obj
 0001:00014388       __pctype_func              0000000180015388 f   libucrt:ctype.obj
 0001:000143b8       _isctype_l                 00000001800153b8 f   libucrt:isctype.obj
 0001:000144c8       __acrt_add_locale_ref      00000001800154c8 f   libucrt:locale_refcounting.obj
 0001:00014554       __acrt_free_locale         0000000180015554 f   libucrt:locale_refcounting.obj
 0001:000146cc       __acrt_locale_add_lc_time_reference 00000001800156cc f   libucrt:locale_refcounting.obj
 0001:000146f4       __acrt_locale_free_lc_time_if_unreferenced 00000001800156f4 f   libucrt:locale_refcounting.obj
 0001:0001472c       __acrt_locale_release_lc_time_reference 000000018001572c f   libucrt:locale_refcounting.obj
 0001:00014754       __acrt_release_locale_ref  0000000180015754 f   libucrt:locale_refcounting.obj
 0001:000147fc       __acrt_update_thread_locale_data 00000001800157fc f   libucrt:locale_refcounting.obj
 0001:0001486c       _updatetlocinfoEx_nolock   000000018001586c f   libucrt:locale_refcounting.obj
 0001:000148d4       _isleadbyte_l              00000001800158d4 f i libucrt:_wctype.obj
 0001:00014c38       __acrt_LCMapStringA        0000000180015c38 f   libucrt:lcmapstringa.obj
 0001:00014cd0       __acrt_locale_free_monetary 0000000180015cd0 f   libucrt:initmon.obj
 0001:00014ddc       __acrt_locale_free_numeric 0000000180015ddc f   libucrt:initnum.obj
 0001:00014ea0       __acrt_locale_free_time    0000000180015ea0 f   libucrt:inittime.obj
 0001:00014fa8       __acrt_GetStringTypeA      0000000180015fa8 f   libucrt:getstringtypea.obj
 0001:00015138       _query_new_mode            0000000180016138 f   libucrt:new_mode.obj
 0001:00015140       qsort                      0000000180016140 f   libucrt:qsort.obj
 0001:00015500       strncpy_s                  0000000180016500 f   libucrt:strncpy_s.obj
 0001:00015680       strpbrk                    0000000180016680 f   libucrt:strpbrk.obj
 0001:00015a60       _mbsdec                    0000000180016a60 f   libucrt:mbsdec.obj
 0001:00015a68       _mbsdec_l                  0000000180016a68 f   libucrt:mbsdec.obj
 0001:00015b14       _msize_base                0000000180016b14 f   libucrt:msize.obj
 0001:00015b50       _realloc_base              0000000180016b50 f   libucrt:realloc_base.obj
 0001:00015cb4       __acrt_DownlevelLocaleNameToLCID 0000000180016cb4 f   libucrt:lcidtoname_downlevel.obj
 0001:00015ce8       __acrt_lowio_create_handle_array 0000000180016ce8 f   libucrt:osfinfo.obj
 0001:00015d90       __acrt_lowio_destroy_handle_array 0000000180016d90 f   libucrt:osfinfo.obj
 0001:00015de0       __acrt_lowio_ensure_fh_exists 0000000180016de0 f   libucrt:osfinfo.obj
 0001:00015e88       __acrt_lowio_lock_fh       0000000180016e88 f   libucrt:osfinfo.obj
 0001:00015eb0       __acrt_lowio_unlock_fh     0000000180016eb0 f   libucrt:osfinfo.obj
 0001:00015ed8       _free_osfhnd               0000000180016ed8 f   libucrt:osfinfo.obj
 0001:00015f94       _get_osfhandle             0000000180016f94 f   libucrt:osfinfo.obj
 0001:00016098       _commit                    0000000180017098 f   libucrt:commit.obj
 0001:00016998       _write                     0000000180017998 f   libucrt:write.obj
 0001:00016a84       _write_nolock              0000000180017a84 f   libucrt:write.obj
 0001:00016d60       _fcloseall                 0000000180017d60 f   libucrt:closeall.obj
 0001:00016e14       __acrt_stdio_free_buffer_nolock 0000000180017e14 f   libucrt:_freebuf.obj
 0001:00016e54       _isatty                    0000000180017e54 f   libucrt:isatty.obj
 0001:00016eb4       ?__mbrtowc_utf8@__crt_mbstring@@YA_KPEA_WPEBD_KPEAU_Mbstatet@@@Z 0000000180017eb4 f   libucrt:mbrtowc.obj
 0001:00016ef0       ?__mbsrtowcs_utf8@__crt_mbstring@@YA_KPEA_WPEAPEBD_KPEAU_Mbstatet@@@Z 0000000180017ef0 f   libucrt:mbrtowc.obj
 0001:00017068       __strncnt                  0000000180018068 f   libucrt:strncnt.obj
 0001:00017080       _query_app_type            0000000180018080 f   libucrt:report_runtime_error.obj
 0001:00017124       _lseeki64_nolock           0000000180018124 f   libucrt:lseek.obj
 0001:0001712c       _putwch_nolock             000000018001812c f   libucrt:putwch.obj
 0001:00017168       _fclose_nolock             0000000180018168 f   libucrt:fclose.obj
 0001:000171ec       fclose                     00000001800181ec f   libucrt:fclose.obj
 0001:00017250       ?__mbrtoc32_utf8@__crt_mbstring@@YA_KPEA_UPEBD_KPEAU_Mbstatet@@@Z 0000000180018250 f   libucrt:mbrtoc32.obj
 0001:00017430       log10                      0000000180018430 f   libucrt:log10.obj
 0001:000179dc       __dcrt_lowio_ensure_console_output_initialized 00000001800189dc f   libucrt:initcon.obj
 0001:00017a30       __dcrt_terminate_console_output 0000000180018a30 f   libucrt:initcon.obj
 0001:00017a4c       __dcrt_write_console       0000000180018a4c f   libucrt:initcon.obj
 0001:00017b80       _close                     0000000180018b80 f   libucrt:close.obj
 0001:00017c24       _close_nolock              0000000180018c24 f   libucrt:close.obj
 0001:00017ce4       ?__acrt_stdio_free_stream@@YAXV__crt_stdio_stream@@@Z 0000000180018ce4 f   libucrt:stream.obj
 0001:00017e24       _handle_error              0000000180018e24 f   libucrt:libm_error.obj
 0001:00017f50       __acrt_initialize_fma3     0000000180018f50 f   libucrt:fma3_available.obj
 0001:00017fc0       _log10_special             0000000180018fc0 f   libucrt:log_special.obj
 0001:00018090       _get_fpsr                  0000000180019090 f   libucrt:fpsr.obj
 0001:000180a0       _set_fpsr                  00000001800190a0 f   libucrt:fpsr.obj
 0001:000180aa       _fclrf                     00000001800190aa f   libucrt:fpsr.obj
 0001:000180be       _frnd                      00000001800190be f   libucrt:fpsr.obj
 0001:000180e0       _raise_exc                 00000001800190e0 f   libucrt:fpexcept.obj
 0001:00018108       _raise_exc_ex              0000000180019108 f   libucrt:fpexcept.obj
 0001:00018418       _set_errno_from_matherr    0000000180019418 f   libucrt:fpexcept.obj
 0001:00018448       _clrfp                     0000000180019448 f   libucrt:fpctrl.obj
 0001:00018468       _ctrlfp                    0000000180019468 f   libucrt:fpctrl.obj
 0001:000184e4       _set_statfp                00000001800194e4 f   libucrt:fpctrl.obj
 0001:00018504       _statfp                    0000000180019504 f   libucrt:fpctrl.obj
 0001:00018515       IsProcessorFeaturePresent  0000000180019515 f   kernel32:KERNEL32.dll
 0001:0001851c       ?DloadAcquireSectionWriteAccess@@YAXXZ 000000018001951c f i DelayImp:delayhlp.obj
 0001:000185c8       ?DloadGetSRWLockFunctionPointers@@YAEXZ 00000001800195c8 f i DelayImp:delayhlp.obj
 0001:00018664       ?DloadMakePermanentImageCommit@@YAXPEAX_K@Z 0000000180019664 f i DelayImp:delayhlp.obj
 0001:000186fc       ?DloadObtainSection@@YAPEAXPEAK0@Z 00000001800196fc f i DelayImp:delayhlp.obj
 0001:00018798       ?DloadProtectSection@@YAXKPEAK@Z 0000000180019798 f i DelayImp:delayhlp.obj
 0001:00018828       ?DloadReleaseSectionWriteAccess@@YAXXZ 0000000180019828 f i DelayImp:delayhlp.obj
 0001:000188bc       __delayLoadHelper2         00000001800198bc f   DelayImp:delayhlp.obj
 0001:00018b80       _FindPESection             0000000180019b80 f   LIBCMT:pesect.obj
 0001:00018bd0       _IsNonwritableInCurrentImage 0000000180019bd0 f   LIBCMT:pesect.obj
 0001:00018c20       _ValidateImageBase         0000000180019c20 f   LIBCMT:pesect.obj
 0001:00018c50       __GSHandlerCheck           0000000180019c50 f   LIBCMT:gshandler.obj
 0001:00018c70       __GSHandlerCheckCommon     0000000180019c70 f   LIBCMT:gshandler.obj
 0001:00018ce0       _alloca_probe              0000000180019ce0 f   LIBCMT:chkstk.obj
 0001:00018ce0       __chkstk                   0000000180019ce0 f   LIBCMT:chkstk.obj
 0001:00018d50       memcmp                     0000000180019d50 f   libvcruntime:memcmp.obj
 0001:00018e30       memchr                     0000000180019e30 f   libvcruntime:memchr.obj
 0001:00018eb0       _guard_dispatch_icall_nop  0000000180019eb0 f   LIBCMT:guard_dispatch.obj
 0002:00000000       __imp_GetModuleHandleA     000000018001b000     kernel32:KERNEL32.dll
 0002:00000008       __imp_LoadLibraryExA       000000018001b008     kernel32:KERNEL32.dll
 0002:00000010       __imp_RtlCaptureContext    000000018001b010     kernel32:KERNEL32.dll
 0002:00000018       __imp_RtlLookupFunctionEntry 000000018001b018     kernel32:KERNEL32.dll
 0002:00000020       __imp_RtlVirtualUnwind     000000018001b020     kernel32:KERNEL32.dll
 0002:00000028       __imp_UnhandledExceptionFilter 000000018001b028     kernel32:KERNEL32.dll
 0002:00000030       __imp_SetUnhandledExceptionFilter 000000018001b030     kernel32:KERNEL32.dll
 0002:00000038       __imp_GetCurrentProcess    000000018001b038     kernel32:KERNEL32.dll
 0002:00000040       __imp_TerminateProcess     000000018001b040     kernel32:KERNEL32.dll
 0002:00000048       __imp_IsProcessorFeaturePresent 000000018001b048     kernel32:KERNEL32.dll
 0002:00000050       __imp_IsDebuggerPresent    000000018001b050     kernel32:KERNEL32.dll
 0002:00000058       __imp_GetStartupInfoW      000000018001b058     kernel32:KERNEL32.dll
 0002:00000060       __imp_GetModuleHandleW     000000018001b060     kernel32:KERNEL32.dll
 0002:00000068       __imp_QueryPerformanceCounter 000000018001b068     kernel32:KERNEL32.dll
 0002:00000070       __imp_GetCurrentProcessId  000000018001b070     kernel32:KERNEL32.dll
 0002:00000078       __imp_GetCurrentThreadId   000000018001b078     kernel32:KERNEL32.dll
 0002:00000080       __imp_GetSystemTimeAsFileTime 000000018001b080     kernel32:KERNEL32.dll
 0002:00000088       __imp_InitializeSListHead  000000018001b088     kernel32:KERNEL32.dll
 0002:00000090       __imp_RtlPcToFileHeader    000000018001b090     kernel32:KERNEL32.dll
 0002:00000098       __imp_RaiseException       000000018001b098     kernel32:KERNEL32.dll
 0002:000000a0       __imp_RtlUnwindEx          000000018001b0a0     kernel32:KERNEL32.dll
 0002:000000a8       __imp_InterlockedFlushSList 000000018001b0a8     kernel32:KERNEL32.dll
 0002:000000b0       __imp_GetLastError         000000018001b0b0     kernel32:KERNEL32.dll
 0002:000000b8       __imp_SetLastError         000000018001b0b8     kernel32:KERNEL32.dll
 0002:000000c0       __imp_EnterCriticalSection 000000018001b0c0     kernel32:KERNEL32.dll
 0002:000000c8       __imp_LeaveCriticalSection 000000018001b0c8     kernel32:KERNEL32.dll
 0002:000000d0       __imp_DeleteCriticalSection 000000018001b0d0     kernel32:KERNEL32.dll
 0002:000000d8       __imp_InitializeCriticalSectionAndSpinCount 000000018001b0d8     kernel32:KERNEL32.dll
 0002:000000e0       __imp_TlsAlloc             000000018001b0e0     kernel32:KERNEL32.dll
 0002:000000e8       __imp_TlsGetValue          000000018001b0e8     kernel32:KERNEL32.dll
 0002:000000f0       __imp_TlsSetValue          000000018001b0f0     kernel32:KERNEL32.dll
 0002:000000f8       __imp_TlsFree              000000018001b0f8     kernel32:KERNEL32.dll
 0002:00000100       __imp_FreeLibrary          000000018001b100     kernel32:KERNEL32.dll
 0002:00000108       __imp_GetProcAddress       000000018001b108     kernel32:KERNEL32.dll
 0002:00000110       __imp_LoadLibraryExW       000000018001b110     kernel32:KERNEL32.dll
 0002:00000118       __imp_ExitProcess          000000018001b118     kernel32:KERNEL32.dll
 0002:00000120       __imp_GetModuleHandleExW   000000018001b120     kernel32:KERNEL32.dll
 0002:00000128       __imp_GetModuleFileNameW   000000018001b128     kernel32:KERNEL32.dll
 0002:00000130       __imp_HeapAlloc            000000018001b130     kernel32:KERNEL32.dll
 0002:00000138       __imp_HeapFree             000000018001b138     kernel32:KERNEL32.dll
 0002:00000140       __imp_FindClose            000000018001b140     kernel32:KERNEL32.dll
 0002:00000148       __imp_FindFirstFileExW     000000018001b148     kernel32:KERNEL32.dll
 0002:00000150       __imp_FindNextFileW        000000018001b150     kernel32:KERNEL32.dll
 0002:00000158       __imp_IsValidCodePage      000000018001b158     kernel32:KERNEL32.dll
 0002:00000160       __imp_GetACP               000000018001b160     kernel32:KERNEL32.dll
 0002:00000168       __imp_GetOEMCP             000000018001b168     kernel32:KERNEL32.dll
 0002:00000170       __imp_GetCPInfo            000000018001b170     kernel32:KERNEL32.dll
 0002:00000178       __imp_GetCommandLineA      000000018001b178     kernel32:KERNEL32.dll
 0002:00000180       __imp_GetCommandLineW      000000018001b180     kernel32:KERNEL32.dll
 0002:00000188       __imp_MultiByteToWideChar  000000018001b188     kernel32:KERNEL32.dll
 0002:00000190       __imp_WideCharToMultiByte  000000018001b190     kernel32:KERNEL32.dll
 0002:00000198       __imp_GetEnvironmentStringsW 000000018001b198     kernel32:KERNEL32.dll
 0002:000001a0       __imp_FreeEnvironmentStringsW 000000018001b1a0     kernel32:KERNEL32.dll
 0002:000001a8       __imp_LCMapStringW         000000018001b1a8     kernel32:KERNEL32.dll
 0002:000001b0       __imp_GetProcessHeap       000000018001b1b0     kernel32:KERNEL32.dll
 0002:000001b8       __imp_GetStdHandle         000000018001b1b8     kernel32:KERNEL32.dll
 0002:000001c0       __imp_GetFileType          000000018001b1c0     kernel32:KERNEL32.dll
 0002:000001c8       __imp_GetStringTypeW       000000018001b1c8     kernel32:KERNEL32.dll
 0002:000001d0       __imp_HeapSize             000000018001b1d0     kernel32:KERNEL32.dll
 0002:000001d8       __imp_HeapReAlloc          000000018001b1d8     kernel32:KERNEL32.dll
 0002:000001e0       __imp_SetStdHandle         000000018001b1e0     kernel32:KERNEL32.dll
 0002:000001e8       __imp_FlushFileBuffers     000000018001b1e8     kernel32:KERNEL32.dll
 0002:000001f0       __imp_WriteFile            000000018001b1f0     kernel32:KERNEL32.dll
 0002:000001f8       __imp_GetConsoleCP         000000018001b1f8     kernel32:KERNEL32.dll
 0002:00000200       __imp_GetConsoleMode       000000018001b200     kernel32:KERNEL32.dll
 0002:00000208       __imp_SetFilePointerEx     000000018001b208     kernel32:KERNEL32.dll
 0002:00000210       __imp_CreateFileW          000000018001b210     kernel32:KERNEL32.dll
 0002:00000218       __imp_CloseHandle          000000018001b218     kernel32:KERNEL32.dll
 0002:00000220       __imp_WriteConsoleW        000000018001b220     kernel32:KERNEL32.dll
 0002:00000228       __imp_GetSystemInfo        000000018001b228     kernel32:KERNEL32.dll
 0002:00000230       __imp_VirtualProtect       000000018001b230     kernel32:KERNEL32.dll
 0002:00000238       __imp_VirtualQuery         000000018001b238     kernel32:KERNEL32.dll
 0002:00000240       \177KERNEL32_NULL_THUNK_DATA 000000018001b240     kernel32:KERNEL32.dll
 0002:00000248       __guard_check_icall_fptr   000000018001b248     LIBCMT:guard_support.obj
 0002:00000250       __guard_dispatch_icall_fptr 000000018001b250     LIBCMT:guard_support.obj
 0002:00000258       __xc_a                     000000018001b258     LIBCMT:initializers.obj
 0002:00000268       _register_utils_           000000018001b268     main.obj
 0002:00000270       __xc_z                     000000018001b270     LIBCMT:initializers.obj
 0002:00000278       __xi_a                     000000018001b278     LIBCMT:initializers.obj
 0002:00000280       __acrt_multibyte_initializer 000000018001b280     libucrt:multibyte_initializer.obj
 0002:00000288       __acrt_stdio_initializer   000000018001b288     libucrt:stdio_initializer.obj
 0002:00000290       __acrt_tran_fma3_initializer 000000018001b290     libucrt:fma3_initializer.obj
 0002:00000298       __xi_z                     000000018001b298     LIBCMT:initializers.obj
 0002:000002a0       __xp_a                     000000018001b2a0     LIBCMT:initializers.obj
 0002:000002a8       __acrt_locale_terminator   000000018001b2a8     libucrt:locale_initializer.obj
 0002:000002b0       __dcrt_console_output_terminator 000000018001b2b0     libucrt:console_output_initializer.obj
 0002:000002b8       __acrt_stdio_terminator    000000018001b2b8     libucrt:stdio_initializer.obj
 0002:000002c0       __xp_z                     000000018001b2c0     LIBCMT:initializers.obj
 0002:000002c8       __xt_a                     000000018001b2c8     LIBCMT:initializers.obj
 0002:000002d0       __xt_z                     000000018001b2d0     LIBCMT:initializers.obj
 0002:000002e0       __sz_node_exe              000000018001b2e0     node:node.exe
 0002:000002f8       ??_7exception@std@@6B@     000000018001b2f8     libcpmt:xthrow.obj
 0002:00000308       ??_C@_0BC@EOODALEL@Unknown?5exception@ 000000018001b308     libcpmt:xthrow.obj
 0002:00000328       ??_7bad_alloc@std@@6B@     000000018001b328     libcpmt:xthrow.obj
 0002:00000338       ??_C@_0P@GHFPNOJB@bad?5allocation@ 000000018001b338     libcpmt:xthrow.obj
 0002:00000350       ??_7logic_error@std@@6B@   000000018001b350     libcpmt:xthrow.obj
 0002:00000368       ??_7length_error@std@@6B@  000000018001b368     libcpmt:xthrow.obj
 0002:00000378       _pRawDllMain               000000018001b378     LIBCMT:dll_dllmain.obj
 0002:00000378       _pDefaultRawDllMain        000000018001b378     LIBCMT:dll_dllmain.obj
 0002:00000388       ??_7type_info@@6B@         000000018001b388     LIBCMT:std_type_info_static.obj
 0002:000003a8       ??_7bad_array_new_length@std@@6B@ 000000018001b3a8     LIBCMT:throw_bad_alloc.obj
 0002:000003b8       ??_C@_0BF@KINCDENJ@bad?5array?5new?5length@ 000000018001b3b8     LIBCMT:throw_bad_alloc.obj
 0002:00000428       ??_C@_1DM@KHCHBNEB@?$AAa?$AAp?$AAi?$AA?9?$AAm?$AAs?$AA?9?$AAw?$AAi?$AAn?$AA?9?$AAc?$AAo?$AAr?$AAe@ 000000018001b428     libvcruntime:winapi_downlevel.obj
 0002:00000468       ??_C@_1DK@LPPGFMPP@?$AAa?$AAp?$AAi?$AA?9?$AAm?$AAs?$AA?9?$AAw?$AAi?$AAn?$AA?9?$AAc?$AAo?$AAr?$AAe@ 000000018001b468     libvcruntime:winapi_downlevel.obj
 0002:000004a8       ??_C@_1BC@GDMECMAK@?$AAk?$AAe?$AAr?$AAn?$AAe?$AAl?$AA3?$AA2@ 000000018001b4a8     libvcruntime:winapi_downlevel.obj
 0002:000004c0       ??_C@_1BA@PFFKHIOG@?$AAa?$AAp?$AAi?$AA?9?$AAm?$AAs?$AA?9@ 000000018001b4c0     libvcruntime:winapi_downlevel.obj
 0002:000004d0       ??_C@_1BA@IAIFMGEF@?$AAe?$AAx?$AAt?$AA?9?$AAm?$AAs?$AA?9@ 000000018001b4d0     libvcruntime:winapi_downlevel.obj
 0002:000004e8       ??_C@_08KNHFBNJ@FlsAlloc@  000000018001b4e8     libvcruntime:winapi_downlevel.obj
 0002:00000500       ??_C@_07PEJMOBNF@FlsFree@  000000018001b500     libvcruntime:winapi_downlevel.obj
 0002:00000510       ??_C@_0M@GDNOONDI@FlsGetValue@ 000000018001b510     libvcruntime:winapi_downlevel.obj
 0002:00000528       ??_C@_0M@JCPCPOEF@FlsSetValue@ 000000018001b528     libvcruntime:winapi_downlevel.obj
 0002:00000540       ??_C@_0BM@HCFOFFN@InitializeCriticalSectionEx@ 000000018001b540     libvcruntime:winapi_downlevel.obj
 0002:00000560       _pDestructExceptionObject  000000018001b560     libvcruntime:ehhelpers.obj
 0002:000008a8       ??_C@_08EHJDFFNH@__based?$CI@ 000000018001b8a8     libvcruntime:undname.obj
 0002:000008b8       ??_C@_07KOLFKCDI@__cdecl@  000000018001b8b8     libvcruntime:undname.obj
 0002:000008c0       ??_C@_08GHMPAG@__pascal@   000000018001b8c0     libvcruntime:undname.obj
 0002:000008d0       ??_C@_09IFJBGAPI@__stdcall@ 000000018001b8d0     libvcruntime:undname.obj
 0002:000008e0       ??_C@_0L@NPHFGOKO@__thiscall@ 000000018001b8e0     libvcruntime:undname.obj
 0002:000008f0       ??_C@_0L@JMKHOMEK@__fastcall@ 000000018001b8f0     libvcruntime:undname.obj
 0002:00000900       ??_C@_0N@BCKKPABJ@__vectorcall@ 000000018001b900     libvcruntime:undname.obj
 0002:00000910       ??_C@_09HIJEGCPM@__clrcall@ 000000018001b910     libvcruntime:undname.obj
 0002:0000091c       ??_C@_06GHPCKEAG@__eabi@   000000018001b91c     libvcruntime:undname.obj
 0002:00000928       ??_C@_09IOPIDJLG@__swift_1@ 000000018001b928     libvcruntime:undname.obj
 0002:00000938       ??_C@_09KFNFGKHF@__swift_2@ 000000018001b938     libvcruntime:undname.obj
 0002:00000948       ??_C@_07JOMMBBKO@__ptr64@  000000018001b948     libvcruntime:undname.obj
 0002:00000950       ??_C@_0L@PILCLIHE@__restrict@ 000000018001b950     libvcruntime:undname.obj
 0002:00000960       ??_C@_0M@GFIIJFMG@__unaligned@ 000000018001b960     libvcruntime:undname.obj
 0002:00000970       ??_C@_09DHDLOLLB@restrict?$CI@ 000000018001b970     libvcruntime:undname.obj
 0002:0000097c       ??_C@_04NIHEBCM@?5new@     000000018001b97c     libvcruntime:undname.obj
 0002:00000988       ??_C@_07FPCDHGMM@?5delete@ 000000018001b988     libvcruntime:undname.obj
 0002:00000990       ??_C@_01NEMOKFLO@?$DN@     000000018001b990     libvcruntime:undname.obj
 0002:00000994       ??_C@_02GPIOPFAK@?$DO?$DO@ 000000018001b994     libvcruntime:undname.obj
 0002:00000998       ??_C@_02FODMEDOG@?$DM?$DM@ 000000018001b998     libvcruntime:undname.obj
 0002:0000099c       ??_C@_01DCLJPIOD@?$CB@     000000018001b99c     libvcruntime:undname.obj
 0002:000009a0       ??_C@_02EGOFBIJA@?$DN?$DN@ 000000018001b9a0     libvcruntime:undname.obj
 0002:000009a4       ??_C@_02FDNJECIE@?$CB?$DN@ 000000018001b9a4     libvcruntime:undname.obj
 0002:000009a8       ??_C@_02GPECMEKF@?$FL?$FN@ 000000018001b9a8     libvcruntime:undname.obj
 0002:000009b0       ??_C@_08LHJFAFGD@operator@ 000000018001b9b0     libvcruntime:undname.obj
 0002:000009bc       ??_C@_02HBOOOICD@?9?$DO@   000000018001b9bc     libvcruntime:undname.obj
 0002:000009c0       ??_C@_01NBENCBCI@?$CK@     000000018001b9c0     libvcruntime:undname.obj
 0002:000009c4       ??_C@_02ECNGHCIF@?$CL?$CL@ 000000018001b9c4     libvcruntime:undname.obj
 0002:000009c8       ??_C@_02BAABKJLB@?9?9@     000000018001b9c8     libvcruntime:undname.obj
 0002:000009cc       ??_C@_01JOAMLHOP@?9@       000000018001b9cc     libvcruntime:undname.obj
 0002:000009d0       ??_C@_01MIFGBAGJ@?$CL@     000000018001b9d0     libvcruntime:undname.obj
 0002:000009d4       ??_C@_01HNPIGOCE@?$CG@     000000018001b9d4     libvcruntime:undname.obj
 0002:000009d8       ??_C@_03MNHNFDLC@?9?$DO?$CK@ 000000018001b9d8     libvcruntime:undname.obj
 0002:000009dc       ??_C@_01KMDKNFGN@?1@       000000018001b9dc     libvcruntime:undname.obj
 0002:000009e0       ??_C@_01FGNFDNOH@?$CF@     000000018001b9e0     libvcruntime:undname.obj
 0002:000009e4       ??_C@_01MNNFJEPP@?$DM@     000000018001b9e4     libvcruntime:undname.obj
 0002:000009e8       ??_C@_02EHCHHCKH@?$DM?$DN@ 000000018001b9e8     libvcruntime:undname.obj
 0002:000009ec       ??_C@_01PPODPGHN@?$DO@     000000018001b9ec     libvcruntime:undname.obj
 0002:000009f0       ??_C@_02EEKDKGMJ@?$DO?$DN@ 000000018001b9f0     libvcruntime:undname.obj
 0002:000009f4       ??_C@_01IHBHIGKO@?0@       000000018001b9f4     libvcruntime:undname.obj
 0002:000009f8       ??_C@_02HCKGKOFO@?$CI?$CJ@ 000000018001b9f8     libvcruntime:undname.obj
 0002:000009fc       ??_C@_01PJKLJHI@?$HO@      000000018001b9fc     libvcruntime:undname.obj
 0002:00000a00       ??_C@_01JKBOJNNK@?$FO@     000000018001ba00     libvcruntime:undname.obj
 0002:00000a04       ??_C@_01DNKMNLPK@?$HM@     000000018001ba04     libvcruntime:undname.obj
 0002:00000a08       ??_C@_02PPKAJPJL@?$CG?$CG@ 000000018001ba08     libvcruntime:undname.obj
 0002:00000a0c       ??_C@_02NONPIBCD@?$HM?$HM@ 000000018001ba0c     libvcruntime:undname.obj
 0002:00000a10       ??_C@_02FPIMKNGF@?$CK?$DN@ 000000018001ba10     libvcruntime:undname.obj
 0002:00000a14       ??_C@_02FOEOMHFC@?$CL?$DN@ 000000018001ba14     libvcruntime:undname.obj
 0002:00000a18       ??_C@_02FKMDLLOA@?9?$DN@   000000018001ba18     libvcruntime:undname.obj
 0002:00000a1c       ??_C@_02FJEHGPIO@?1?$DN@   000000018001ba1c     libvcruntime:undname.obj
 0002:00000a20       ??_C@_02FENAOKFI@?$CF?$DN@ 000000018001ba20     libvcruntime:undname.obj
 0002:00000a24       ??_C@_03IKFCCPFF@?$DO?$DO?$DN@ 000000018001ba24     libvcruntime:undname.obj
 0002:00000a28       ??_C@_03CDNPDDLA@?$DM?$DM?$DN@ 000000018001ba28     libvcruntime:undname.obj
 0002:00000a2c       ??_C@_02FGJGFEAB@?$CG?$DN@ 000000018001ba2c     libvcruntime:undname.obj
 0002:00000a30       ??_C@_02DHLNPPGH@?$HM?$DN@ 000000018001ba30     libvcruntime:undname.obj
 0002:00000a34       ??_C@_02MHEGNOJ@?$FO?$DN@  000000018001ba34     libvcruntime:undname.obj
 0002:00000a38       ??_C@_09IFPLHPGF@?$GAvftable?8@ 000000018001ba38     libvcruntime:undname.obj
 0002:00000a48       ??_C@_09BLBHBJP@?$GAvbtable?8@ 000000018001ba48     libvcruntime:undname.obj
 0002:00000a58       ??_C@_07FEEIOKP@?$GAvcall?8@ 000000018001ba58     libvcruntime:undname.obj
 0002:00000a60       ??_C@_08LLFFHHDJ@?$GAtypeof?8@ 000000018001ba60     libvcruntime:undname.obj
 0002:00000a70       ??_C@_0BF@KDPPACIK@?$GAlocal?5static?5guard?8@ 000000018001ba70     libvcruntime:undname.obj
 0002:00000a88       ??_C@_08OBABFOLI@?$GAstring?8@ 000000018001ba88     libvcruntime:undname.obj
 0002:00000a98       ??_C@_0BD@JDLKDPAB@?$GAvbase?5destructor?8@ 000000018001ba98     libvcruntime:undname.obj
 0002:00000ab0       ??_C@_0BN@DEGPLNFK@?$GAvector?5deleting?5destructor?8@ 000000018001bab0     libvcruntime:undname.obj
 0002:00000ad0       ??_C@_0BO@OBMKPJIG@?$GAdefault?5constructor?5closure?8@ 000000018001bad0     libvcruntime:undname.obj
 0002:00000af0       ??_C@_0BN@IMDCHIKM@?$GAscalar?5deleting?5destructor?8@ 000000018001baf0     libvcruntime:undname.obj
 0002:00000b10       ??_C@_0BO@PFGOCPJJ@?$GAvector?5constructor?5iterator?8@ 000000018001bb10     libvcruntime:undname.obj
 0002:00000b30       ??_C@_0BN@LFPFMEDL@?$GAvector?5destructor?5iterator?8@ 000000018001bb30     libvcruntime:undname.obj
 0002:00000b50       ??_C@_0CE@IKBNEHA@?$GAvector?5vbase?5constructor?5itera@ 000000018001bb50     libvcruntime:undname.obj
 0002:00000b78       ??_C@_0BL@NILFHHPC@?$GAvirtual?5displacement?5map?8@ 000000018001bb78     libvcruntime:undname.obj
 0002:00000b98       ??_C@_0CB@JONCMFFK@?$GAeh?5vector?5constructor?5iterator@ 000000018001bb98     libvcruntime:undname.obj
 0002:00000bc0       ??_C@_0CA@GCEOPDGL@?$GAeh?5vector?5destructor?5iterator?8@ 000000018001bbc0     libvcruntime:undname.obj
 0002:00000be0       ??_C@_0CH@OOJPLCPH@?$GAeh?5vector?5vbase?5constructor?5it@ 000000018001bbe0     libvcruntime:undname.obj
 0002:00000c08       ??_C@_0BL@LLKPOHJI@?$GAcopy?5constructor?5closure?8@ 000000018001bc08     libvcruntime:undname.obj
 0002:00000c28       ??_C@_0BA@KBCDOMBN@?$GAudt?5returning?8@ 000000018001bc28     libvcruntime:undname.obj
 0002:00000c38       ??_C@_03KLGMFNMG@?$GAEH@   000000018001bc38     libvcruntime:undname.obj
 0002:00000c3c       ??_C@_05KHLCHHI@?$GARTTI@  000000018001bc3c     libvcruntime:undname.obj
 0002:00000c48       ??_C@_0BA@KKLDJDLB@?$GAlocal?5vftable?8@ 000000018001bc48     libvcruntime:undname.obj
 0002:00000c58       ??_C@_0CE@IIHCMGGL@?$GAlocal?5vftable?5constructor?5clos@ 000000018001bc58     libvcruntime:undname.obj
 0002:00000c7c       ??_C@_06FHBGPFGH@?5new?$FL?$FN@ 000000018001bc7c     libvcruntime:undname.obj
 0002:00000c88       ??_C@_09LBNFPBCA@?5delete?$FL?$FN@ 000000018001bc88     libvcruntime:undname.obj
 0002:00000c98       ??_C@_0P@HJKNJFNN@?$GAomni?5callsig?8@ 000000018001bc98     libvcruntime:undname.obj
 0002:00000ca8       ??_C@_0BL@CNOONJFP@?$GAplacement?5delete?5closure?8@ 000000018001bca8     libvcruntime:undname.obj
 0002:00000cc8       ??_C@_0BN@CKNJLHMB@?$GAplacement?5delete?$FL?$FN?5closure?8@ 000000018001bcc8     libvcruntime:undname.obj
 0002:00000ce8       ??_C@_0CG@CFDHKGGD@?$GAmanaged?5vector?5constructor?5ite@ 000000018001bce8     libvcruntime:undname.obj
 0002:00000d10       ??_C@_0CF@IMGKMJNO@?$GAmanaged?5vector?5destructor?5iter@ 000000018001bd10     libvcruntime:undname.obj
 0002:00000d38       ??_C@_0CG@HLDDJMAG@?$GAeh?5vector?5copy?5constructor?5ite@ 000000018001bd38     libvcruntime:undname.obj
 0002:00000d60       ??_C@_0CM@FCBBDIGB@?$GAeh?5vector?5vbase?5copy?5construct@ 000000018001bd60     libvcruntime:undname.obj
 0002:00000d90       ??_C@_0BL@CLIPGLGB@?$GAdynamic?5initializer?5for?5?8@ 000000018001bd90     libvcruntime:undname.obj
 0002:00000db0       ??_C@_0CB@PDBIFEP@?$GAdynamic?5atexit?5destructor?5for?5@ 000000018001bdb0     libvcruntime:undname.obj
 0002:00000dd8       ??_C@_0CD@CGAJBKEJ@?$GAvector?5copy?5constructor?5iterat@ 000000018001bdd8     libvcruntime:undname.obj
 0002:00000e00       ??_C@_0CJ@GJELGAMM@?$GAvector?5vbase?5copy?5constructor?5@ 000000018001be00     libvcruntime:undname.obj
 0002:00000e30       ??_C@_0CL@FGIJHLCE@?$GAmanaged?5vector?5copy?5constructo@ 000000018001be30     libvcruntime:undname.obj
 0002:00000e60       ??_C@_0BM@PMGGMLDN@?$GAlocal?5static?5thread?5guard?8@ 000000018001be60     libvcruntime:undname.obj
 0002:00000e80       ??_C@_0N@BDNMDMOL@operator?5?$CC?$CC?5@ 000000018001be80     libvcruntime:undname.obj
 0002:00000e90       ??_C@_0BC@GGEBGALA@operator?5co_await@ 000000018001be90     libvcruntime:undname.obj
 0002:00000ea8       ??_C@_0BC@DAFEJGAK@?5Type?5Descriptor?8@ 000000018001bea8     libvcruntime:undname.obj
 0002:00000ec0       ??_C@_0BM@LDKODKLH@?5Base?5Class?5Descriptor?5at?5?$CI@ 000000018001bec0     libvcruntime:undname.obj
 0002:00000ee0       ??_C@_0BD@LGICGFMM@?5Base?5Class?5Array?8@ 000000018001bee0     libvcruntime:undname.obj
 0002:00000ef8       ??_C@_0BN@MECKDCOJ@?5Class?5Hierarchy?5Descriptor?8@ 000000018001bef8     libvcruntime:undname.obj
 0002:00000f18       ??_C@_0BK@CFCOFLF@?5Complete?5Object?5Locator?8@ 000000018001bf18     libvcruntime:undname.obj
 0002:00000f40       __acrt_exception_action_table 000000018001bf40     libucrt:exception_filter.obj
 0002:00001000       __acrt_signal_action_table_count 000000018001c000     libucrt:exception_filter.obj
 0002:00001008       __acrt_signal_action_first_fpe_index 000000018001c008     libucrt:exception_filter.obj
 0002:00001010       __acrt_signal_action_fpe_count 000000018001c010     libucrt:exception_filter.obj
 0002:00001018       ??_C@_1BI@BGOHAHKC@?$AAm?$AAs?$AAc?$AAo?$AAr?$AAe?$AAe?$AA?4?$AAd?$AAl?$AAl?$AA?$AA@ 000000018001c018     libucrt:exit.obj
 0002:00001030       ??_C@_0P@MIGLKIOC@CorExitProcess?$AA@ 000000018001c030     libucrt:exit.obj
 0002:000012b0       __lc_time_c                000000018001c2b0     libucrt:nlsdata.obj
 0002:00001570       ??_C@_03KOEHGMDN@Sun?$AA@  000000018001c570     libucrt:nlsdata.obj
 0002:00001574       ??_C@_03PDAGKDH@Mon?$AA@   000000018001c574     libucrt:nlsdata.obj
 0002:00001578       ??_C@_03NAGEINEP@Tue?$AA@  000000018001c578     libucrt:nlsdata.obj
 0002:0000157c       ??_C@_03MHOMLAJA@Wed?$AA@  000000018001c57c     libucrt:nlsdata.obj
 0002:00001580       ??_C@_03IOFIKPDN@Thu?$AA@  000000018001c580     libucrt:nlsdata.obj
 0002:00001584       ??_C@_03IDIOELNC@Fri?$AA@  000000018001c584     libucrt:nlsdata.obj
 0002:00001588       ??_C@_03FEFJNEK@Sat?$AA@   000000018001c588     libucrt:nlsdata.obj
 0002:0000158c       ??_C@_06OOPIFAJ@Sunday?$AA@ 000000018001c58c     libucrt:nlsdata.obj
 0002:00001594       ??_C@_06JLEDEDGH@Monday?$AA@ 000000018001c594     libucrt:nlsdata.obj
 0002:000015a0       ??_C@_07BAAGCFCM@Tuesday?$AA@ 000000018001c5a0     libucrt:nlsdata.obj
 0002:000015a8       ??_C@_09DLIGFAKA@Wednesday?$AA@ 000000018001c5a8     libucrt:nlsdata.obj
 0002:000015b8       ??_C@_08HACCIKIA@Thursday?$AA@ 000000018001c5b8     libucrt:nlsdata.obj
 0002:000015c4       ??_C@_06JECMNKMI@Friday?$AA@ 000000018001c5c4     libucrt:nlsdata.obj
 0002:000015d0       ??_C@_08INBOOONO@Saturday?$AA@ 000000018001c5d0     libucrt:nlsdata.obj
 0002:000015dc       ??_C@_03JIHJHPIE@Jan?$AA@  000000018001c5dc     libucrt:nlsdata.obj
 0002:000015e0       ??_C@_03HJBDCHOM@Feb?$AA@  000000018001c5e0     libucrt:nlsdata.obj
 0002:000015e4       ??_C@_03ODNJBKGA@Mar?$AA@  000000018001c5e4     libucrt:nlsdata.obj
 0002:000015e8       ??_C@_03LEOLGMJP@Apr?$AA@  000000018001c5e8     libucrt:nlsdata.obj
 0002:000015ec       ??_C@_03CNMDKL@May?$AA@    000000018001c5ec     libucrt:nlsdata.obj
 0002:000015f0       ??_C@_03IDFGHECI@Jun?$AA@  000000018001c5f0     libucrt:nlsdata.obj
 0002:000015f4       ??_C@_03LBGABGKK@Jul?$AA@  000000018001c5f4     libucrt:nlsdata.obj
 0002:000015f8       ??_C@_03IFJFEIGA@Aug?$AA@  000000018001c5f8     libucrt:nlsdata.obj
 0002:000015fc       ??_C@_03GGCAPAJC@Sep?$AA@  000000018001c5fc     libucrt:nlsdata.obj
 0002:00001600       ??_C@_03BMAOKBAD@Oct?$AA@  000000018001c600     libucrt:nlsdata.obj
 0002:00001604       ??_C@_03JPJOFNIA@Nov?$AA@  000000018001c604     libucrt:nlsdata.obj
 0002:00001608       ??_C@_03MKABNOCG@Dec?$AA@  000000018001c608     libucrt:nlsdata.obj
 0002:00001610       ??_C@_07CGJPFGJA@January?$AA@ 000000018001c610     libucrt:nlsdata.obj
 0002:00001618       ??_C@_08GNJGEPFN@February?$AA@ 000000018001c618     libucrt:nlsdata.obj
 0002:00001624       ??_C@_05HPCKOFNC@March?$AA@ 000000018001c624     libucrt:nlsdata.obj
 0002:0000162c       ??_C@_05DMJDNLEJ@April?$AA@ 000000018001c62c     libucrt:nlsdata.obj
 0002:00001634       ??_C@_04CNLMGBGM@June?$AA@ 000000018001c634     libucrt:nlsdata.obj
 0002:0000163c       ??_C@_04MIEPOIFP@July?$AA@ 000000018001c63c     libucrt:nlsdata.obj
 0002:00001644       ??_C@_06LBBHFDDG@August?$AA@ 000000018001c644     libucrt:nlsdata.obj
 0002:00001650       ??_C@_09BHHEALKD@September?$AA@ 000000018001c650     libucrt:nlsdata.obj
 0002:00001660       ??_C@_07JJNFCEND@October?$AA@ 000000018001c660     libucrt:nlsdata.obj
 0002:00001668       ??_C@_08HCHEGEOA@November?$AA@ 000000018001c668     libucrt:nlsdata.obj
 0002:00001678       ??_C@_08EDHMEBNP@December?$AA@ 000000018001c678     libucrt:nlsdata.obj
 0002:00001684       ??_C@_02DEDBPAFC@AM?$AA@   000000018001c684     libucrt:nlsdata.obj
 0002:00001688       ??_C@_02CJNFDJBF@PM?$AA@   000000018001c688     libucrt:nlsdata.obj
 0002:00001690       ??_C@_08BPBNCDIB@MM?1dd?1yy?$AA@ 000000018001c690     libucrt:nlsdata.obj
 0002:000016a0       ??_C@_0BE@CKGJFCPC@dddd?0?5MMMM?5dd?0?5yyyy?$AA@ 000000018001c6a0     libucrt:nlsdata.obj
 0002:000016b8       ??_C@_08JCCMCCIL@HH?3mm?3ss?$AA@ 000000018001c6b8     libucrt:nlsdata.obj
 0002:000016c8       ??_C@_17MBGCMIPB@?$AAS?$AAu?$AAn?$AA?$AA@ 000000018001c6c8     libucrt:nlsdata.obj
 0002:000016d0       ??_C@_17KBOMKBF@?$AAM?$AAo?$AAn?$AA?$AA@ 000000018001c6d0     libucrt:nlsdata.obj
 0002:000016d8       ??_C@_17BMKGEGOJ@?$AAT?$AAu?$AAe?$AA?$AA@ 000000018001c6d8     libucrt:nlsdata.obj
 0002:000016e0       ??_C@_17CJEDCEPE@?$AAW?$AAe?$AAd?$AA?$AA@ 000000018001c6e0     libucrt:nlsdata.obj
 0002:000016e8       ??_C@_17PDPHAADD@?$AAT?$AAh?$AAu?$AA?$AA@ 000000018001c6e8     libucrt:nlsdata.obj
 0002:000016f0       ??_C@_17HFOLPPLP@?$AAF?$AAr?$AAi?$AA?$AA@ 000000018001c6f0     libucrt:nlsdata.obj
 0002:000016f8       ??_C@_17GGIBDPIH@?$AAS?$AAa?$AAt?$AA?$AA@ 000000018001c6f8     libucrt:nlsdata.obj
 0002:00001700       ??_C@_1O@IHNHDHPB@?$AAS?$AAu?$AAn?$AAd?$AAa?$AAy?$AA?$AA@ 000000018001c700     libucrt:nlsdata.obj
 0002:00001710       ??_C@_1O@MMNBFLIA@?$AAM?$AAo?$AAn?$AAd?$AAa?$AAy?$AA?$AA@ 000000018001c710     libucrt:nlsdata.obj
 0002:00001720       ??_C@_1BA@ENFBFFEK@?$AAT?$AAu?$AAe?$AAs?$AAd?$AAa?$AAy?$AA?$AA@ 000000018001c720     libucrt:nlsdata.obj
 0002:00001730       ??_C@_1BE@EBOGMDOH@?$AAW?$AAe?$AAd?$AAn?$AAe?$AAs?$AAd?$AAa?$AAy?$AA?$AA@ 000000018001c730     libucrt:nlsdata.obj
 0002:00001748       ??_C@_1BC@HHMNLIHE@?$AAT?$AAh?$AAu?$AAr?$AAs?$AAd?$AAa?$AAy?$AA?$AA@ 000000018001c748     libucrt:nlsdata.obj
 0002:00001760       ??_C@_1O@PDICJHAG@?$AAF?$AAr?$AAi?$AAd?$AAa?$AAy?$AA?$AA@ 000000018001c760     libucrt:nlsdata.obj
 0002:00001770       ??_C@_1BC@ENMNNPAJ@?$AAS?$AAa?$AAt?$AAu?$AAr?$AAd?$AAa?$AAy?$AA?$AA@ 000000018001c770     libucrt:nlsdata.obj
 0002:00001788       ??_C@_17DKNBKCHM@?$AAJ?$AAa?$AAn?$AA?$AA@ 000000018001c788     libucrt:nlsdata.obj
 0002:00001790       ??_C@_17LMDJEKJN@?$AAF?$AAe?$AAb?$AA?$AA@ 000000018001c790     libucrt:nlsdata.obj
 0002:00001798       ??_C@_17CKNLEDEC@?$AAM?$AAa?$AAr?$AA?$AA@ 000000018001c798     libucrt:nlsdata.obj
 0002:000017a0       ??_C@_17LFPOIHDD@?$AAA?$AAp?$AAr?$AA?$AA@ 000000018001c7a0     libucrt:nlsdata.obj
 0002:000017a8       ??_C@_17PNNKMEED@?$AAM?$AAa?$AAy?$AA?$AA@ 000000018001c7a8     libucrt:nlsdata.obj
 0002:000017b0       ??_C@_17KCJGOCPB@?$AAJ?$AAu?$AAn?$AA?$AA@ 000000018001c7b0     libucrt:nlsdata.obj
 0002:000017b8       ??_C@_17IJPCKHK@?$AAJ?$AAu?$AAl?$AA?$AA@ 000000018001c7b8     libucrt:nlsdata.obj
 0002:000017c0       ??_C@_17ICPELBCN@?$AAA?$AAu?$AAg?$AA?$AA@ 000000018001c7c0     libucrt:nlsdata.obj
 0002:000017c8       ??_C@_17HCHCOKMG@?$AAS?$AAe?$AAp?$AA?$AA@ 000000018001c7c8     libucrt:nlsdata.obj
 0002:000017d0       ??_C@_17FNLKOI@?$AAO?$AAc?$AAt?$AA?$AA@ 000000018001c7d0     libucrt:nlsdata.obj
 0002:000017d8       ??_C@_17BBDMLCIG@?$AAN?$AAo?$AAv?$AA?$AA@ 000000018001c7d8     libucrt:nlsdata.obj
 0002:000017e0       ??_C@_17EGKACKIF@?$AAD?$AAe?$AAc?$AA?$AA@ 000000018001c7e0     libucrt:nlsdata.obj
 0002:000017e8       ??_C@_1BA@EFMEIEBA@?$AAJ?$AAa?$AAn?$AAu?$AAa?$AAr?$AAy?$AA?$AA@ 000000018001c7e8     libucrt:nlsdata.obj
 0002:000017f8       ??_C@_1BC@JGDDFFAM@?$AAF?$AAe?$AAb?$AAr?$AAu?$AAa?$AAr?$AAy?$AA?$AA@ 000000018001c7f8     libucrt:nlsdata.obj
 0002:00001810       ??_C@_1M@IKEENEDF@?$AAM?$AAa?$AAr?$AAc?$AAh?$AA?$AA@ 000000018001c810     libucrt:nlsdata.obj
 0002:00001820       ??_C@_1M@GJNLMHFD@?$AAA?$AAp?$AAr?$AAi?$AAl?$AA?$AA@ 000000018001c820     libucrt:nlsdata.obj
 0002:00001830       ??_C@_19EPFLPGAP@?$AAJ?$AAu?$AAn?$AAe?$AA?$AA@ 000000018001c830     libucrt:nlsdata.obj
 0002:00001840       ??_C@_19BIFMLPCD@?$AAJ?$AAu?$AAl?$AAy?$AA?$AA@ 000000018001c840     libucrt:nlsdata.obj
 0002:00001850       ??_C@_1O@PAHLKOAC@?$AAA?$AAu?$AAg?$AAu?$AAs?$AAt?$AA?$AA@ 000000018001c850     libucrt:nlsdata.obj
 0002:00001860       ??_C@_1BE@DKAAMBJL@?$AAS?$AAe?$AAp?$AAt?$AAe?$AAm?$AAb?$AAe?$AAr?$AA?$AA@ 000000018001c860     libucrt:nlsdata.obj
 0002:00001878       ??_C@_1BA@EPANDLNG@?$AAO?$AAc?$AAt?$AAo?$AAb?$AAe?$AAr?$AA?$AA@ 000000018001c878     libucrt:nlsdata.obj
 0002:00001888       ??_C@_1BC@BGLIFPF@?$AAN?$AAo?$AAv?$AAe?$AAm?$AAb?$AAe?$AAr?$AA?$AA@ 000000018001c888     libucrt:nlsdata.obj
 0002:000018a0       ??_C@_1BC@FEMKIFH@?$AAD?$AAe?$AAc?$AAe?$AAm?$AAb?$AAe?$AAr?$AA?$AA@ 000000018001c8a0     libucrt:nlsdata.obj
 0002:000018b4       ??_C@_15ODEHAHHF@?$AAA?$AAM?$AA?$AA@ 000000018001c8b4     libucrt:nlsdata.obj
 0002:000018bc       ??_C@_15CLMNNGEL@?$AAP?$AAM?$AA?$AA@ 000000018001c8bc     libucrt:nlsdata.obj
 0002:000018c8       ??_C@_1BC@IEBCMHCM@?$AAM?$AAM?$AA?1?$AAd?$AAd?$AA?1?$AAy?$AAy?$AA?$AA@ 000000018001c8c8     libucrt:nlsdata.obj
 0002:000018e0       ??_C@_1CI@KNAKOEBC@?$AAd?$AAd?$AAd?$AAd?$AA?0?$AA?5?$AAM?$AAM?$AAM?$AAM?$AA?5?$AAd?$AAd?$AA?0?$AA?5?$AAy?$AAy?$AAy?$AAy?$AA?$AA@ 000000018001c8e0     libucrt:nlsdata.obj
 0002:00001908       ??_C@_1BC@GDGBMEMK@?$AAH?$AAH?$AA?3?$AAm?$AAm?$AA?3?$AAs?$AAs?$AA?$AA@ 000000018001c908     libucrt:nlsdata.obj
 0002:00001920       ??_C@_1M@BMHNFIME@?$AAe?$AAn?$AA?9?$AAU?$AAS?$AA?$AA@ 000000018001c920     libucrt:nlsdata.obj
 0002:00001950       ??_C@_1M@HPNHIDJI@?$AAj?$AAa?$AA?9?$AAJ?$AAP?$AA?$AA@ 000000018001c950     libucrt:mbctype.obj
 0002:00001960       ??_C@_1M@BIBDDEMK@?$AAz?$AAh?$AA?9?$AAC?$AAN?$AA?$AA@ 000000018001c960     libucrt:mbctype.obj
 0002:00001970       ??_C@_1M@JLOOOEGK@?$AAk?$AAo?$AA?9?$AAK?$AAR?$AA?$AA@ 000000018001c970     libucrt:mbctype.obj
 0002:00001980       ??_C@_1M@CLNBBOPM@?$AAz?$AAh?$AA?9?$AAT?$AAW?$AA?$AA@ 000000018001c980     libucrt:mbctype.obj
 0002:00001a30       ??_C@_1EA@JGEFHKEI@?$AAa?$AAp?$AAi?$AA?9?$AAm?$AAs?$AA?9?$AAw?$AAi?$AAn?$AA?9?$AAc?$AAo?$AAr?$AAe?$AA?9?$AAd?$AAa?$AAt?$AAe?$AAt?$AAi?$AAm?$AAe?$AA?9?$AAl?$AA1?$AA?9?$AA1?$AA?9?$AA1?$AA?$AA@ 000000018001ca30     libucrt:winapi_thunks.obj
 0002:00001a70       ??_C@_1DM@KHCHBNEB@?$AAa?$AAp?$AAi?$AA?9?$AAm?$AAs?$AA?9?$AAw?$AAi?$AAn?$AA?9?$AAc?$AAo?$AAr?$AAe?$AA?9?$AAf?$AAi?$AAb?$AAe?$AAr?$AAs?$AA?9?$AAl?$AA1?$AA?9?$AA1?$AA?9?$AA1?$AA?$AA@ 000000018001ca70     libucrt:winapi_thunks.obj
 0002:00001ab0       ??_C@_1DI@IJCEHOCB@?$AAa?$AAp?$AAi?$AA?9?$AAm?$AAs?$AA?9?$AAw?$AAi?$AAn?$AA?9?$AAc?$AAo?$AAr?$AAe?$AA?9?$AAf?$AAi?$AAl?$AAe?$AA?9?$AAl?$AA1?$AA?9?$AA2?$AA?9?$AA2?$AA?$AA@ 000000018001cab0     libucrt:winapi_thunks.obj
 0002:00001af0       ??_C@_1EI@MPIAOHOC@?$AAa?$AAp?$AAi?$AA?9?$AAm?$AAs?$AA?9?$AAw?$AAi?$AAn?$AA?9?$AAc?$AAo?$AAr?$AAe?$AA?9?$AAl?$AAo?$AAc?$AAa?$AAl?$AAi?$AAz?$AAa?$AAt?$AAi?$AAo?$AAn?$AA?9?$AAl?$AA1?$AA?9@ 000000018001caf0     libucrt:winapi_thunks.obj
 0002:00001b40       ??_C@_1FK@FPHCKFIE@?$AAa?$AAp?$AAi?$AA?9?$AAm?$AAs?$AA?9?$AAw?$AAi?$AAn?$AA?9?$AAc?$AAo?$AAr?$AAe?$AA?9?$AAl?$AAo?$AAc?$AAa?$AAl?$AAi?$AAz?$AAa?$AAt?$AAi?$AAo?$AAn?$AA?9?$AAo?$AAb?$AAs@ 000000018001cb40     libucrt:winapi_thunks.obj
 0002:00001ba0       ??_C@_1EM@DILCGIIO@?$AAa?$AAp?$AAi?$AA?9?$AAm?$AAs?$AA?9?$AAw?$AAi?$AAn?$AA?9?$AAc?$AAo?$AAr?$AAe?$AA?9?$AAp?$AAr?$AAo?$AAc?$AAe?$AAs?$AAs?$AAt?$AAh?$AAr?$AAe?$AAa?$AAd?$AAs?$AA?9?$AAl@ 000000018001cba0     libucrt:winapi_thunks.obj
 0002:00001bf0       ??_C@_1DM@LNCGDDPN@?$AAa?$AAp?$AAi?$AA?9?$AAm?$AAs?$AA?9?$AAw?$AAi?$AAn?$AA?9?$AAc?$AAo?$AAr?$AAe?$AA?9?$AAs?$AAt?$AAr?$AAi?$AAn?$AAg?$AA?9?$AAl?$AA1?$AA?9?$AA1?$AA?9?$AA0?$AA?$AA@ 000000018001cbf0     libucrt:winapi_thunks.obj
 0002:00001c30       ??_C@_1DK@LPPGFMPP@?$AAa?$AAp?$AAi?$AA?9?$AAm?$AAs?$AA?9?$AAw?$AAi?$AAn?$AA?9?$AAc?$AAo?$AAr?$AAe?$AA?9?$AAs?$AAy?$AAn?$AAc?$AAh?$AA?9?$AAl?$AA1?$AA?9?$AA2?$AA?9?$AA0?$AA?$AA@ 000000018001cc30     libucrt:winapi_thunks.obj
 0002:00001c70       ??_C@_1DO@FPAPJEMD@?$AAa?$AAp?$AAi?$AA?9?$AAm?$AAs?$AA?9?$AAw?$AAi?$AAn?$AA?9?$AAc?$AAo?$AAr?$AAe?$AA?9?$AAs?$AAy?$AAs?$AAi?$AAn?$AAf?$AAo?$AA?9?$AAl?$AA1?$AA?9?$AA2?$AA?9?$AA1?$AA?$AA@ 000000018001cc70     libucrt:winapi_thunks.obj
 0002:00001cb0       ??_C@_1DK@NDHNAHIO@?$AAa?$AAp?$AAi?$AA?9?$AAm?$AAs?$AA?9?$AAw?$AAi?$AAn?$AA?9?$AAc?$AAo?$AAr?$AAe?$AA?9?$AAw?$AAi?$AAn?$AAr?$AAt?$AA?9?$AAl?$AA1?$AA?9?$AA1?$AA?9?$AA0?$AA?$AA@ 000000018001ccb0     libucrt:winapi_thunks.obj
 0002:00001cf0       ??_C@_1DM@KGHDGBCM@?$AAa?$AAp?$AAi?$AA?9?$AAm?$AAs?$AA?9?$AAw?$AAi?$AAn?$AA?9?$AAc?$AAo?$AAr?$AAe?$AA?9?$AAx?$AAs?$AAt?$AAa?$AAt?$AAe?$AA?9?$AAl?$AA2?$AA?9?$AA1?$AA?9?$AA0?$AA?$AA@ 000000018001ccf0     libucrt:winapi_thunks.obj
 0002:00001d30       ??_C@_1EO@IJIOEFOH@?$AAa?$AAp?$AAi?$AA?9?$AAm?$AAs?$AA?9?$AAw?$AAi?$AAn?$AA?9?$AAr?$AAt?$AAc?$AAo?$AAr?$AAe?$AA?9?$AAn?$AAt?$AAu?$AAs?$AAe?$AAr?$AA?9?$AAw?$AAi?$AAn?$AAd?$AAo?$AAw?$AA?9@ 000000018001cd30     libucrt:winapi_thunks.obj
[...]
 0004:00001068       $pdata$__acrt_FlsFree      0000000180029068     libucrt:winapi_thunks.obj
 0004:00001074       $pdata$__acrt_FlsGetValue  0000000180029074     libucrt:winapi_thunks.obj
 0004:00001080       $pdata$__acrt_FlsSetValue  0000000180029080     libucrt:winapi_thunks.obj
 0004:0000108c       $pdata$__acrt_InitializeCriticalSectionEx 000000018002908c     libucrt:winapi_thunks.obj
 0004:00001098       $pdata$__acrt_LCMapStringEx 0000000180029098     libucrt:winapi_thunks.obj
 0004:000010a4       $pdata$__acrt_LocaleNameToLCID 00000001800290a4     libucrt:winapi_thunks.obj
 0004:000010b0       $pdata$__acrt_initialize_winapi_thunks 00000001800290b0     libucrt:winapi_thunks.obj
 0004:000010bc       $pdata$__acrt_uninitialize_winapi_thunks 00000001800290bc     libucrt:winapi_thunks.obj
 0004:000010c8       $pdata$__acrt_initialize_heap 00000001800290c8     libucrt:heap_handle.obj
 0004:000010d4       $pdata$?initialize_inherited_file_handles_nolock@@YAXXZ 00000001800290d4     libucrt:ioinit.obj
 0004:000010e0       $pdata$?initialize_stdio_handles_nolock@@YAXXZ 00000001800290e0     libucrt:ioinit.obj
 0004:000010ec       $pdata$__acrt_initialize_lowio 00000001800290ec     libucrt:ioinit.obj
 0004:000010f8       $pdata$__acrt_uninitialize_lowio 00000001800290f8     libucrt:ioinit.obj
 0004:00001104       $pdata$__acrt_execute_initializers 0000000180029104     libucrt:shared_initialization.obj
 0004:00001110       $pdata$__acrt_execute_uninitializers 0000000180029110     libucrt:shared_initialization.obj
 0004:0000111c       $pdata$??$?RV<lambda_450d765d439847d4c735a33c368b5fc0>@@AEAV<lambda_44731a7d0e6d81c3e6aa82d741081786>@@V<lambda_601a2a7da3b7a96e9554ac7215c4b07c>@@@?$__crt_seh_guarded_call@P6AXH@Z@@QEAAP6AXH@Z$$QEAV<lambda_450d765d439847d4c735a33c368b5fc0>@@AEAV<lambda_44731a7d0e6d81c3e6aa82d741081786>@@$$QEAV<lambda_601a2a7da3b7a96e9554ac7215c4b07c>@@@Z 000000018002911c     libucrt:signal.obj
 0004:00001128       $pdata$__acrt_get_sigabrt_handler 0000000180029128     libucrt:signal.obj
 0004:00001134       $pdata$raise               0000000180029134     libucrt:signal.obj
 0004:00001140       $pdata$??$?RV<lambda_842d9ff0dc9ef11c61343bbaebe7f885>@@AEAV<lambda_c5860995281e5c4ce005b3de8f5874ee>@@V<lambda_d90129c13df834fdcbf8d2b88dafcf2d>@@@?$__crt_seh_guarded_call@X@@QEAAX$$QEAV<lambda_842d9ff0dc9ef11c61343bbaebe7f885>@@AEAV<lambda_c5860995281e5c4ce005b3de8f5874ee>@@$$QEAV<lambda_d90129c13df834fdcbf8d2b88dafcf2d>@@@Z 0000000180029140     libucrt:fflush.obj
 0004:0000114c       $pdata$??$?RV<lambda_886d6c58226a84441f68b9f2b8217b83>@@AEAV<lambda_ab61a845afdef5b7c387490eaf3616ee>@@V<lambda_f7f22ab5edc0698d5f6905b0d3f44752>@@@?$__crt_seh_guarded_call@X@@QEAAX$$QEAV<lambda_886d6c58226a84441f68b9f2b8217b83>@@AEAV<lambda_ab61a845afdef5b7c387490eaf3616ee>@@$$QEAV<lambda_f7f22ab5edc0698d5f6905b0d3f44752>@@@Z 000000018002914c     libucrt:fflush.obj
 0004:00001158       $pdata$?common_flush_all@@YAH_N@Z 0000000180029158     libucrt:fflush.obj
 0004:00001164       $pdata$__acrt_stdio_flush_nolock 0000000180029164     libucrt:fflush.obj
 0004:00001170       $pdata$_fflush_nolock      0000000180029170     libucrt:fflush.obj
 0004:0000117c       $pdata$__acrt_initialize_stdio 000000018002917c     libucrt:_file.obj
 0004:00001188       $pdata$__acrt_uninitialize_stdio 0000000180029188     libucrt:_file.obj
 0004:00001194       $pdata$_mbtowc_l           0000000180029194     libucrt:mbtowc.obj
 0004:000011a0       $pdata$_fileno             00000001800291a0     libucrt:fileno.obj
 0004:000011ac       $pdata$__pctype_func       00000001800291ac     libucrt:ctype.obj
 0004:000011b8       $pdata$_isctype_l          00000001800291b8     libucrt:isctype.obj
 0004:000011c4       $pdata$__acrt_free_locale  00000001800291c4     libucrt:locale_refcounting.obj
 0004:000011d0       $pdata$__acrt_locale_free_lc_time_if_unreferenced 00000001800291d0     libucrt:locale_refcounting.obj
 0004:000011dc       $pdata$__acrt_release_locale_ref 00000001800291dc     libucrt:locale_refcounting.obj
 0004:000011e8       $pdata$__acrt_update_thread_locale_data 00000001800291e8     libucrt:locale_refcounting.obj
 0004:000011f4       $pdata$_updatetlocinfoEx_nolock 00000001800291f4     libucrt:locale_refcounting.obj
 0004:00001200       $pdata$_isleadbyte_l       0000000180029200     libucrt:_wctype.obj
 0004:0000120c       $pdata$?__acrt_LCMapStringA_stat@@YAHPEAU__crt_locale_pointers@@PEB_WKPEBDHPEADHHH@Z 000000018002920c     libucrt:lcmapstringa.obj
 0004:00001218       $pdata$__acrt_LCMapStringA 0000000180029218     libucrt:lcmapstringa.obj
 0004:00001224       $pdata$__acrt_locale_free_monetary 0000000180029224     libucrt:initmon.obj
 0004:00001230       $pdata$__acrt_locale_free_numeric 0000000180029230     libucrt:initnum.obj
 0004:0000123c       $pdata$?free_crt_array_internal@@YAXQEAPEBX_K@Z 000000018002923c     libucrt:inittime.obj
 0004:00001248       $pdata$__acrt_locale_free_time 0000000180029248     libucrt:inittime.obj
 0004:00001254       $pdata$__acrt_GetStringTypeA 0000000180029254     libucrt:getstringtypea.obj
 0004:00001260       $pdata$qsort               0000000180029260     libucrt:qsort.obj
 0004:0000126c       $pdata$4$qsort             000000018002926c     libucrt:qsort.obj
 0004:00001278       $pdata$5$qsort             0000000180029278     libucrt:qsort.obj
 0004:00001284       $pdata$strncpy_s           0000000180029284     libucrt:strncpy_s.obj
 0004:00001290       $pdata$fallbackMethod      0000000180029290     libucrt:strpbrk.obj
 0004:0000129c       $pdata$strpbrk             000000018002929c     libucrt:strpbrk.obj
 0004:000012a8       $pdata$_mbsdec_l           00000001800292a8     libucrt:mbsdec.obj
 0004:000012b4       $pdata$?initialize_multibyte@@YAHXZ 00000001800292b4     libucrt:multibyte_initializer.obj
 0004:000012c0       $pdata$_msize_base         00000001800292c0     libucrt:msize.obj
 0004:000012cc       $pdata$_realloc_base       00000001800292cc     libucrt:realloc_base.obj
 0004:000012d8       $pdata$?GetTableIndexFromLocaleName@@YAHPEB_W@Z 00000001800292d8     libucrt:lcidtoname_downlevel.obj
 0004:000012e4       $pdata$__acrt_DownlevelLocaleNameToLCID 00000001800292e4     libucrt:lcidtoname_downlevel.obj
 0004:000012f0       $pdata$__acrt_lowio_create_handle_array 00000001800292f0     libucrt:osfinfo.obj
 0004:000012fc       $pdata$__acrt_lowio_destroy_handle_array 00000001800292fc     libucrt:osfinfo.obj
 0004:00001308       $pdata$__acrt_lowio_ensure_fh_exists 0000000180029308     libucrt:osfinfo.obj
 0004:00001314       $pdata$_free_osfhnd        0000000180029314     libucrt:osfinfo.obj
 0004:00001320       $pdata$_get_osfhandle      0000000180029320     libucrt:osfinfo.obj
 0004:0000132c       $pdata$??$?RV<lambda_a37b2b86f63e897a80ea819b0eb08c01>@@AEAV<lambda_38ce7e780aa69e748d6df282ebc68efe>@@V<lambda_99fb1378e971ab6e7edea83e3a7a83a2>@@@?$__crt_seh_guarded_call@H@@QEAAH$$QEAV<lambda_a37b2b86f63e897a80ea819b0eb08c01>@@AEAV<lambda_38ce7e780aa69e748d6df282ebc68efe>@@$$QEAV<lambda_99fb1378e971ab6e7edea83e3a7a83a2>@@@Z 000000018002932c     libucrt:commit.obj
 0004:00001338       $pdata$_commit             0000000180029338     libucrt:commit.obj
 0004:00001344       $pdata$?write_double_translated_ansi_nolock@@YA?AUwrite_result@?A0x17268360@@HQEBDI@Z 0000000180029344     libucrt:write.obj
 0004:00001350       $pdata$?write_text_ansi_nolock@@YA?AUwrite_result@?A0x17268360@@HQEBDI@Z 0000000180029350     libucrt:write.obj
 0004:0000135c       $pdata$?write_text_utf16le_nolock@@YA?AUwrite_result@?A0x17268360@@HQEBDI@Z 000000018002935c     libucrt:write.obj
 0004:00001368       $pdata$?write_text_utf8_nolock@@YA?AUwrite_result@?A0x17268360@@HQEBDI@Z 0000000180029368     libucrt:write.obj
 0004:00001374       $pdata$_write              0000000180029374     libucrt:write.obj
 0004:00001380       $pdata$_write_nolock       0000000180029380     libucrt:write.obj
 0004:0000138c       $pdata$_fcloseall          000000018002938c     libucrt:closeall.obj
 0004:00001398       $pdata$__acrt_stdio_free_buffer_nolock 0000000180029398     libucrt:_freebuf.obj
 0004:000013a4       $pdata$_isatty             00000001800293a4     libucrt:isatty.obj
 0004:000013b0       $pdata$?__mbrtowc_utf8@__crt_mbstring@@YA_KPEA_WPEBD_KPEAU_Mbstatet@@@Z 00000001800293b0     libucrt:mbrtowc.obj
 0004:000013bc       $pdata$?__mbsrtowcs_utf8@__crt_mbstring@@YA_KPEA_WPEAPEBD_KPEAU_Mbstatet@@@Z 00000001800293bc     libucrt:mbrtowc.obj
 0004:000013c8       $pdata$??$common_lseek_nolock@_J@@YA_JH_JH@Z 00000001800293c8     libucrt:lseek.obj
 0004:000013d4       $pdata$_putwch_nolock      00000001800293d4     libucrt:putwch.obj
 0004:000013e0       $pdata$_fclose_nolock      00000001800293e0     libucrt:fclose.obj
 0004:000013ec       $pdata$fclose              00000001800293ec     libucrt:fclose.obj
 0004:000013f8       $pdata$?__mbrtoc32_utf8@__crt_mbstring@@YA_KPEA_UPEBD_KPEAU_Mbstatet@@@Z 00000001800293f8     libucrt:mbrtoc32.obj
 0004:00001410       $pdata$__dcrt_lowio_ensure_console_output_initialized 0000000180029410     libucrt:initcon.obj
 0004:0000141c       $pdata$__dcrt_terminate_console_output 000000018002941c     libucrt:initcon.obj
 0004:00001428       $pdata$__dcrt_write_console 0000000180029428     libucrt:initcon.obj
 0004:00001434       $pdata$??$?RV<lambda_751a882b2c74d4b022dec766aa51a29a>@@AEAV<lambda_628dfdc04ba53c8bfc02c9951375f3f5>@@V<lambda_f6c7be5f7998530c34de24c7437d6b54>@@@?$__crt_seh_guarded_call@H@@QEAAH$$QEAV<lambda_751a882b2c74d4b022dec766aa51a29a>@@AEAV<lambda_628dfdc04ba53c8bfc02c9951375f3f5>@@$$QEAV<lambda_f6c7be5f7998530c34de24c7437d6b54>@@@Z 0000000180029434     libucrt:close.obj
 0004:00001440       $pdata$_close              0000000180029440     libucrt:close.obj
 0004:0000144c       $pdata$_close_nolock       000000018002944c     libucrt:close.obj
 0004:00001458       $pdata$_call_matherr       0000000180029458     libucrt:libm_error.obj
 0004:00001464       $pdata$_exception_enabled  0000000180029464     libucrt:libm_error.obj
 0004:00001470       $pdata$_handle_error       0000000180029470     libucrt:libm_error.obj
 0004:0000147c       $pdata$__acrt_initialize_fma3 000000018002947c     libucrt:fma3_available.obj
 0004:00001488       $pdata$_log10_special      0000000180029488     libucrt:log_special.obj
 0004:00001494       $pdata$_log_special_common 0000000180029494     libucrt:log_special.obj
 0004:000014ac       $pdata$_raise_exc          00000001800294ac     libucrt:fpexcept.obj
 0004:000014b8       $pdata$_raise_exc_ex       00000001800294b8     libucrt:fpexcept.obj
 0004:000014c4       $pdata$_set_errno_from_matherr 00000001800294c4     libucrt:fpexcept.obj
 0004:000014d0       $pdata$_clrfp              00000001800294d0     libucrt:fpctrl.obj
 0004:000014dc       $pdata$_ctrlfp             00000001800294dc     libucrt:fpctrl.obj
 0004:000014e8       $pdata$_set_statfp         00000001800294e8     libucrt:fpctrl.obj
 0004:000014f4       $pdata$_statfp             00000001800294f4     libucrt:fpctrl.obj
 0004:00001500       $pdata$?DloadAcquireSectionWriteAccess@@YAXXZ 0000000180029500     DelayImp:delayhlp.obj
 0004:0000150c       $pdata$?DloadGetSRWLockFunctionPointers@@YAEXZ 000000018002950c     DelayImp:delayhlp.obj
 0004:00001518       $pdata$?DloadMakePermanentImageCommit@@YAXPEAX_K@Z 0000000180029518     DelayImp:delayhlp.obj
 0004:00001524       $pdata$?DloadObtainSection@@YAPEAXPEAK0@Z 0000000180029524     DelayImp:delayhlp.obj
 0004:00001530       $pdata$?DloadProtectSection@@YAXKPEAK@Z 0000000180029530     DelayImp:delayhlp.obj
 0004:0000153c       $pdata$?DloadReleaseSectionWriteAccess@@YAXXZ 000000018002953c     DelayImp:delayhlp.obj
 0004:00001548       $pdata$__delayLoadHelper2  0000000180029548     DelayImp:delayhlp.obj
 0004:00001554       $pdata$_IsNonwritableInCurrentImage 0000000180029554     LIBCMT:pesect.obj
 0004:00001560       $pdata$__GSHandlerCheck    0000000180029560     LIBCMT:gshandler.obj
 0004:0000156c       $pdata$__GSHandlerCheckCommon 000000018002956c     LIBCMT:gshandler.obj
 0004:000015a8       $pdata$__scrt_is_nonwritable_in_current_image$filt$0 00000001800295a8     LIBCMT:utility.obj
 0004:000015b4       $pdata$?fin$0@?0??dllmain_crt_process_attach@@YAHQEAUHINSTANCE__@@QEAX@Z@4HA 00000001800295b4     LIBCMT:dll_dllmain.obj
 0004:000015c0       $pdata$?fin$0@?0??dllmain_crt_process_detach@@YAH_N@Z@4HA 00000001800295c0     LIBCMT:dll_dllmain.obj
 0004:000015cc       $pdata$?filt$0@?0??dllmain_dispatch@@YAHQEAUHINSTANCE__@@KQEAX@Z@4HA 00000001800295cc     LIBCMT:dll_dllmain.obj
 0004:000015d8       $pdata$__DestructExceptionObject$filt$0 00000001800295d8     libvcruntime:ehhelpers.obj
 0004:000015e4       $pdata$_query_new_handler$fin$0 00000001800295e4     libucrt:new_handler.obj
 0004:000015f0       $pdata$?fin$0@?0???$?RV<lambda_efdfa57d1f175319df784efa44bb7b81>@@AEAV<lambda_5f0a4c1567f8adc6734073e5d1e1b35c>@@V<lambda_2e8a7d3640ea6ccb4c2413664c2db6fd>@@@?$__crt_seh_guarded_call@X@@QEAAX$$QEAV<lambda_efdfa57d1f175319df784efa44bb7b81>@@AEAV<lambda_5f0a4c1567f8adc6734073e5d1e1b35c>@@$$QEAV<lambda_2e8a7d3640ea6ccb4c2413664c2db6fd>@@@Z@4HA 00000001800295f0     libucrt:mbctype.obj
 0004:000015f0       $pdata$?fin$0@?0???$?RV<lambda_d80eeec6fff315bfe5c115232f3240e3>@@AEAV<lambda_6e4b09c48022b2350581041d5f6b0c4c>@@V<lambda_2358e3775559c9db80273638284d5e45>@@@?$__crt_seh_guarded_call@X@@QEAAX$$QEAV<lambda_d80eeec6fff315bfe5c115232f3240e3>@@AEAV<lambda_6e4b09c48022b2350581041d5f6b0c4c>@@$$QEAV<lambda_2358e3775559c9db80273638284d5e45>@@@Z@4HA 00000001800295f0     libucrt:exit.obj
 0004:000015f0       $pdata$?fin$0@?0???$?RV<lambda_638799b9deba96c50f710eeac98168cd>@@AEAV<lambda_22ebabd17bc4fa466a2aca6d8deb888d>@@V<lambda_a6f7d7db0129f75315ebf26d50c089f1>@@@?$__crt_seh_guarded_call@H@@QEAAH$$QEAV<lambda_638799b9deba96c50f710eeac98168cd>@@AEAV<lambda_22ebabd17bc4fa466a2aca6d8deb888d>@@$$QEAV<lambda_a6f7d7db0129f75315ebf26d50c089f1>@@@Z@4HA 00000001800295f0     libucrt:onexit.obj
 0004:000015f0       $pdata$?fin$0@?0???$?RV<lambda_7777bce6b2f8c936911f934f8298dc43>@@AEAV<lambda_f03950bc5685219e0bcd2087efbe011e>@@V<lambda_3883c3dff614d5e0c5f61bb1ac94921c>@@@?$__crt_seh_guarded_call@H@@QEAAH$$QEAV<lambda_7777bce6b2f8c936911f934f8298dc43>@@AEAV<lambda_f03950bc5685219e0bcd2087efbe011e>@@$$QEAV<lambda_3883c3dff614d5e0c5f61bb1ac94921c>@@@Z@4HA 00000001800295f0     libucrt:onexit.obj
 0004:000015f0       $pdata$?fin$0@?0???$?RV<lambda_0ae27a3a962d80f24befdcbee591983d>@@AEAV<lambda_8d0ee55de4b1038c4002e0adecdf1839>@@V<lambda_dc504788e8f1664fe9b84e20bfb512f2>@@@?$__crt_seh_guarded_call@X@@QEAAX$$QEAV<lambda_0ae27a3a962d80f24befdcbee591983d>@@AEAV<lambda_8d0ee55de4b1038c4002e0adecdf1839>@@$$QEAV<lambda_dc504788e8f1664fe9b84e20bfb512f2>@@@Z@4HA 00000001800295f0     libucrt:per_thread_data.obj
 0004:000015f0       $pdata$?fin$0@?0???$?RV<lambda_450d765d439847d4c735a33c368b5fc0>@@AEAV<lambda_44731a7d0e6d81c3e6aa82d741081786>@@V<lambda_601a2a7da3b7a96e9554ac7215c4b07c>@@@?$__crt_seh_guarded_call@P6AXH@Z@@QEAAP6AXH@Z$$QEAV<lambda_450d765d439847d4c735a33c368b5fc0>@@AEAV<lambda_44731a7d0e6d81c3e6aa82d741081786>@@$$QEAV<lambda_601a2a7da3b7a96e9554ac7215c4b07c>@@@Z@4HA 00000001800295f0     libucrt:signal.obj
 0004:000015f0       $pdata$?fin$0@?0???$?RV<lambda_aa87e3671a710a21b5dc78c0bdf72e11>@@AEAV<lambda_92619d2358a28f41a33ba319515a20b9>@@V<lambda_6992ecaafeb10aed2b74cb1fae11a551>@@@?$__crt_seh_guarded_call@X@@QEAAX$$QEAV<lambda_aa87e3671a710a21b5dc78c0bdf72e11>@@AEAV<lambda_92619d2358a28f41a33ba319515a20b9>@@$$QEAV<lambda_6992ecaafeb10aed2b74cb1fae11a551>@@@Z@4HA 00000001800295f0     libucrt:per_thread_data.obj
 0004:000015f0       $pdata$?fin$0@?0???$?RV<lambda_f2e299630e499de9f9a165e60fcd3db5>@@AEAV<lambda_2ae9d31cdba2644fcbeaf08da7c24588>@@V<lambda_40d01ff24d0e7b3814fdbdcee8eab3c7>@@@?$__crt_seh_guarded_call@X@@QEAAX$$QEAV<lambda_f2e299630e499de9f9a165e60fcd3db5>@@AEAV<lambda_2ae9d31cdba2644fcbeaf08da7c24588>@@$$QEAV<lambda_40d01ff24d0e7b3814fdbdcee8eab3c7>@@@Z@4HA 00000001800295f0     libucrt:per_thread_data.obj
 0004:000015f0       $pdata$?fin$0@?0???$?RV<lambda_2d41944a1d46af3157314b8a01080d33>@@AEAV<lambda_8f455de75cd7d7f24b4096f044d8b9e6>@@V<lambda_aa500f224e6afead328df44964fe2772>@@@?$__crt_seh_guarded_call@X@@QEAAX$$QEAV<lambda_2d41944a1d46af3157314b8a01080d33>@@AEAV<lambda_8f455de75cd7d7f24b4096f044d8b9e6>@@$$QEAV<lambda_aa500f224e6afead328df44964fe2772>@@@Z@4HA 00000001800295f0     libucrt:per_thread_data.obj
 0004:000015fc       $pdata$?filt$0@?0???R<lambda_6e4b09c48022b2350581041d5f6b0c4c>@@QEBA@XZ@4HA 00000001800295fc     libucrt:exit.obj
 0004:00001608       $pdata$?fin$0@?0???$?RV<lambda_410d79af7f07d98d83a3f525b3859a53>@@AEAV<lambda_3e16ef9562a7dcce91392c22ab16ea36>@@V<lambda_38119f0e861e05405d8a144b9b982f0a>@@@?$__crt_seh_guarded_call@X@@QEAAX$$QEAV<lambda_410d79af7f07d98d83a3f525b3859a53>@@AEAV<lambda_3e16ef9562a7dcce91392c22ab16ea36>@@$$QEAV<lambda_38119f0e861e05405d8a144b9b982f0a>@@@Z@4HA 0000000180029608     libucrt:wsetlocale.obj
 0004:00001614       $pdata$?fin$0@?0??update_thread_multibyte_data_internal@@YAPEAU__crt_multibyte_data@@QEAU__acrt_ptd@@QEAPEAU1@@Z@4HA 0000000180029614     libucrt:mbctype.obj
 0004:00001620       $pdata$__acrt_initialize_lowio$fin$0 0000000180029620     libucrt:ioinit.obj
 0004:00001620       $pdata$__acrt_lowio_ensure_fh_exists$fin$0 0000000180029620     libucrt:osfinfo.obj
 0004:0000162c       $pdata$raise$fin$0         000000018002962c     libucrt:signal.obj
 0004:00001638       $pdata$?fin$0@?0???$?RV<lambda_842d9ff0dc9ef11c61343bbaebe7f885>@@AEAV<lambda_c5860995281e5c4ce005b3de8f5874ee>@@V<lambda_d90129c13df834fdcbf8d2b88dafcf2d>@@@?$__crt_seh_guarded_call@X@@QEAAX$$QEAV<lambda_842d9ff0dc9ef11c61343bbaebe7f885>@@AEAV<lambda_c5860995281e5c4ce005b3de8f5874ee>@@$$QEAV<lambda_d90129c13df834fdcbf8d2b88dafcf2d>@@@Z@4HA 0000000180029638     libucrt:fflush.obj
 0004:00001644       $pdata$?fin$0@?0???$?RV<lambda_886d6c58226a84441f68b9f2b8217b83>@@AEAV<lambda_ab61a845afdef5b7c387490eaf3616ee>@@V<lambda_f7f22ab5edc0698d5f6905b0d3f44752>@@@?$__crt_seh_guarded_call@X@@QEAAX$$QEAV<lambda_886d6c58226a84441f68b9f2b8217b83>@@AEAV<lambda_ab61a845afdef5b7c387490eaf3616ee>@@$$QEAV<lambda_f7f22ab5edc0698d5f6905b0d3f44752>@@@Z@4HA 0000000180029644     libucrt:fflush.obj
 0004:00001650       $pdata$__acrt_update_thread_locale_data$fin$0 0000000180029650     libucrt:locale_refcounting.obj
 0004:0000165c       $pdata$?fin$0@?0???$?RV<lambda_a37b2b86f63e897a80ea819b0eb08c01>@@AEAV<lambda_38ce7e780aa69e748d6df282ebc68efe>@@V<lambda_99fb1378e971ab6e7edea83e3a7a83a2>@@@?$__crt_seh_guarded_call@H@@QEAAH$$QEAV<lambda_a37b2b86f63e897a80ea819b0eb08c01>@@AEAV<lambda_38ce7e780aa69e748d6df282ebc68efe>@@$$QEAV<lambda_99fb1378e971ab6e7edea83e3a7a83a2>@@@Z@4HA 000000018002965c     libucrt:commit.obj
 0004:0000165c       $pdata$?fin$0@?0???$?RV<lambda_751a882b2c74d4b022dec766aa51a29a>@@AEAV<lambda_628dfdc04ba53c8bfc02c9951375f3f5>@@V<lambda_f6c7be5f7998530c34de24c7437d6b54>@@@?$__crt_seh_guarded_call@H@@QEAAH$$QEAV<lambda_751a882b2c74d4b022dec766aa51a29a>@@AEAV<lambda_628dfdc04ba53c8bfc02c9951375f3f5>@@$$QEAV<lambda_f6c7be5f7998530c34de24c7437d6b54>@@@Z@4HA 000000018002965c     libucrt:close.obj
 0004:00001668       $pdata$_write$fin$0        0000000180029668     libucrt:write.obj
 0004:00001674       $pdata$_fcloseall$fin$0    0000000180029674     libucrt:closeall.obj
 0004:00001680       $pdata$fclose$fin$0        0000000180029680     libucrt:fclose.obj
 0004:0000168c       $pdata$_ctrlfp$filt$0      000000018002968c     libucrt:fpctrl.obj
 0004:00001698       $pdata$_IsNonwritableInCurrentImage$filt$0 0000000180029698     LIBCMT:pesect.obj
 0004:000016a4       $pdata$??__F?constructor@InputWrapper@@0VFunctionReference@Napi@@A@@YAXXZ 00000001800296a4     inputWrapper.obj
 0005:00000060       $R000000                   000000018002a060     * linker generated manifest res *

 Exports

  ordinal    name

        1    _register_utils_
