 utils

 Timestamp is 5cc11997 (Wed Apr 24 22:21:11 2019)

 Preferred load address is 0000000180000000

 Start         Length     Name                   Class
 0001:00000000 00000020H .text$di                CODE
 0001:00000020 00011680H .text$mn                CODE
 0001:000116a0 00000020H .text$mn$00             CODE
 0001:000116c0 00000250H .text$x                 CODE
 0001:00011910 00000036H .text$yd                CODE
 0002:00000000 00000248H .idata$5                DATA
 0002:00000248 00000010H .00cfg                  DATA
 0002:00000258 00000008H .CRT$XCA                DATA
 0002:00000260 00000010H .CRT$XCU                DATA
 0002:00000270 00000008H .CRT$XCZ                DATA
 0002:00000278 00000008H .CRT$XIA                DATA
 0002:00000280 00000018H .CRT$XIC                DATA
 0002:00000298 00000008H .CRT$XIZ                DATA
 0002:000002a0 00000008H .CRT$XPA                DATA
 0002:000002a8 00000010H .CRT$XPX                DATA
 0002:000002b8 00000008H .CRT$XPXA               DATA
 0002:000002c0 00000008H .CRT$XPZ                DATA
 0002:000002c8 00000008H .CRT$XTA                DATA
 0002:000002d0 00000010H .CRT$XTZ                DATA
 0002:000002d8 00000000H .gfids$y                DATA
 0002:000002e0 000075d0H .rdata                  DATA
 0002:000078b0 000002fcH .rdata$r                DATA
 0002:00007bac 000003dcH .rdata$zzzdbg           DATA
 0002:00007f88 00000008H .rtc$IAA                DATA
 0002:00007f90 00000008H .rtc$IZZ                DATA
 0002:00007f98 00000008H .rtc$TAA                DATA
 0002:00007fa0 00000008H .rtc$TZZ                DATA
 0002:00007fa8 00001248H .xdata                  DATA
 0002:000091f0 0000017cH .xdata$x                DATA
 0002:0000936c 00000020H .didat$2                DATA
 0002:0000938c 00000024H .didat$3                DATA
 0002:000093b0 00000130H .didat$4                DATA
 0002:000094e0 00000370H .didat$6                DATA
 0002:00009850 00000130H .didat$7                DATA
 0002:00009980 00000050H .edata                  DATA
 0002:000099d0 00000014H .idata$2                DATA
 0002:000099e4 00000014H .idata$3                DATA
 0002:000099f8 00000248H .idata$4                DATA
 0002:00009c40 0000054eH .idata$6                DATA
 0003:00000000 00000a40H .data                   DATA
 0003:00000a40 000000f0H .data$r                 DATA
 0003:00000b30 00000130H .didat$5                DATA
 0003:00000c60 0000122cH .bss                    DATA
 0004:00000000 00001338H .pdata                  DATA
 0005:00000000 00000060H .rsrc$01                DATA
 0005:00000060 00000180H .rsrc$02                DATA

  Address         Publics by Value              Rva+Base               Lib:Object

 0000:00000000       __hybrid_code_map_count    0000000000000000     <absolute>
 0000:00000000       __hybrid_code_map          0000000000000000     <absolute>
 0000:00000000       __guard_iat_count          0000000000000000     <absolute>
 0000:00000000       __volatile_metadata        0000000000000000     <absolute>
 0000:00000000       __guard_longjmp_count      0000000000000000     <absolute>
 0000:00000000       __guard_longjmp_table      0000000000000000     <absolute>
 0000:00000000       __guard_iat_table          0000000000000000     <absolute>
 0000:00000000       __guard_fids_count         0000000000000000     <absolute>
 0000:00000000       ___safe_se_handler_count   0000000000000000     <absolute>
 0000:00000000       __enclave_config           0000000000000000     <absolute>
 0000:00000000       ___safe_se_handler_table   0000000000000000     <absolute>
 0000:00000000       __guard_fids_table         0000000000000000     <absolute>
 0000:00000000       __hybrid_auxiliary_iat     0000000000000000     <absolute>
 0000:00000000       __dynamic_value_reloc_table 0000000000000000     <absolute>
 0000:00000100       __guard_flags              0000000000000100     <absolute>
 0000:00000000       __ImageBase                0000000180000000     <linker-defined>
 0001:00000020       ?InitAll@@YA?AVObject@Napi@@VEnv@2@V12@@Z 0000000180001020 f   main.obj
 0001:00000050       ?__napi_InitAll@@YAPEAUnapi_value__@@PEAUnapi_env__@@PEAU1@@Z 0000000180001050 f   main.obj
 0001:000000b0       ??1Error@Napi@@QEAA@XZ     00000001800010b0 f i commentInput.obj
 0001:00000130       ?New@String@Napi@@SA?AV12@PEAUnapi_env__@@AEBV?$basic_string@DU?$char_traits@D@std@@V?$allocator@D@2@@std@@@Z 0000000180001130 f i commentInput.obj
 0001:00000230       ?Utf8Value@String@Napi@@QEBA?AV?$basic_string@DU?$char_traits@D@std@@V?$allocator@D@2@@std@@XZ 0000000180001230 f i commentInput.obj
 0001:00000520       ?New@Object@Napi@@SA?AV12@PEAUnapi_env__@@@Z 0000000180001520 f i commentInput.obj
 0001:00000610       ?New@Error@Napi@@SA?AV12@PEAUnapi_env__@@@Z 0000000180001610 f i commentInput.obj
 0001:00000800       ?ThrowAsJavaScriptException@Error@Napi@@QEBAXXZ 0000000180001800 f i commentInput.obj
 0001:00000950       ??0HandleScope@Napi@@QEAA@VEnv@1@@Z 0000000180001950 f i commentInput.obj
 0001:00000a20       ??0CommentInput@@QEAA@V?$basic_string@DU?$char_traits@D@std@@V?$allocator@D@2@@std@@00@Z 0000000180001a20 f   commentInput.obj
 0001:00000a20       ??0PostInput@@QEAA@V?$basic_string@DU?$char_traits@D@std@@V?$allocator@D@2@@std@@00@Z 0000000180001a20 f   postInput.obj
 0001:00000bc0       ?returnObj@CommentInput@@QEAA?AVObject@Napi@@VEnv@3@@Z 0000000180001bc0 f   commentInput.obj
 0001:00000ed0       ?reserve@?$basic_string@DU?$char_traits@D@std@@V?$allocator@D@2@@std@@QEAAX_K@Z 0000000180001ed0 f i commentInput.obj
 0001:00001090       ??0?$basic_string@DU?$char_traits@D@std@@V?$allocator@D@2@@std@@QEAA@AEBV01@@Z 0000000180002090 f i commentInput.obj
 0001:00001170       ?assign@?$basic_string@DU?$char_traits@D@std@@V?$allocator@D@2@@std@@QEAAAEAV12@QEBD_K@Z 0000000180002170 f i commentInput.obj
 0001:000012c0       ??$Set@VString@Napi@@@Object@Napi@@QEAAXVValue@1@AEBVString@1@@Z 00000001800022c0 f i commentInput.obj
 0001:00001410       ??$_Reallocate_grow_by@V<lambda_e1befb086ad3257e3f042a63030725f7>@@_KD@?$basic_string@DU?$char_traits@D@std@@V?$allocator@D@2@@std@@QEAAAEAV01@_KV<lambda_e1befb086ad3257e3f042a63030725f7>@@_KD@Z 0000000180002410 f i commentInput.obj
 0001:00001580       ?_Xlen@?$basic_string@DU?$char_traits@D@std@@V?$allocator@D@2@@std@@SAXXZ 0000000180002580 f i commentInput.obj
 0001:000015a0       ?returnObj@PostInput@@QEAA?AVObject@Napi@@VEnv@3@@Z 00000001800025a0 f   postInput.obj
 0001:000018b0       ??0RegisterForm@@QEAA@V?$basic_string@DU?$char_traits@D@std@@V?$allocator@D@2@@std@@00H0@Z 00000001800028b0 f   registerForm.obj
 0001:00001ae0       ?returnObj@RegisterForm@@QEAA?AVObject@Napi@@VEnv@3@@Z 0000000180002ae0 f   registerForm.obj
 0001:00002100       ?Type@Value@Napi@@QEBA?AW4napi_valuetype@@XZ 0000000180003100 f i inputWrapper.obj
 0001:000021f0       ?ToString@Value@Napi@@QEBA?AVString@2@XZ 00000001800031f0 f i inputWrapper.obj
 0001:000022e0       ??0CallbackInfo@Napi@@QEAA@PEAUnapi_env__@@PEAUnapi_callback_info__@@@Z 00000001800032e0 f i inputWrapper.obj
 0001:000024b0       ??ACallbackInfo@Napi@@QEBA?BVValue@1@_K@Z 00000001800034b0 f i inputWrapper.obj
 0001:000025d0       ?This@CallbackInfo@Napi@@QEBA?AVValue@2@XZ 00000001800035d0 f i inputWrapper.obj
 0001:000026e0       ?Init@InputWrapper@@SA?AVObject@Napi@@VEnv@3@V23@@Z 00000001800036e0 f   inputWrapper.obj
 0001:00002a00       ??0InputWrapper@@QEAA@AEBVCallbackInfo@Napi@@@Z 0000000180003a00 f   inputWrapper.obj
 0001:00003340       ?ReturnObj@InputWrapper@@QEAA?AVValue@Napi@@AEBVCallbackInfo@3@@Z 0000000180004340 f   inputWrapper.obj
 0001:00003840       ?DetermineInstanceToDefine@InputWrapper@@QEAAXVEnv@Napi@@VString@3@PEAV1@111@Z 0000000180004840 f   inputWrapper.obj
 0001:00003c70       ?DetermineValidArguments@InputWrapper@@QEAA_NAEBVCallbackInfo@Napi@@VString@3@111@Z 0000000180004c70 f   inputWrapper.obj
 0001:00004090       ?CreateRegisterFormInstance@InputWrapper@@QEAAXAEBVCallbackInfo@Napi@@@Z 0000000180005090 f   inputWrapper.obj
 0001:000042a0       ??$New@VTypeError@Napi@@@Error@Napi@@KA?AVTypeError@1@PEAUnapi_env__@@PEBD_KP6A?AW4napi_status@@0PEAUnapi_value__@@3PEAPEAU5@@Z@Z 00000001800052a0 f i inputWrapper.obj
 0001:00004470       ??0?$ObjectWrap@VInputWrapper@@@Napi@@QEAA@AEBVCallbackInfo@1@@Z 0000000180005470 f i inputWrapper.obj
 0001:00004650       ?Unwrap@?$ObjectWrap@VInputWrapper@@@Napi@@SAPEAVInputWrapper@@VObject@2@@Z 0000000180005650 f i inputWrapper.obj
 0001:00004740       ?DefineClass@?$ObjectWrap@VInputWrapper@@@Napi@@CA?AVFunction@2@VEnv@2@PEBD_KPEBUnapi_property_descriptor@@PEAX@Z 0000000180005740 f i inputWrapper.obj
 0001:000050c0       ?InstanceMethodCallbackWrapper@?$ObjectWrap@VInputWrapper@@@Napi@@CAPEAUnapi_value__@@PEAUnapi_env__@@PEAUnapi_callback_info__@@@Z 00000001800060c0 f i inputWrapper.obj
 0001:00005160       ?FinalizeCallback@?$ObjectWrap@VInputWrapper@@@Napi@@CAXPEAUnapi_env__@@PEAX1@Z 0000000180006160 f i inputWrapper.obj
 0001:000051a0       ?_Xlength@?$vector@Unapi_property_descriptor@@V?$allocator@Unapi_property_descriptor@@@std@@@std@@CAXXZ 00000001800061a0 f i inputWrapper.obj
 0001:000051c0       ?ConstructorCallbackWrapper@?$ObjectWrap@VInputWrapper@@@Napi@@CAPEAUnapi_value__@@PEAUnapi_env__@@PEAUnapi_callback_info__@@@Z 00000001800061c0 f i inputWrapper.obj
 0001:00005280       ?StaticVoidMethodCallbackWrapper@?$ObjectWrap@VInputWrapper@@@Napi@@CAPEAUnapi_value__@@PEAUnapi_env__@@PEAUnapi_callback_info__@@@Z 0000000180006280 f i inputWrapper.obj
 0001:000052d0       ?StaticMethodCallbackWrapper@?$ObjectWrap@VInputWrapper@@@Napi@@CAPEAUnapi_value__@@PEAUnapi_env__@@PEAUnapi_callback_info__@@@Z 00000001800062d0 f i inputWrapper.obj
 0001:00005330       ?StaticGetterCallbackWrapper@?$ObjectWrap@VInputWrapper@@@Napi@@CAPEAUnapi_value__@@PEAUnapi_env__@@PEAUnapi_callback_info__@@@Z 0000000180006330 f i inputWrapper.obj
 0001:00005390       ?StaticSetterCallbackWrapper@?$ObjectWrap@VInputWrapper@@@Napi@@CAPEAUnapi_value__@@PEAUnapi_env__@@PEAUnapi_callback_info__@@@Z 0000000180006390 f i inputWrapper.obj
 0001:00005400       ?InstanceVoidMethodCallbackWrapper@?$ObjectWrap@VInputWrapper@@@Napi@@CAPEAUnapi_value__@@PEAUnapi_env__@@PEAUnapi_callback_info__@@@Z 0000000180006400 f i inputWrapper.obj
 0001:00005490       ?InstanceGetterCallbackWrapper@?$ObjectWrap@VInputWrapper@@@Napi@@CAPEAUnapi_value__@@PEAUnapi_env__@@PEAUnapi_callback_info__@@@Z 0000000180006490 f i inputWrapper.obj
 0001:00005530       ?InstanceSetterCallbackWrapper@?$ObjectWrap@VInputWrapper@@@Napi@@CAPEAUnapi_value__@@PEAUnapi_env__@@PEAUnapi_callback_info__@@@Z 0000000180006530 f i inputWrapper.obj
 0001:0000565c       __imp_load_napi_module_register 000000018000665c f   node:node.exe
 0001:00005668       __tailMerge_node_exe       0000000180006668     node:node.exe
 0001:000056e1       __imp_load_napi_open_handle_scope 00000001800066e1 f   node:node.exe
 0001:000056ed       __imp_load_napi_get_last_error_info 00000001800066ed f   node:node.exe
 0001:000056f9       __imp_load_napi_create_error 00000001800066f9 f   node:node.exe
 0001:00005705       __imp_load_napi_delete_reference 0000000180006705 f   node:node.exe
 0001:00005711       __imp_load_napi_fatal_error 0000000180006711 f   node:node.exe
 0001:0000571d       __imp_load_napi_is_exception_pending 000000018000671d f   node:node.exe
 0001:00005729       __imp_load_napi_get_value_string_utf8 0000000180006729 f   node:node.exe
 0001:00005735       __imp_load_napi_create_type_error 0000000180006735 f   node:node.exe
 0001:00005741       __imp_load_napi_create_string_utf8 0000000180006741 f   node:node.exe
 0001:0000574d       __imp_load_napi_throw      000000018000674d f   node:node.exe
 0001:00005759       __imp_load_napi_get_and_clear_last_exception 0000000180006759 f   node:node.exe
 0001:00005765       __imp_load_napi_create_object 0000000180006765 f   node:node.exe
 0001:00005771       __imp_load_napi_set_property 0000000180006771 f   node:node.exe
 0001:0000577d       __imp_load_napi_create_reference 000000018000677d f   node:node.exe
 0001:00005789       __imp_load_napi_close_handle_scope 0000000180006789 f   node:node.exe
 0001:00005795       __imp_load_napi_get_reference_value 0000000180006795 f   node:node.exe
 0001:000057a1       __imp_load_napi_create_double 00000001800067a1 f   node:node.exe
 0001:000057ad       __imp_load_napi_create_function 00000001800067ad f   node:node.exe
 0001:000057b9       __imp_load_napi_create_symbol 00000001800067b9 f   node:node.exe
 0001:000057c5       __imp_load_napi_unwrap     00000001800067c5 f   node:node.exe
 0001:000057d1       __imp_load_napi_close_escapable_handle_scope 00000001800067d1 f   node:node.exe
 0001:000057dd       __imp_load_napi_coerce_to_string 00000001800067dd f   node:node.exe
 0001:000057e9       __imp_load_napi_strict_equals 00000001800067e9 f   node:node.exe
 0001:000057f5       __imp_load_napi_escape_handle 00000001800067f5 f   node:node.exe
 0001:00005801       __imp_load_napi_wrap       0000000180006801 f   node:node.exe
 0001:0000580d       __imp_load_napi_create_external 000000018000680d f   node:node.exe
 0001:00005819       __imp_load_napi_set_named_property 0000000180006819 f   node:node.exe
 0001:00005825       __imp_load_napi_define_properties 0000000180006825 f   node:node.exe
 0001:00005831       __imp_load_napi_typeof     0000000180006831 f   node:node.exe
 0001:0000583d       __imp_load_napi_define_class 000000018000683d f   node:node.exe
 0001:00005849       __imp_load_napi_get_value_int32 0000000180006849 f   node:node.exe
 0001:00005855       __imp_load_napi_get_undefined 0000000180006855 f   node:node.exe
 0001:00005861       __imp_load_napi_get_new_target 0000000180006861 f   node:node.exe
 0001:0000586d       __imp_load_napi_get_cb_info 000000018000686d f   node:node.exe
 0001:00005879       __imp_load_napi_open_escapable_handle_scope 0000000180006879 f   node:node.exe
 0001:00005885       __imp_load_napi_throw_type_error 0000000180006885 f   node:node.exe
 0001:00005894       ??0bad_alloc@std@@QEAA@AEBV01@@Z 0000000180006894 f i libcpmt:xthrow.obj
 0001:000058d4       ??0bad_alloc@std@@QEAA@XZ  00000001800068d4 f i libcpmt:xthrow.obj
 0001:000058f4       ??0exception@std@@QEAA@AEBV01@@Z 00000001800068f4 f i libcpmt:xthrow.obj
 0001:0000592c       ??0length_error@std@@QEAA@AEBV01@@Z 000000018000692c f i libcpmt:xthrow.obj
 0001:0000596c       ??0length_error@std@@QEAA@PEBD@Z 000000018000696c f i libcpmt:xthrow.obj
 0001:000059b8       ??0logic_error@std@@QEAA@AEBV01@@Z 00000001800069b8 f i libcpmt:xthrow.obj
 0001:000059f8       ??1bad_array_new_length@std@@UEAA@XZ 00000001800069f8 f i LIBCMT:throw_bad_alloc.obj
 0001:000059f8       ??1bad_alloc@std@@UEAA@XZ  00000001800069f8 f i libcpmt:xthrow.obj
 0001:000059f8       ??1length_error@std@@UEAA@XZ 00000001800069f8 f i libcpmt:xthrow.obj
 0001:00005a0c       ??_Gexception@std@@UEAAPEAXI@Z 0000000180006a0c f i libcpmt:xthrow.obj
 0001:00005a0c       ??_Gbad_array_new_length@std@@UEAAPEAXI@Z 0000000180006a0c f i LIBCMT:throw_bad_alloc.obj
 0001:00005a0c       ??_Elength_error@std@@UEAAPEAXI@Z 0000000180006a0c f i libcpmt:xthrow.obj
 0001:00005a0c       ??_Ebad_array_new_length@std@@UEAAPEAXI@Z 0000000180006a0c f i LIBCMT:throw_bad_alloc.obj
 0001:00005a0c       ??_Elogic_error@std@@UEAAPEAXI@Z 0000000180006a0c f i libcpmt:xthrow.obj
 0001:00005a0c       ??_Gbad_alloc@std@@UEAAPEAXI@Z 0000000180006a0c f i libcpmt:xthrow.obj
 0001:00005a0c       ??_Eexception@std@@UEAAPEAXI@Z 0000000180006a0c f i libcpmt:xthrow.obj
 0001:00005a0c       ??_Ebad_alloc@std@@UEAAPEAXI@Z 0000000180006a0c f i libcpmt:xthrow.obj
 0001:00005a0c       ??_Glogic_error@std@@UEAAPEAXI@Z 0000000180006a0c f i libcpmt:xthrow.obj
 0001:00005a0c       ??_Glength_error@std@@UEAAPEAXI@Z 0000000180006a0c f i libcpmt:xthrow.obj
 0001:00005a50       ?_Xlength_error@std@@YAXPEBD@Z 0000000180006a50 f   libcpmt:xthrow.obj
 0001:00005a74       ?what@exception@std@@UEBAPEBDXZ 0000000180006a74 f i libcpmt:xthrow.obj
 0001:00005aa0       __security_check_cookie    0000000180006aa0 f   LIBCMT:amdsecgs.obj
 0001:00005ac4       ??2@YAPEAX_K@Z             0000000180006ac4 f   LIBCMT:new_scalar.obj
 0001:00005b00       ??_V@YAXPEAX@Z             0000000180006b00 f   LIBCMT:delete_array.obj
 0001:00005b00       ??3@YAXPEAX_K@Z            0000000180006b00 f   LIBCMT:delete_scalar_size.obj
 0001:00005b08       __scrt_acquire_startup_lock 0000000180006b08 f   LIBCMT:utility.obj
 0001:00005b44       __scrt_dllmain_after_initialize_c 0000000180006b44 f   LIBCMT:utility.obj
 0001:00005b78       __scrt_dllmain_before_initialize_c 0000000180006b78 f   LIBCMT:utility.obj
 0001:00005b90       __scrt_dllmain_crt_thread_attach 0000000180006b90 f   LIBCMT:utility.obj
 0001:00005bb8       __scrt_dllmain_crt_thread_detach 0000000180006bb8 f   LIBCMT:utility.obj
 0001:00005bd0       __scrt_dllmain_exception_filter 0000000180006bd0 f   LIBCMT:utility.obj
 0001:00005c30       __scrt_dllmain_uninitialize_c 0000000180006c30 f   LIBCMT:utility.obj
 0001:00005c60       __scrt_dllmain_uninitialize_critical 0000000180006c60 f   LIBCMT:utility.obj
 0001:00005c74       __scrt_initialize_crt      0000000180006c74 f   LIBCMT:utility.obj
 0001:00005cc0       __scrt_initialize_onexit_tables 0000000180006cc0 f   LIBCMT:utility.obj
 0001:00005d98       __scrt_is_nonwritable_in_current_image 0000000180006d98 f   LIBCMT:utility.obj
 0001:00005e34       __scrt_release_startup_lock 0000000180006e34 f   LIBCMT:utility.obj
 0001:00005e58       __scrt_uninitialize_crt    0000000180006e58 f   LIBCMT:utility.obj
 0001:00005e84       _onexit                    0000000180006e84 f   LIBCMT:utility.obj
 0001:00005ed4       atexit                     0000000180006ed4 f   LIBCMT:utility.obj
 0001:00005eec       ??_U@YAPEAX_K@Z            0000000180006eec f   LIBCMT:new_array.obj
 0001:00006224       _DllMainCRTStartup         0000000180007224 f   LIBCMT:dll_dllmain.obj
 0001:00006264       ??_Etype_info@@UEAAPEAXI@Z 0000000180007264 f i LIBCMT:std_type_info_static.obj
 0001:00006264       ??_Gtype_info@@UEAAPEAXI@Z 0000000180007264 f i LIBCMT:std_type_info_static.obj
 0001:00006290       __raise_securityfailure    0000000180007290 f   LIBCMT:gs_report.obj
 0001:000062c4       __report_gsfailure         00000001800072c4 f   LIBCMT:gs_report.obj
 0001:00006398       __report_rangecheckfailure 0000000180007398 f   LIBCMT:gs_report.obj
 0001:000063ac       __report_securityfailure   00000001800073ac f   LIBCMT:gs_report.obj
 0001:0000652c       ??0bad_array_new_length@std@@QEAA@AEBV01@@Z 000000018000752c f i LIBCMT:throw_bad_alloc.obj
 0001:0000656c       ??0bad_array_new_length@std@@QEAA@XZ 000000018000756c f i LIBCMT:throw_bad_alloc.obj
 0001:0000658c       ?__scrt_throw_std_bad_alloc@@YAXXZ 000000018000758c f   LIBCMT:throw_bad_alloc.obj
 0001:000065ac       ?__scrt_throw_std_bad_array_new_length@@YAXXZ 00000001800075ac f   LIBCMT:throw_bad_alloc.obj
 0001:000065cc       ??3@YAXPEAX@Z              00000001800075cc f   LIBCMT:delete_scalar.obj
 0001:000065d4       __isa_available_init       00000001800075d4 f   LIBCMT:cpu_disp.obj
 0001:00006790       DllMain                    0000000180007790 f   LIBCMT:dll_dllmain_stub.obj
 0001:00006790       _get_startup_argv_mode     0000000180007790 f   LIBCMT:argv_mode.obj
 0001:00006798       __scrt_is_ucrt_dll_in_use  0000000180007798 f   LIBCMT:ucrt_detection.obj
 0001:000067a4       __crt_debugger_hook        00000001800077a4 f   LIBCMT:utility_desktop.obj
 0001:000067ac       __scrt_fastfail            00000001800077ac f   LIBCMT:utility_desktop.obj
 0001:000068f8       _guard_check_icall_nop     00000001800078f8 f i LIBCMT:guard_support.obj
 0001:000068fc       __security_init_cookie     00000001800078fc f   LIBCMT:gs_support.obj
 0001:000069a8       ?__scrt_initialize_type_info@@YAXXZ 00000001800079a8 f   LIBCMT:tncleanup.obj
 0001:000069b8       ?__scrt_uninitialize_type_info@@YAXXZ 00000001800079b8 f   LIBCMT:tncleanup.obj
 0001:000069c4       __local_stdio_printf_options 00000001800079c4 f i LIBCMT:default_local_stdio_options.obj
 0001:000069cc       __local_stdio_scanf_options 00000001800079cc f i LIBCMT:default_local_stdio_options.obj
 0001:000069d4       __scrt_initialize_default_local_stdio_options 00000001800079d4 f   LIBCMT:default_local_stdio_options.obj
 0001:000069f0       __scrt_get_dyn_tls_init_callback 00000001800079f0 f   LIBCMT:dyn_tls_init.obj
 0001:000069f8       _RTC_Initialize            00000001800079f8 f   LIBCMT:initsect.obj
 0001:00006a34       _RTC_Terminate             0000000180007a34 f   LIBCMT:initsect.obj
 0001:00006a70       __std_exception_copy       0000000180007a70 f   libvcruntime:std_exception.obj
 0001:00006b00       __std_exception_destroy    0000000180007b00 f   libvcruntime:std_exception.obj
 0001:00006b28       _CxxThrowException         0000000180007b28 f   libvcruntime:throw.obj
 0001:00006be8       __vcrt_initialize          0000000180007be8 f   libvcruntime:initialization.obj
 0001:00006c1c       __vcrt_thread_attach       0000000180007c1c f   libvcruntime:initialization.obj
 0001:00006c30       __vcrt_thread_detach       0000000180007c30 f   libvcruntime:initialization.obj
 0001:00006c44       __vcrt_uninitialize        0000000180007c44 f   libvcruntime:initialization.obj
 0001:00006c64       __vcrt_uninitialize_critical 0000000180007c64 f   libvcruntime:initialization.obj
 0001:00006c74       __C_specific_handler       0000000180007c74 f   libvcruntime:riscchandler.obj
 0001:00006e90       memset_repmovs             0000000180007e90 f   libvcruntime:memset.obj
 0001:00006eb0       memset                     0000000180007eb0 f   libvcruntime:memset.obj
 0001:00007040       __std_type_info_destroy_list 0000000180008040 f   libvcruntime:std_type_info.obj
 0001:0000706c       __vcrt_freefls             000000018000806c f   libvcruntime:per_thread_data.obj
 0001:0000708c       __vcrt_freeptd             000000018000808c f   libvcruntime:per_thread_data.obj
 0001:000070dc       __vcrt_getptd_noexit       00000001800080dc f   libvcruntime:per_thread_data.obj
 0001:000071a8       __vcrt_initialize_ptd      00000001800081a8 f   libvcruntime:per_thread_data.obj
 0001:000071fc       __vcrt_uninitialize_ptd    00000001800081fc f   libvcruntime:per_thread_data.obj
 0001:00007220       __vcrt_initialize_locks    0000000180008220 f   libvcruntime:locks.obj
 0001:00007268       __vcrt_uninitialize_locks  0000000180008268 f   libvcruntime:locks.obj
 0001:00007478       __vcrt_FlsAlloc            0000000180008478 f   libvcruntime:winapi_downlevel.obj
 0001:000074c0       __vcrt_FlsFree             00000001800084c0 f   libvcruntime:winapi_downlevel.obj
 0001:00007508       __vcrt_FlsGetValue         0000000180008508 f   libvcruntime:winapi_downlevel.obj
 0001:00007550       __vcrt_FlsSetValue         0000000180008550 f   libvcruntime:winapi_downlevel.obj
 0001:000075a4       __vcrt_InitializeCriticalSectionEx 00000001800085a4 f   libvcruntime:winapi_downlevel.obj
 0001:00007608       __vcrt_initialize_winapi_thunks 0000000180008608 f   libvcruntime:winapi_downlevel.obj
 0001:00007638       __vcrt_uninitialize_winapi_thunks 0000000180008638 f   libvcruntime:winapi_downlevel.obj
 0001:00007678       __vcrt_initialize_pure_virtual_call_handler 0000000180008678 f   libvcruntime:purevirt_data.obj
 0001:000076a0       _NLG_Notify                00000001800086a0 f   libvcruntime:notify.obj
 0001:000076c0       __NLG_Dispatch2            00000001800086c0 f   libvcruntime:notify.obj
 0001:000076d0       __NLG_Return2              00000001800086d0 f   libvcruntime:notify.obj
 0001:000076d4       __except_validate_context_record 00000001800086d4 f   libvcruntime:jbcxrval.obj
 0001:0000770c       __DestructExceptionObject  000000018000870c f   libvcruntime:ehhelpers.obj
 0001:00007780       ?_CallMemberFunction0@@YAXQEAX0@Z 0000000180008780 f i libvcruntime:ehhelpers.obj
 0001:000077a0       memcpy_repmovs             00000001800087a0 f   libvcruntime:memcpy.obj
 0001:000077c0       memcpy                     00000001800087c0 f   libvcruntime:memcpy.obj
 0001:000077c0       memmove                    00000001800087c0 f   libvcruntime:memcpy.obj
 0001:00007c10       _CallSettingFrame          0000000180008c10 f   libvcruntime:handlers.obj
 0001:00007c60       _CallSettingFrameEncoded   0000000180008c60 f   libvcruntime:handlers.obj
 0001:00007ca8       __acrt_call_reportfault    0000000180008ca8 f   libucrt:invalid_parameter.obj
 0001:00007e04       __acrt_initialize_invalid_parameter_handler 0000000180008e04 f   libucrt:invalid_parameter.obj
 0001:00007e0c       _invalid_parameter         0000000180008e0c f   libucrt:invalid_parameter.obj
 0001:00007ebc       _invalid_parameter_noinfo  0000000180008ebc f   libucrt:invalid_parameter.obj
 0001:00007edc       _invalid_parameter_noinfo_noreturn 0000000180008edc f   libucrt:invalid_parameter.obj
 0001:00007f0c       _invoke_watson             0000000180008f0c f   libucrt:invalid_parameter.obj
 0001:00007f54       ??0_LocaleUpdate@@QEAA@QEAU__crt_locale_pointers@@@Z 0000000180008f54 f i libucrt:stricmp.obj
 0001:00007ff0       __ascii_stricmp            0000000180008ff0 f   libucrt:stricmp.obj
 0001:00008030       _stricmp                   0000000180009030 f   libucrt:stricmp.obj
 0001:00008078       _stricmp_l                 0000000180009078 f   libucrt:stricmp.obj
 0001:0000812c       __acrt_initialize_new_handler 000000018000912c f   libucrt:new_handler.obj
 0001:00008134       _callnewh                  0000000180009134 f   libucrt:new_handler.obj
 0001:00008164       _query_new_handler         0000000180009164 f   libucrt:new_handler.obj
 0001:00008198       malloc                     0000000180009198 f   libucrt:malloc.obj
 0001:000081a0       _seh_filter_dll            00000001800091a0 f   libucrt:exception_filter.obj
 0001:000081b4       _seh_filter_exe            00000001800091b4 f   libucrt:exception_filter.obj
 0001:000085a4       __acrt_initialize_thread_local_exit_callback 00000001800095a4 f   libucrt:exit.obj
 0001:000085ac       _cexit                     00000001800095ac f   libucrt:exit.obj
 0001:000085bc       _exit                      00000001800095bc f   libucrt:exit.obj
 0001:000085c8       _is_c_termination_complete 00000001800095c8 f   libucrt:exit.obj
 0001:00008794       __acrt_allocate_buffer_for_argv 0000000180009794 f   libucrt:argv_parsing.obj
 0001:000087f4       _configure_narrow_argv     00000001800097f4 f   libucrt:argv_parsing.obj
 0001:00008b6c       __dcrt_uninitialize_environments_nolock 0000000180009b6c f   libucrt:environment_initialization.obj
 0001:00008ba4       _initialize_narrow_environment 0000000180009ba4 f   libucrt:environment_initialization.obj
 0001:00008eec       _crt_atexit                0000000180009eec f   libucrt:onexit.obj
 0001:00008efc       _execute_onexit_table      0000000180009efc f   libucrt:onexit.obj
 0001:00008f38       _initialize_onexit_table   0000000180009f38 f   libucrt:onexit.obj
 0001:00008f60       _register_onexit_function  0000000180009f60 f   libucrt:onexit.obj
 0001:00008fe0       __acrt_uninitialize_command_line 0000000180009fe0 f   libucrt:argv_data.obj
 0001:000090d8       __acrt_initialize          000000018000a0d8 f   libucrt:initialization.obj
 0001:000090ec       __acrt_thread_attach       000000018000a0ec f   libucrt:initialization.obj
 0001:00009100       __acrt_thread_detach       000000018000a100 f   libucrt:initialization.obj
 0001:00009110       __acrt_uninitialize        000000018000a110 f   libucrt:initialization.obj
 0001:00009148       __acrt_uninitialize_critical 000000018000a148 f   libucrt:initialization.obj
 0001:00009158       _initterm                  000000018000a158 f   libucrt:initterm.obj
 0001:000091bc       _initterm_e                000000018000a1bc f   libucrt:initterm.obj
 0001:000091fc       free                       000000018000a1fc f   libucrt:free.obj
 0001:00009210       terminate                  000000018000a210 f   libucrt:terminate.obj
 0001:00009230       strcpy_s                   000000018000a230 f   libucrt:strcpy_s.obj
 0001:00009290       abort                      000000018000a290 f   libucrt:abort.obj
 0001:000092e8       calloc                     000000018000a2e8 f   libucrt:calloc.obj
 0001:000092f0       wcsncmp                    000000018000a2f0 f   libucrt:wcsncmp.obj
 0001:00009330       strncmp                    000000018000a330 f   libucrt:strncmp.obj
 0001:00009728       __acrt_freeptd             000000018000a728 f   libucrt:per_thread_data.obj
 0001:0000976c       __acrt_getptd              000000018000a76c f   libucrt:per_thread_data.obj
 0001:00009840       __acrt_getptd_head         000000018000a840 f   libucrt:per_thread_data.obj
 0001:000098e8       __acrt_getptd_noexit       000000018000a8e8 f   libucrt:per_thread_data.obj
 0001:000099b4       __acrt_initialize_ptd      000000018000a9b4 f   libucrt:per_thread_data.obj
 0001:000099f0       __acrt_uninitialize_ptd    000000018000a9f0 f   libucrt:per_thread_data.obj
 0001:00009a74       _tolower_l                 000000018000aa74 f   libucrt:tolower_toupper.obj
 0001:00009bb4       __acrt_errno_from_os_error 000000018000abb4 f   libucrt:errno.obj
 0001:00009bfc       __acrt_errno_map_os_error  000000018000abfc f   libucrt:errno.obj
 0001:00009c4c       __doserrno                 000000018000ac4c f   libucrt:errno.obj
 0001:00009c6c       _errno                     000000018000ac6c f   libucrt:errno.obj
 0001:00009c8c       __acrt_update_locale_info  000000018000ac8c f   libucrt:locale_update.obj
 0001:00009cc0       __acrt_update_multibyte_info 000000018000acc0 f   libucrt:locale_update.obj
 0001:00009d64       __acrt_set_locale_changed  000000018000ad64 f   libucrt:wsetlocale.obj
 0001:00009d70       __acrt_uninitialize_locale 000000018000ad70 f   libucrt:wsetlocale.obj
 0001:00009da0       __acrt_initialize_locks    000000018000ada0 f   libucrt:locks.obj
 0001:00009de8       __acrt_lock                000000018000ade8 f   libucrt:locks.obj
 0001:00009e04       __acrt_uninitialize_locks  000000018000ae04 f   libucrt:locks.obj
 0001:00009e3c       __acrt_unlock              000000018000ae3c f   libucrt:locks.obj
 0001:00009e58       _malloc_base               000000018000ae58 f   libucrt:malloc_base.obj
 0001:00009eb8       __acrt_get_process_end_policy 000000018000aeb8 f   libucrt:win_policies.obj
 0001:00009ef4       _calloc_base               000000018000aef4 f   libucrt:calloc_base.obj
 0001:00009f6c       _free_base                 000000018000af6c f   libucrt:free_base.obj
 0001:00009fc0       ??$__acrt_mbs_to_wcs_cp@U__crt_win32_buffer_internal_dynamic_resizing@@@@YAHQEBDAEAV?$__crt_win32_buffer@_WU__crt_win32_buffer_internal_dynamic_resizing@@@@I@Z 000000018000afc0 f i libucrt:argv_wildcards.obj
 0001:0000a138       ??$__acrt_wcs_to_mbs_cp@U__crt_win32_buffer_internal_dynamic_resizing@@@@YAHQEB_WAEAV?$__crt_win32_buffer@DU__crt_win32_buffer_internal_dynamic_resizing@@@@I@Z 000000018000b138 f i libucrt:argv_wildcards.obj
 0001:0000a968       __acrt_expand_narrow_argv_wildcards 000000018000b968 f   libucrt:argv_wildcards.obj
 0001:0000a970       ??$__acrt_wcs_to_mbs_cp@U__crt_win32_buffer_no_resizing@@@@YAHQEB_WAEAV?$__crt_win32_buffer@DU__crt_win32_buffer_no_resizing@@@@I@Z 000000018000b970 f i libucrt:getmodulefilenamea.obj
 0001:0000aa84       __acrt_GetModuleFileNameA  000000018000ba84 f   libucrt:getmodulefilenamea.obj
 0001:0000b2d0       __acrt_initialize_multibyte 000000018000c2d0 f   libucrt:mbctype.obj
 0001:0000b330       __acrt_update_thread_multibyte_data 000000018000c330 f   libucrt:mbctype.obj
 0001:0000b34c       _setmbcp_nolock            000000018000c34c f   libucrt:mbctype.obj
 0001:0000b680       _ismbblead                 000000018000c680 f   libucrt:ismbbyte.obj
 0001:0000b694       __acrt_initialize_command_line 000000018000c694 f   libucrt:argv_data.obj
 0001:0000b6bc       __acrt_MultiByteToWideChar 000000018000c6bc f   libucrt:multibytetowidechar.obj
 0001:0000b718       __acrt_WideCharToMultiByte 000000018000c718 f   libucrt:widechartomultibyte.obj
 0001:0000b7b0       __dcrt_get_narrow_environment_from_os 000000018000c7b0 f   libucrt:get_environment_from_os.obj
 0001:0000b8b4       _recalloc_base             000000018000c8b4 f   libucrt:recalloc.obj
 0001:0000bb24       __acrt_AppPolicyGetProcessTerminationMethodInternal 000000018000cb24 f   libucrt:winapi_thunks.obj
 0001:0000bb74       __acrt_AreFileApisANSI     000000018000cb74 f   libucrt:winapi_thunks.obj
 0001:0000bbb0       __acrt_FlsAlloc            000000018000cbb0 f   libucrt:winapi_thunks.obj
 0001:0000bbf8       __acrt_FlsFree             000000018000cbf8 f   libucrt:winapi_thunks.obj
 0001:0000bc40       __acrt_FlsGetValue         000000018000cc40 f   libucrt:winapi_thunks.obj
 0001:0000bc88       __acrt_FlsSetValue         000000018000cc88 f   libucrt:winapi_thunks.obj
 0001:0000bcdc       __acrt_InitializeCriticalSectionEx 000000018000ccdc f   libucrt:winapi_thunks.obj
 0001:0000bd40       __acrt_LCMapStringEx       000000018000cd40 f   libucrt:winapi_thunks.obj
 0001:0000be1c       __acrt_LocaleNameToLCID    000000018000ce1c f   libucrt:winapi_thunks.obj
 0001:0000be6c       __acrt_initialize_winapi_thunks 000000018000ce6c f   libucrt:winapi_thunks.obj
 0001:0000bea0       __acrt_uninitialize_winapi_thunks 000000018000cea0 f   libucrt:winapi_thunks.obj
 0001:0000bee4       __acrt_initialize_heap     000000018000cee4 f   libucrt:heap_handle.obj
 0001:0000bf00       __acrt_uninitialize_heap   000000018000cf00 f   libucrt:heap_handle.obj
 0001:0000c108       __acrt_initialize_lowio    000000018000d108 f   libucrt:ioinit.obj
 0001:0000c144       __acrt_uninitialize_lowio  000000018000d144 f   libucrt:ioinit.obj
 0001:0000c184       __acrt_execute_initializers 000000018000d184 f   libucrt:shared_initialization.obj
 0001:0000c204       __acrt_execute_uninitializers 000000018000d204 f   libucrt:shared_initialization.obj
 0001:0000c288       __acrt_get_sigabrt_handler 000000018000d288 f   libucrt:signal.obj
 0001:0000c2b8       __acrt_initialize_signal_handlers 000000018000d2b8 f   libucrt:signal.obj
 0001:0000c2d8       raise                      000000018000d2d8 f   libucrt:signal.obj
 0001:0000c544       __acrt_has_user_matherr    000000018000d544 f   libucrt:matherr.obj
 0001:0000c564       __acrt_initialize_user_matherr 000000018000d564 f   libucrt:matherr.obj
 0001:0000c56c       __acrt_invoke_user_matherr 000000018000d56c f   libucrt:matherr.obj
 0001:0000c778       __acrt_stdio_flush_nolock  000000018000d778 f   libucrt:fflush.obj
 0001:0000c7f4       _fflush_nolock             000000018000d7f4 f   libucrt:fflush.obj
 0001:0000c840       _flushall                  000000018000d840 f   libucrt:fflush.obj
 0001:0000c848       __acrt_initialize_stdio    000000018000d848 f   libucrt:_file.obj
 0001:0000c968       __acrt_uninitialize_stdio  000000018000d968 f   libucrt:_file.obj
 0001:0000c9c4       _lock_file                 000000018000d9c4 f   libucrt:_file.obj
 0001:0000c9d0       _unlock_file               000000018000d9d0 f   libucrt:_file.obj
 0001:0000c9dc       _mbtowc_l                  000000018000d9dc f   libucrt:mbtowc.obj
 0001:0000cb58       mbtowc                     000000018000db58 f   libucrt:mbtowc.obj
 0001:0000cb60       _fileno                    000000018000db60 f   libucrt:fileno.obj
 0001:0000cb88       __pctype_func              000000018000db88 f   libucrt:ctype.obj
 0001:0000cbb8       _isctype_l                 000000018000dbb8 f   libucrt:isctype.obj
 0001:0000ccc8       __acrt_add_locale_ref      000000018000dcc8 f   libucrt:locale_refcounting.obj
 0001:0000cd54       __acrt_free_locale         000000018000dd54 f   libucrt:locale_refcounting.obj
 0001:0000cecc       __acrt_locale_add_lc_time_reference 000000018000decc f   libucrt:locale_refcounting.obj
 0001:0000cef4       __acrt_locale_free_lc_time_if_unreferenced 000000018000def4 f   libucrt:locale_refcounting.obj
 0001:0000cf2c       __acrt_locale_release_lc_time_reference 000000018000df2c f   libucrt:locale_refcounting.obj
 0001:0000cf54       __acrt_release_locale_ref  000000018000df54 f   libucrt:locale_refcounting.obj
 0001:0000cffc       __acrt_update_thread_locale_data 000000018000dffc f   libucrt:locale_refcounting.obj
 0001:0000d06c       _updatetlocinfoEx_nolock   000000018000e06c f   libucrt:locale_refcounting.obj
 0001:0000d0d4       _isleadbyte_l              000000018000e0d4 f i libucrt:_wctype.obj
 0001:0000d438       __acrt_LCMapStringA        000000018000e438 f   libucrt:lcmapstringa.obj
 0001:0000d4d0       __acrt_locale_free_monetary 000000018000e4d0 f   libucrt:initmon.obj
 0001:0000d5dc       __acrt_locale_free_numeric 000000018000e5dc f   libucrt:initnum.obj
 0001:0000d6a0       __acrt_locale_free_time    000000018000e6a0 f   libucrt:inittime.obj
 0001:0000d7a8       __acrt_GetStringTypeA      000000018000e7a8 f   libucrt:getstringtypea.obj
 0001:0000d938       _query_new_mode            000000018000e938 f   libucrt:new_mode.obj
 0001:0000d940       qsort                      000000018000e940 f   libucrt:qsort.obj
 0001:0000dd00       strncpy_s                  000000018000ed00 f   libucrt:strncpy_s.obj
 0001:0000de80       strpbrk                    000000018000ee80 f   libucrt:strpbrk.obj
 0001:0000e260       _mbsdec                    000000018000f260 f   libucrt:mbsdec.obj
 0001:0000e268       _mbsdec_l                  000000018000f268 f   libucrt:mbsdec.obj
 0001:0000e314       _msize_base                000000018000f314 f   libucrt:msize.obj
 0001:0000e350       _realloc_base              000000018000f350 f   libucrt:realloc_base.obj
 0001:0000e4b4       __acrt_DownlevelLocaleNameToLCID 000000018000f4b4 f   libucrt:lcidtoname_downlevel.obj
 0001:0000e4e8       __acrt_lowio_create_handle_array 000000018000f4e8 f   libucrt:osfinfo.obj
 0001:0000e590       __acrt_lowio_destroy_handle_array 000000018000f590 f   libucrt:osfinfo.obj
 0001:0000e5e0       __acrt_lowio_ensure_fh_exists 000000018000f5e0 f   libucrt:osfinfo.obj
 0001:0000e688       __acrt_lowio_lock_fh       000000018000f688 f   libucrt:osfinfo.obj
 0001:0000e6b0       __acrt_lowio_unlock_fh     000000018000f6b0 f   libucrt:osfinfo.obj
 0001:0000e6d8       _free_osfhnd               000000018000f6d8 f   libucrt:osfinfo.obj
 0001:0000e794       _get_osfhandle             000000018000f794 f   libucrt:osfinfo.obj
 0001:0000e898       _commit                    000000018000f898 f   libucrt:commit.obj
 0001:0000f198       _write                     0000000180010198 f   libucrt:write.obj
 0001:0000f284       _write_nolock              0000000180010284 f   libucrt:write.obj
 0001:0000f560       _fcloseall                 0000000180010560 f   libucrt:closeall.obj
 0001:0000f614       __acrt_stdio_free_buffer_nolock 0000000180010614 f   libucrt:_freebuf.obj
 0001:0000f654       _isatty                    0000000180010654 f   libucrt:isatty.obj
 0001:0000f6b4       ?__mbrtowc_utf8@__crt_mbstring@@YA_KPEA_WPEBD_KPEAU_Mbstatet@@@Z 00000001800106b4 f   libucrt:mbrtowc.obj
 0001:0000f6f0       ?__mbsrtowcs_utf8@__crt_mbstring@@YA_KPEA_WPEAPEBD_KPEAU_Mbstatet@@@Z 00000001800106f0 f   libucrt:mbrtowc.obj
 0001:0000f868       __strncnt                  0000000180010868 f   libucrt:strncnt.obj
 0001:0000f880       _query_app_type            0000000180010880 f   libucrt:report_runtime_error.obj
 0001:0000f924       _lseeki64_nolock           0000000180010924 f   libucrt:lseek.obj
 0001:0000f92c       _putwch_nolock             000000018001092c f   libucrt:putwch.obj
 0001:0000f968       _fclose_nolock             0000000180010968 f   libucrt:fclose.obj
 0001:0000f9ec       fclose                     00000001800109ec f   libucrt:fclose.obj
 0001:0000fa50       ?__mbrtoc32_utf8@__crt_mbstring@@YA_KPEA_UPEBD_KPEAU_Mbstatet@@@Z 0000000180010a50 f   libucrt:mbrtoc32.obj
 0001:0000fc30       log10                      0000000180010c30 f   libucrt:log10.obj
 0001:000101dc       __dcrt_lowio_ensure_console_output_initialized 00000001800111dc f   libucrt:initcon.obj
 0001:00010230       __dcrt_terminate_console_output 0000000180011230 f   libucrt:initcon.obj
 0001:0001024c       __dcrt_write_console       000000018001124c f   libucrt:initcon.obj
 0001:00010380       _close                     0000000180011380 f   libucrt:close.obj
 0001:00010424       _close_nolock              0000000180011424 f   libucrt:close.obj
 0001:000104e4       ?__acrt_stdio_free_stream@@YAXV__crt_stdio_stream@@@Z 00000001800114e4 f   libucrt:stream.obj
 0001:00010624       _handle_error              0000000180011624 f   libucrt:libm_error.obj
 0001:00010750       __acrt_initialize_fma3     0000000180011750 f   libucrt:fma3_available.obj
 0001:000107c0       _log10_special             00000001800117c0 f   libucrt:log_special.obj
 0001:00010890       _get_fpsr                  0000000180011890 f   libucrt:fpsr.obj
 0001:000108a0       _set_fpsr                  00000001800118a0 f   libucrt:fpsr.obj
 0001:000108aa       _fclrf                     00000001800118aa f   libucrt:fpsr.obj
 0001:000108be       _frnd                      00000001800118be f   libucrt:fpsr.obj
 0001:000108e0       _raise_exc                 00000001800118e0 f   libucrt:fpexcept.obj
 0001:00010908       _raise_exc_ex              0000000180011908 f   libucrt:fpexcept.obj
 0001:00010c18       _set_errno_from_matherr    0000000180011c18 f   libucrt:fpexcept.obj
 0001:00010c48       _clrfp                     0000000180011c48 f   libucrt:fpctrl.obj
 0001:00010c68       _ctrlfp                    0000000180011c68 f   libucrt:fpctrl.obj
 0001:00010ce4       _set_statfp                0000000180011ce4 f   libucrt:fpctrl.obj
 0001:00010d04       _statfp                    0000000180011d04 f   libucrt:fpctrl.obj
 0001:00010d15       IsProcessorFeaturePresent  0000000180011d15 f   kernel32:KERNEL32.dll
 0001:00010d1c       ?DloadAcquireSectionWriteAccess@@YAXXZ 0000000180011d1c f i DelayImp:delayhlp.obj
 0001:00010dc8       ?DloadGetSRWLockFunctionPointers@@YAEXZ 0000000180011dc8 f i DelayImp:delayhlp.obj
 0001:00010e64       ?DloadMakePermanentImageCommit@@YAXPEAX_K@Z 0000000180011e64 f i DelayImp:delayhlp.obj
 0001:00010efc       ?DloadObtainSection@@YAPEAXPEAK0@Z 0000000180011efc f i DelayImp:delayhlp.obj
 0001:00010f98       ?DloadProtectSection@@YAXKPEAK@Z 0000000180011f98 f i DelayImp:delayhlp.obj
 0001:00011028       ?DloadReleaseSectionWriteAccess@@YAXXZ 0000000180012028 f i DelayImp:delayhlp.obj
 0001:000110bc       __delayLoadHelper2         00000001800120bc f   DelayImp:delayhlp.obj
 0001:00011380       _FindPESection             0000000180012380 f   LIBCMT:pesect.obj
 0001:000113d0       _IsNonwritableInCurrentImage 00000001800123d0 f   LIBCMT:pesect.obj
 0001:00011420       _ValidateImageBase         0000000180012420 f   LIBCMT:pesect.obj
 0001:00011450       __GSHandlerCheck           0000000180012450 f   LIBCMT:gshandler.obj
 0001:00011470       __GSHandlerCheckCommon     0000000180012470 f   LIBCMT:gshandler.obj
 0001:000114e0       __chkstk                   00000001800124e0 f   LIBCMT:chkstk.obj
 0001:000114e0       _alloca_probe              00000001800124e0 f   LIBCMT:chkstk.obj
 0001:00011550       memcmp                     0000000180012550 f   libvcruntime:memcmp.obj
 0001:00011630       memchr                     0000000180012630 f   libvcruntime:memchr.obj
 0001:000116b0       _guard_dispatch_icall_nop  00000001800126b0 f   LIBCMT:guard_dispatch.obj
 0002:00000000       __imp_GetModuleHandleA     0000000180013000     kernel32:KERNEL32.dll
 0002:00000008       __imp_LoadLibraryExA       0000000180013008     kernel32:KERNEL32.dll
 0002:00000010       __imp_RtlCaptureContext    0000000180013010     kernel32:KERNEL32.dll
 0002:00000018       __imp_RtlLookupFunctionEntry 0000000180013018     kernel32:KERNEL32.dll
 0002:00000020       __imp_RtlVirtualUnwind     0000000180013020     kernel32:KERNEL32.dll
 0002:00000028       __imp_UnhandledExceptionFilter 0000000180013028     kernel32:KERNEL32.dll
 0002:00000030       __imp_SetUnhandledExceptionFilter 0000000180013030     kernel32:KERNEL32.dll
 0002:00000038       __imp_GetCurrentProcess    0000000180013038     kernel32:KERNEL32.dll
 0002:00000040       __imp_TerminateProcess     0000000180013040     kernel32:KERNEL32.dll
 0002:00000048       __imp_IsProcessorFeaturePresent 0000000180013048     kernel32:KERNEL32.dll
 0002:00000050       __imp_IsDebuggerPresent    0000000180013050     kernel32:KERNEL32.dll
 0002:00000058       __imp_GetStartupInfoW      0000000180013058     kernel32:KERNEL32.dll
 0002:00000060       __imp_GetModuleHandleW     0000000180013060     kernel32:KERNEL32.dll
 0002:00000068       __imp_QueryPerformanceCounter 0000000180013068     kernel32:KERNEL32.dll
 0002:00000070       __imp_GetCurrentProcessId  0000000180013070     kernel32:KERNEL32.dll
 0002:00000078       __imp_GetCurrentThreadId   0000000180013078     kernel32:KERNEL32.dll
 0002:00000080       __imp_GetSystemTimeAsFileTime 0000000180013080     kernel32:KERNEL32.dll
 0002:00000088       __imp_InitializeSListHead  0000000180013088     kernel32:KERNEL32.dll
 0002:00000090       __imp_RtlPcToFileHeader    0000000180013090     kernel32:KERNEL32.dll
 0002:00000098       __imp_RaiseException       0000000180013098     kernel32:KERNEL32.dll
 0002:000000a0       __imp_RtlUnwindEx          00000001800130a0     kernel32:KERNEL32.dll
 0002:000000a8       __imp_InterlockedFlushSList 00000001800130a8     kernel32:KERNEL32.dll
 0002:000000b0       __imp_GetLastError         00000001800130b0     kernel32:KERNEL32.dll
 0002:000000b8       __imp_SetLastError         00000001800130b8     kernel32:KERNEL32.dll
 0002:000000c0       __imp_EnterCriticalSection 00000001800130c0     kernel32:KERNEL32.dll
 0002:000000c8       __imp_LeaveCriticalSection 00000001800130c8     kernel32:KERNEL32.dll
 0002:000000d0       __imp_DeleteCriticalSection 00000001800130d0     kernel32:KERNEL32.dll
 0002:000000d8       __imp_InitializeCriticalSectionAndSpinCount 00000001800130d8     kernel32:KERNEL32.dll
 0002:000000e0       __imp_TlsAlloc             00000001800130e0     kernel32:KERNEL32.dll
 0002:000000e8       __imp_TlsGetValue          00000001800130e8     kernel32:KERNEL32.dll
 0002:000000f0       __imp_TlsSetValue          00000001800130f0     kernel32:KERNEL32.dll
 0002:000000f8       __imp_TlsFree              00000001800130f8     kernel32:KERNEL32.dll
 0002:00000100       __imp_FreeLibrary          0000000180013100     kernel32:KERNEL32.dll
 0002:00000108       __imp_GetProcAddress       0000000180013108     kernel32:KERNEL32.dll
 0002:00000110       __imp_LoadLibraryExW       0000000180013110     kernel32:KERNEL32.dll
 0002:00000118       __imp_ExitProcess          0000000180013118     kernel32:KERNEL32.dll
 0002:00000120       __imp_GetModuleHandleExW   0000000180013120     kernel32:KERNEL32.dll
 0002:00000128       __imp_GetModuleFileNameW   0000000180013128     kernel32:KERNEL32.dll
 0002:00000130       __imp_HeapAlloc            0000000180013130     kernel32:KERNEL32.dll
 0002:00000138       __imp_HeapFree             0000000180013138     kernel32:KERNEL32.dll
 0002:00000140       __imp_FindClose            0000000180013140     kernel32:KERNEL32.dll
 0002:00000148       __imp_FindFirstFileExW     0000000180013148     kernel32:KERNEL32.dll
 0002:00000150       __imp_FindNextFileW        0000000180013150     kernel32:KERNEL32.dll
 0002:00000158       __imp_IsValidCodePage      0000000180013158     kernel32:KERNEL32.dll
 0002:00000160       __imp_GetACP               0000000180013160     kernel32:KERNEL32.dll
 0002:00000168       __imp_GetOEMCP             0000000180013168     kernel32:KERNEL32.dll
 0002:00000170       __imp_GetCPInfo            0000000180013170     kernel32:KERNEL32.dll
 0002:00000178       __imp_GetCommandLineA      0000000180013178     kernel32:KERNEL32.dll
 0002:00000180       __imp_GetCommandLineW      0000000180013180     kernel32:KERNEL32.dll
 0002:00000188       __imp_MultiByteToWideChar  0000000180013188     kernel32:KERNEL32.dll
 0002:00000190       __imp_WideCharToMultiByte  0000000180013190     kernel32:KERNEL32.dll
 0002:00000198       __imp_GetEnvironmentStringsW 0000000180013198     kernel32:KERNEL32.dll
 0002:000001a0       __imp_FreeEnvironmentStringsW 00000001800131a0     kernel32:KERNEL32.dll
 0002:000001a8       __imp_LCMapStringW         00000001800131a8     kernel32:KERNEL32.dll
 0002:000001b0       __imp_GetProcessHeap       00000001800131b0     kernel32:KERNEL32.dll
 0002:000001b8       __imp_GetStdHandle         00000001800131b8     kernel32:KERNEL32.dll
 0002:000001c0       __imp_GetFileType          00000001800131c0     kernel32:KERNEL32.dll
 0002:000001c8       __imp_GetStringTypeW       00000001800131c8     kernel32:KERNEL32.dll
 0002:000001d0       __imp_HeapSize             00000001800131d0     kernel32:KERNEL32.dll
 0002:000001d8       __imp_HeapReAlloc          00000001800131d8     kernel32:KERNEL32.dll
 0002:000001e0       __imp_SetStdHandle         00000001800131e0     kernel32:KERNEL32.dll
 0002:000001e8       __imp_FlushFileBuffers     00000001800131e8     kernel32:KERNEL32.dll
 0002:000001f0       __imp_WriteFile            00000001800131f0     kernel32:KERNEL32.dll
 0002:000001f8       __imp_GetConsoleCP         00000001800131f8     kernel32:KERNEL32.dll
 0002:00000200       __imp_GetConsoleMode       0000000180013200     kernel32:KERNEL32.dll
 0002:00000208       __imp_SetFilePointerEx     0000000180013208     kernel32:KERNEL32.dll
 0002:00000210       __imp_CreateFileW          0000000180013210     kernel32:KERNEL32.dll
 0002:00000218       __imp_CloseHandle          0000000180013218     kernel32:KERNEL32.dll
 0002:00000220       __imp_WriteConsoleW        0000000180013220     kernel32:KERNEL32.dll
 0002:00000228       __imp_GetSystemInfo        0000000180013228     kernel32:KERNEL32.dll
 0002:00000230       __imp_VirtualProtect       0000000180013230     kernel32:KERNEL32.dll
 0002:00000238       __imp_VirtualQuery         0000000180013238     kernel32:KERNEL32.dll
 0002:00000240       \177KERNEL32_NULL_THUNK_DATA 0000000180013240     kernel32:KERNEL32.dll
 0002:00000248       __guard_check_icall_fptr   0000000180013248     LIBCMT:guard_support.obj
 0002:00000250       __guard_dispatch_icall_fptr 0000000180013250     LIBCMT:guard_support.obj
 0002:00000258       __xc_a                     0000000180013258     LIBCMT:initializers.obj
 0002:00000268       _register_utils_           0000000180013268     main.obj
 0002:00000270       __xc_z                     0000000180013270     LIBCMT:initializers.obj
 0002:00000278       __xi_a                     0000000180013278     LIBCMT:initializers.obj
 0002:00000280       __acrt_multibyte_initializer 0000000180013280     libucrt:multibyte_initializer.obj
 0002:00000288       __acrt_stdio_initializer   0000000180013288     libucrt:stdio_initializer.obj
 0002:00000290       __acrt_tran_fma3_initializer 0000000180013290     libucrt:fma3_initializer.obj
 0002:00000298       __xi_z                     0000000180013298     LIBCMT:initializers.obj
 0002:000002a0       __xp_a                     00000001800132a0     LIBCMT:initializers.obj
 0002:000002a8       __acrt_locale_terminator   00000001800132a8     libucrt:locale_initializer.obj
 0002:000002b0       __dcrt_console_output_terminator 00000001800132b0     libucrt:console_output_initializer.obj
 0002:000002b8       __acrt_stdio_terminator    00000001800132b8     libucrt:stdio_initializer.obj
 0002:000002c0       __xp_z                     00000001800132c0     LIBCMT:initializers.obj
 0002:000002c8       __xt_a                     00000001800132c8     LIBCMT:initializers.obj
 0002:000002d0       __xt_z                     00000001800132d0     LIBCMT:initializers.obj
 0002:000002e0       __sz_node_exe              00000001800132e0     node:node.exe
 0002:000002f8       ??_7exception@std@@6B@     00000001800132f8     libcpmt:xthrow.obj
 0002:00000308       ??_C@_0BC@EOODALEL@Unknown?5exception@ 0000000180013308     libcpmt:xthrow.obj
 0002:00000328       ??_7bad_alloc@std@@6B@     0000000180013328     libcpmt:xthrow.obj
 0002:00000338       ??_C@_0P@GHFPNOJB@bad?5allocation@ 0000000180013338     libcpmt:xthrow.obj
 0002:00000350       ??_7logic_error@std@@6B@   0000000180013350     libcpmt:xthrow.obj
 0002:00000368       ??_7length_error@std@@6B@  0000000180013368     libcpmt:xthrow.obj
 0002:00000378       _pDefaultRawDllMain        0000000180013378     LIBCMT:dll_dllmain.obj
 0002:00000378       _pRawDllMain               0000000180013378     LIBCMT:dll_dllmain.obj
 0002:00000388       ??_7type_info@@6B@         0000000180013388     LIBCMT:std_type_info_static.obj
 0002:000003a8       ??_7bad_array_new_length@std@@6B@ 00000001800133a8     LIBCMT:throw_bad_alloc.obj
 0002:000003b8       ??_C@_0BF@KINCDENJ@bad?5array?5new?5length@ 00000001800133b8     LIBCMT:throw_bad_alloc.obj
 0002:00000428       ??_C@_1DM@KHCHBNEB@?$AAa?$AAp?$AAi?$AA?9?$AAm?$AAs?$AA?9?$AAw?$AAi?$AAn?$AA?9?$AAc?$AAo?$AAr?$AAe@ 0000000180013428     libvcruntime:winapi_downlevel.obj
 0002:00000468       ??_C@_1DK@LPPGFMPP@?$AAa?$AAp?$AAi?$AA?9?$AAm?$AAs?$AA?9?$AAw?$AAi?$AAn?$AA?9?$AAc?$AAo?$AAr?$AAe@ 0000000180013468     libvcruntime:winapi_downlevel.obj
 0002:000004a8       ??_C@_1BC@GDMECMAK@?$AAk?$AAe?$AAr?$AAn?$AAe?$AAl?$AA3?$AA2@ 00000001800134a8     libvcruntime:winapi_downlevel.obj
 0002:000004c0       ??_C@_1BA@PFFKHIOG@?$AAa?$AAp?$AAi?$AA?9?$AAm?$AAs?$AA?9@ 00000001800134c0     libvcruntime:winapi_downlevel.obj
 0002:000004d0       ??_C@_1BA@IAIFMGEF@?$AAe?$AAx?$AAt?$AA?9?$AAm?$AAs?$AA?9@ 00000001800134d0     libvcruntime:winapi_downlevel.obj
 0002:000004e8       ??_C@_08KNHFBNJ@FlsAlloc@  00000001800134e8     libvcruntime:winapi_downlevel.obj
 0002:00000500       ??_C@_07PEJMOBNF@FlsFree@  0000000180013500     libvcruntime:winapi_downlevel.obj
 0002:00000510       ??_C@_0M@GDNOONDI@FlsGetValue@ 0000000180013510     libvcruntime:winapi_downlevel.obj
 0002:00000528       ??_C@_0M@JCPCPOEF@FlsSetValue@ 0000000180013528     libvcruntime:winapi_downlevel.obj
 0002:00000540       ??_C@_0BM@HCFOFFN@InitializeCriticalSectionEx@ 0000000180013540     libvcruntime:winapi_downlevel.obj
 0002:00000560       _pDestructExceptionObject  0000000180013560     libvcruntime:ehhelpers.obj
 0002:000008a8       ??_C@_08EHJDFFNH@__based?$CI@ 00000001800138a8     libvcruntime:undname.obj
 0002:000008b8       ??_C@_07KOLFKCDI@__cdecl@  00000001800138b8     libvcruntime:undname.obj
 0002:000008c0       ??_C@_08GHMPAG@__pascal@   00000001800138c0     libvcruntime:undname.obj
 0002:000008d0       ??_C@_09IFJBGAPI@__stdcall@ 00000001800138d0     libvcruntime:undname.obj
 0002:000008e0       ??_C@_0L@NPHFGOKO@__thiscall@ 00000001800138e0     libvcruntime:undname.obj
 0002:000008f0       ??_C@_0L@JMKHOMEK@__fastcall@ 00000001800138f0     libvcruntime:undname.obj
 0002:00000900       ??_C@_0N@BCKKPABJ@__vectorcall@ 0000000180013900     libvcruntime:undname.obj
 0002:00000910       ??_C@_09HIJEGCPM@__clrcall@ 0000000180013910     libvcruntime:undname.obj
 0002:0000091c       ??_C@_06GHPCKEAG@__eabi@   000000018001391c     libvcruntime:undname.obj
 0002:00000928       ??_C@_09IOPIDJLG@__swift_1@ 0000000180013928     libvcruntime:undname.obj
 0002:00000938       ??_C@_09KFNFGKHF@__swift_2@ 0000000180013938     libvcruntime:undname.obj
 0002:00000948       ??_C@_07JOMMBBKO@__ptr64@  0000000180013948     libvcruntime:undname.obj
 0002:00000950       ??_C@_0L@PILCLIHE@__restrict@ 0000000180013950     libvcruntime:undname.obj
 0002:00000960       ??_C@_0M@GFIIJFMG@__unaligned@ 0000000180013960     libvcruntime:undname.obj
 0002:00000970       ??_C@_09DHDLOLLB@restrict?$CI@ 0000000180013970     libvcruntime:undname.obj
 0002:0000097c       ??_C@_04NIHEBCM@?5new@     000000018001397c     libvcruntime:undname.obj
 0002:00000988       ??_C@_07FPCDHGMM@?5delete@ 0000000180013988     libvcruntime:undname.obj
 0002:00000990       ??_C@_01NEMOKFLO@?$DN@     0000000180013990     libvcruntime:undname.obj
 0002:00000994       ??_C@_02GPIOPFAK@?$DO?$DO@ 0000000180013994     libvcruntime:undname.obj
 0002:00000998       ??_C@_02FODMEDOG@?$DM?$DM@ 0000000180013998     libvcruntime:undname.obj
 0002:0000099c       ??_C@_01DCLJPIOD@?$CB@     000000018001399c     libvcruntime:undname.obj
 0002:000009a0       ??_C@_02EGOFBIJA@?$DN?$DN@ 00000001800139a0     libvcruntime:undname.obj
 0002:000009a4       ??_C@_02FDNJECIE@?$CB?$DN@ 00000001800139a4     libvcruntime:undname.obj
 0002:000009a8       ??_C@_02GPECMEKF@?$FL?$FN@ 00000001800139a8     libvcruntime:undname.obj
 0002:000009b0       ??_C@_08LHJFAFGD@operator@ 00000001800139b0     libvcruntime:undname.obj
 0002:000009bc       ??_C@_02HBOOOICD@?9?$DO@   00000001800139bc     libvcruntime:undname.obj
 0002:000009c0       ??_C@_01NBENCBCI@?$CK@     00000001800139c0     libvcruntime:undname.obj
 0002:000009c4       ??_C@_02ECNGHCIF@?$CL?$CL@ 00000001800139c4     libvcruntime:undname.obj
 0002:000009c8       ??_C@_02BAABKJLB@?9?9@     00000001800139c8     libvcruntime:undname.obj
 0002:000009cc       ??_C@_01JOAMLHOP@?9@       00000001800139cc     libvcruntime:undname.obj
 0002:000009d0       ??_C@_01MIFGBAGJ@?$CL@     00000001800139d0     libvcruntime:undname.obj
 0002:000009d4       ??_C@_01HNPIGOCE@?$CG@     00000001800139d4     libvcruntime:undname.obj
 0002:000009d8       ??_C@_03MNHNFDLC@?9?$DO?$CK@ 00000001800139d8     libvcruntime:undname.obj
 0002:000009dc       ??_C@_01KMDKNFGN@?1@       00000001800139dc     libvcruntime:undname.obj
 0002:000009e0       ??_C@_01FGNFDNOH@?$CF@     00000001800139e0     libvcruntime:undname.obj
 0002:000009e4       ??_C@_01MNNFJEPP@?$DM@     00000001800139e4     libvcruntime:undname.obj
 0002:000009e8       ??_C@_02EHCHHCKH@?$DM?$DN@ 00000001800139e8     libvcruntime:undname.obj
 0002:000009ec       ??_C@_01PPODPGHN@?$DO@     00000001800139ec     libvcruntime:undname.obj
 0002:000009f0       ??_C@_02EEKDKGMJ@?$DO?$DN@ 00000001800139f0     libvcruntime:undname.obj
 0002:000009f4       ??_C@_01IHBHIGKO@?0@       00000001800139f4     libvcruntime:undname.obj
 0002:000009f8       ??_C@_02HCKGKOFO@?$CI?$CJ@ 00000001800139f8     libvcruntime:undname.obj
 0002:000009fc       ??_C@_01PJKLJHI@?$HO@      00000001800139fc     libvcruntime:undname.obj
 0002:00000a00       ??_C@_01JKBOJNNK@?$FO@     0000000180013a00     libvcruntime:undname.obj
 0002:00000a04       ??_C@_01DNKMNLPK@?$HM@     0000000180013a04     libvcruntime:undname.obj
 0002:00000a08       ??_C@_02PPKAJPJL@?$CG?$CG@ 0000000180013a08     libvcruntime:undname.obj
 0002:00000a0c       ??_C@_02NONPIBCD@?$HM?$HM@ 0000000180013a0c     libvcruntime:undname.obj
 0002:00000a10       ??_C@_02FPIMKNGF@?$CK?$DN@ 0000000180013a10     libvcruntime:undname.obj
 0002:00000a14       ??_C@_02FOEOMHFC@?$CL?$DN@ 0000000180013a14     libvcruntime:undname.obj
 0002:00000a18       ??_C@_02FKMDLLOA@?9?$DN@   0000000180013a18     libvcruntime:undname.obj
 0002:00000a1c       ??_C@_02FJEHGPIO@?1?$DN@   0000000180013a1c     libvcruntime:undname.obj
 0002:00000a20       ??_C@_02FENAOKFI@?$CF?$DN@ 0000000180013a20     libvcruntime:undname.obj
 0002:00000a24       ??_C@_03IKFCCPFF@?$DO?$DO?$DN@ 0000000180013a24     libvcruntime:undname.obj
 0002:00000a28       ??_C@_03CDNPDDLA@?$DM?$DM?$DN@ 0000000180013a28     libvcruntime:undname.obj
 0002:00000a2c       ??_C@_02FGJGFEAB@?$CG?$DN@ 0000000180013a2c     libvcruntime:undname.obj
 0002:00000a30       ??_C@_02DHLNPPGH@?$HM?$DN@ 0000000180013a30     libvcruntime:undname.obj
 0002:00000a34       ??_C@_02MHEGNOJ@?$FO?$DN@  0000000180013a34     libvcruntime:undname.obj
 0002:00000a38       ??_C@_09IFPLHPGF@?$GAvftable?8@ 0000000180013a38     libvcruntime:undname.obj
 0002:00000a48       ??_C@_09BLBHBJP@?$GAvbtable?8@ 0000000180013a48     libvcruntime:undname.obj
 0002:00000a58       ??_C@_07FEEIOKP@?$GAvcall?8@ 0000000180013a58     libvcruntime:undname.obj
 0002:00000a60       ??_C@_08LLFFHHDJ@?$GAtypeof?8@ 0000000180013a60     libvcruntime:undname.obj
 0002:00000a70       ??_C@_0BF@KDPPACIK@?$GAlocal?5static?5guard?8@ 0000000180013a70     libvcruntime:undname.obj
 0002:00000a88       ??_C@_08OBABFOLI@?$GAstring?8@ 0000000180013a88     libvcruntime:undname.obj
 0002:00000a98       ??_C@_0BD@JDLKDPAB@?$GAvbase?5destructor?8@ 0000000180013a98     libvcruntime:undname.obj
 0002:00000ab0       ??_C@_0BN@DEGPLNFK@?$GAvector?5deleting?5destructor?8@ 0000000180013ab0     libvcruntime:undname.obj
 0002:00000ad0       ??_C@_0BO@OBMKPJIG@?$GAdefault?5constructor?5closure?8@ 0000000180013ad0     libvcruntime:undname.obj
 0002:00000af0       ??_C@_0BN@IMDCHIKM@?$GAscalar?5deleting?5destructor?8@ 0000000180013af0     libvcruntime:undname.obj
 0002:00000b10       ??_C@_0BO@PFGOCPJJ@?$GAvector?5constructor?5iterator?8@ 0000000180013b10     libvcruntime:undname.obj
 0002:00000b30       ??_C@_0BN@LFPFMEDL@?$GAvector?5destructor?5iterator?8@ 0000000180013b30     libvcruntime:undname.obj
 0002:00000b50       ??_C@_0CE@IKBNEHA@?$GAvector?5vbase?5constructor?5itera@ 0000000180013b50     libvcruntime:undname.obj
 0002:00000b78       ??_C@_0BL@NILFHHPC@?$GAvirtual?5displacement?5map?8@ 0000000180013b78     libvcruntime:undname.obj
 0002:00000b98       ??_C@_0CB@JONCMFFK@?$GAeh?5vector?5constructor?5iterator@ 0000000180013b98     libvcruntime:undname.obj
 0002:00000bc0       ??_C@_0CA@GCEOPDGL@?$GAeh?5vector?5destructor?5iterator?8@ 0000000180013bc0     libvcruntime:undname.obj
 0002:00000be0       ??_C@_0CH@OOJPLCPH@?$GAeh?5vector?5vbase?5constructor?5it@ 0000000180013be0     libvcruntime:undname.obj
 0002:00000c08       ??_C@_0BL@LLKPOHJI@?$GAcopy?5constructor?5closure?8@ 0000000180013c08     libvcruntime:undname.obj
 0002:00000c28       ??_C@_0BA@KBCDOMBN@?$GAudt?5returning?8@ 0000000180013c28     libvcruntime:undname.obj
 0002:00000c38       ??_C@_03KLGMFNMG@?$GAEH@   0000000180013c38     libvcruntime:undname.obj
 0002:00000c3c       ??_C@_05KHLCHHI@?$GARTTI@  0000000180013c3c     libvcruntime:undname.obj
 0002:00000c48       ??_C@_0BA@KKLDJDLB@?$GAlocal?5vftable?8@ 0000000180013c48     libvcruntime:undname.obj
 0002:00000c58       ??_C@_0CE@IIHCMGGL@?$GAlocal?5vftable?5constructor?5clos@ 0000000180013c58     libvcruntime:undname.obj
 0002:00000c7c       ??_C@_06FHBGPFGH@?5new?$FL?$FN@ 0000000180013c7c     libvcruntime:undname.obj
 0002:00000c88       ??_C@_09LBNFPBCA@?5delete?$FL?$FN@ 0000000180013c88     libvcruntime:undname.obj
 0002:00000c98       ??_C@_0P@HJKNJFNN@?$GAomni?5callsig?8@ 0000000180013c98     libvcruntime:undname.obj
 0002:00000ca8       ??_C@_0BL@CNOONJFP@?$GAplacement?5delete?5closure?8@ 0000000180013ca8     libvcruntime:undname.obj
 0002:00000cc8       ??_C@_0BN@CKNJLHMB@?$GAplacement?5delete?$FL?$FN?5closure?8@ 0000000180013cc8     libvcruntime:undname.obj
 0002:00000ce8       ??_C@_0CG@CFDHKGGD@?$GAmanaged?5vector?5constructor?5ite@ 0000000180013ce8     libvcruntime:undname.obj
 0002:00000d10       ??_C@_0CF@IMGKMJNO@?$GAmanaged?5vector?5destructor?5iter@ 0000000180013d10     libvcruntime:undname.obj
 0002:00000d38       ??_C@_0CG@HLDDJMAG@?$GAeh?5vector?5copy?5constructor?5ite@ 0000000180013d38     libvcruntime:undname.obj
 0002:00000d60       ??_C@_0CM@FCBBDIGB@?$GAeh?5vector?5vbase?5copy?5construct@ 0000000180013d60     libvcruntime:undname.obj
 0002:00000d90       ??_C@_0BL@CLIPGLGB@?$GAdynamic?5initializer?5for?5?8@ 0000000180013d90     libvcruntime:undname.obj
 0002:00000db0       ??_C@_0CB@PDBIFEP@?$GAdynamic?5atexit?5destructor?5for?5@ 0000000180013db0     libvcruntime:undname.obj
 0002:00000dd8       ??_C@_0CD@CGAJBKEJ@?$GAvector?5copy?5constructor?5iterat@ 0000000180013dd8     libvcruntime:undname.obj
 0002:00000e00       ??_C@_0CJ@GJELGAMM@?$GAvector?5vbase?5copy?5constructor?5@ 0000000180013e00     libvcruntime:undname.obj
 0002:00000e30       ??_C@_0CL@FGIJHLCE@?$GAmanaged?5vector?5copy?5constructo@ 0000000180013e30     libvcruntime:undname.obj
 0002:00000e60       ??_C@_0BM@PMGGMLDN@?$GAlocal?5static?5thread?5guard?8@ 0000000180013e60     libvcruntime:undname.obj
 0002:00000e80       ??_C@_0N@BDNMDMOL@operator?5?$CC?$CC?5@ 0000000180013e80     libvcruntime:undname.obj
 0002:00000e90       ??_C@_0BC@GGEBGALA@operator?5co_await@ 0000000180013e90     libvcruntime:undname.obj
 0002:00000ea8       ??_C@_0BC@DAFEJGAK@?5Type?5Descriptor?8@ 0000000180013ea8     libvcruntime:undname.obj
 0002:00000ec0       ??_C@_0BM@LDKODKLH@?5Base?5Class?5Descriptor?5at?5?$CI@ 0000000180013ec0     libvcruntime:undname.obj
 0002:00000ee0       ??_C@_0BD@LGICGFMM@?5Base?5Class?5Array?8@ 0000000180013ee0     libvcruntime:undname.obj
 0002:00000ef8       ??_C@_0BN@MECKDCOJ@?5Class?5Hierarchy?5Descriptor?8@ 0000000180013ef8     libvcruntime:undname.obj
 0002:00000f18       ??_C@_0BK@CFCOFLF@?5Complete?5Object?5Locator?8@ 0000000180013f18     libvcruntime:undname.obj
 0002:00000f40       __acrt_exception_action_table 0000000180013f40     libucrt:exception_filter.obj
 0002:00001000       __acrt_signal_action_table_count 0000000180014000     libucrt:exception_filter.obj
 0002:00001008       __acrt_signal_action_first_fpe_index 0000000180014008     libucrt:exception_filter.obj
 0002:00001010       __acrt_signal_action_fpe_count 0000000180014010     libucrt:exception_filter.obj
 0002:00001018       ??_C@_1BI@BGOHAHKC@?$AAm?$AAs?$AAc?$AAo?$AAr?$AAe?$AAe?$AA?4?$AAd?$AAl?$AAl?$AA?$AA@ 0000000180014018     libucrt:exit.obj
 0002:00001030       ??_C@_0P@MIGLKIOC@CorExitProcess?$AA@ 0000000180014030     libucrt:exit.obj
 0002:000012b0       __lc_time_c                00000001800142b0     libucrt:nlsdata.obj
 0002:00001570       ??_C@_03KOEHGMDN@Sun?$AA@  0000000180014570     libucrt:nlsdata.obj
 0002:00001574       ??_C@_03PDAGKDH@Mon?$AA@   0000000180014574     libucrt:nlsdata.obj
 0002:00001578       ??_C@_03NAGEINEP@Tue?$AA@  0000000180014578     libucrt:nlsdata.obj
 0002:0000157c       ??_C@_03MHOMLAJA@Wed?$AA@  000000018001457c     libucrt:nlsdata.obj
 0002:00001580       ??_C@_03IOFIKPDN@Thu?$AA@  0000000180014580     libucrt:nlsdata.obj
 0002:00001584       ??_C@_03IDIOELNC@Fri?$AA@  0000000180014584     libucrt:nlsdata.obj
 0002:00001588       ??_C@_03FEFJNEK@Sat?$AA@   0000000180014588     libucrt:nlsdata.obj
 0002:0000158c       ??_C@_06OOPIFAJ@Sunday?$AA@ 000000018001458c     libucrt:nlsdata.obj
 0002:00001594       ??_C@_06JLEDEDGH@Monday?$AA@ 0000000180014594     libucrt:nlsdata.obj
 0002:000015a0       ??_C@_07BAAGCFCM@Tuesday?$AA@ 00000001800145a0     libucrt:nlsdata.obj
 0002:000015a8       ??_C@_09DLIGFAKA@Wednesday?$AA@ 00000001800145a8     libucrt:nlsdata.obj
 0002:000015b8       ??_C@_08HACCIKIA@Thursday?$AA@ 00000001800145b8     libucrt:nlsdata.obj
 0002:000015c4       ??_C@_06JECMNKMI@Friday?$AA@ 00000001800145c4     libucrt:nlsdata.obj
 0002:000015d0       ??_C@_08INBOOONO@Saturday?$AA@ 00000001800145d0     libucrt:nlsdata.obj
 0002:000015dc       ??_C@_03JIHJHPIE@Jan?$AA@  00000001800145dc     libucrt:nlsdata.obj
 0002:000015e0       ??_C@_03HJBDCHOM@Feb?$AA@  00000001800145e0     libucrt:nlsdata.obj
 0002:000015e4       ??_C@_03ODNJBKGA@Mar?$AA@  00000001800145e4     libucrt:nlsdata.obj
 0002:000015e8       ??_C@_03LEOLGMJP@Apr?$AA@  00000001800145e8     libucrt:nlsdata.obj
 0002:000015ec       ??_C@_03CNMDKL@May?$AA@    00000001800145ec     libucrt:nlsdata.obj
 0002:000015f0       ??_C@_03IDFGHECI@Jun?$AA@  00000001800145f0     libucrt:nlsdata.obj
 0002:000015f4       ??_C@_03LBGABGKK@Jul?$AA@  00000001800145f4     libucrt:nlsdata.obj
 0002:000015f8       ??_C@_03IFJFEIGA@Aug?$AA@  00000001800145f8     libucrt:nlsdata.obj
 0002:000015fc       ??_C@_03GGCAPAJC@Sep?$AA@  00000001800145fc     libucrt:nlsdata.obj
 0002:00001600       ??_C@_03BMAOKBAD@Oct?$AA@  0000000180014600     libucrt:nlsdata.obj
 0002:00001604       ??_C@_03JPJOFNIA@Nov?$AA@  0000000180014604     libucrt:nlsdata.obj
 0002:00001608       ??_C@_03MKABNOCG@Dec?$AA@  0000000180014608     libucrt:nlsdata.obj
 0002:00001610       ??_C@_07CGJPFGJA@January?$AA@ 0000000180014610     libucrt:nlsdata.obj
 0002:00001618       ??_C@_08GNJGEPFN@February?$AA@ 0000000180014618     libucrt:nlsdata.obj
 0002:00001624       ??_C@_05HPCKOFNC@March?$AA@ 0000000180014624     libucrt:nlsdata.obj
 0002:0000162c       ??_C@_05DMJDNLEJ@April?$AA@ 000000018001462c     libucrt:nlsdata.obj
 0002:00001634       ??_C@_04CNLMGBGM@June?$AA@ 0000000180014634     libucrt:nlsdata.obj
 0002:0000163c       ??_C@_04MIEPOIFP@July?$AA@ 000000018001463c     libucrt:nlsdata.obj
 0002:00001644       ??_C@_06LBBHFDDG@August?$AA@ 0000000180014644     libucrt:nlsdata.obj
 0002:00001650       ??_C@_09BHHEALKD@September?$AA@ 0000000180014650     libucrt:nlsdata.obj
 0002:00001660       ??_C@_07JJNFCEND@October?$AA@ 0000000180014660     libucrt:nlsdata.obj
 0002:00001668       ??_C@_08HCHEGEOA@November?$AA@ 0000000180014668     libucrt:nlsdata.obj
 0002:00001678       ??_C@_08EDHMEBNP@December?$AA@ 0000000180014678     libucrt:nlsdata.obj
 0002:00001684       ??_C@_02DEDBPAFC@AM?$AA@   0000000180014684     libucrt:nlsdata.obj
 0002:00001688       ??_C@_02CJNFDJBF@PM?$AA@   0000000180014688     libucrt:nlsdata.obj
 0002:00001690       ??_C@_08BPBNCDIB@MM?1dd?1yy?$AA@ 0000000180014690     libucrt:nlsdata.obj
 0002:000016a0       ??_C@_0BE@CKGJFCPC@dddd?0?5MMMM?5dd?0?5yyyy?$AA@ 00000001800146a0     libucrt:nlsdata.obj
 0002:000016b8       ??_C@_08JCCMCCIL@HH?3mm?3ss?$AA@ 00000001800146b8     libucrt:nlsdata.obj
 0002:000016c8       ??_C@_17MBGCMIPB@?$AAS?$AAu?$AAn?$AA?$AA@ 00000001800146c8     libucrt:nlsdata.obj
 0002:000016d0       ??_C@_17KBOMKBF@?$AAM?$AAo?$AAn?$AA?$AA@ 00000001800146d0     libucrt:nlsdata.obj
 0002:000016d8       ??_C@_17BMKGEGOJ@?$AAT?$AAu?$AAe?$AA?$AA@ 00000001800146d8     libucrt:nlsdata.obj
 0002:000016e0       ??_C@_17CJEDCEPE@?$AAW?$AAe?$AAd?$AA?$AA@ 00000001800146e0     libucrt:nlsdata.obj
 0002:000016e8       ??_C@_17PDPHAADD@?$AAT?$AAh?$AAu?$AA?$AA@ 00000001800146e8     libucrt:nlsdata.obj
 0002:000016f0       ??_C@_17HFOLPPLP@?$AAF?$AAr?$AAi?$AA?$AA@ 00000001800146f0     libucrt:nlsdata.obj
 0002:000016f8       ??_C@_17GGIBDPIH@?$AAS?$AAa?$AAt?$AA?$AA@ 00000001800146f8     libucrt:nlsdata.obj
 0002:00001700       ??_C@_1O@IHNHDHPB@?$AAS?$AAu?$AAn?$AAd?$AAa?$AAy?$AA?$AA@ 0000000180014700     libucrt:nlsdata.obj
 0002:00001710       ??_C@_1O@MMNBFLIA@?$AAM?$AAo?$AAn?$AAd?$AAa?$AAy?$AA?$AA@ 0000000180014710     libucrt:nlsdata.obj
 0002:00001720       ??_C@_1BA@ENFBFFEK@?$AAT?$AAu?$AAe?$AAs?$AAd?$AAa?$AAy?$AA?$AA@ 0000000180014720     libucrt:nlsdata.obj
 0002:00001730       ??_C@_1BE@EBOGMDOH@?$AAW?$AAe?$AAd?$AAn?$AAe?$AAs?$AAd?$AAa?$AAy?$AA?$AA@ 0000000180014730     libucrt:nlsdata.obj
 0002:00001748       ??_C@_1BC@HHMNLIHE@?$AAT?$AAh?$AAu?$AAr?$AAs?$AAd?$AAa?$AAy?$AA?$AA@ 0000000180014748     libucrt:nlsdata.obj
 0002:00001760       ??_C@_1O@PDICJHAG@?$AAF?$AAr?$AAi?$AAd?$AAa?$AAy?$AA?$AA@ 0000000180014760     libucrt:nlsdata.obj
 0002:00001770       ??_C@_1BC@ENMNNPAJ@?$AAS?$AAa?$AAt?$AAu?$AAr?$AAd?$AAa?$AAy?$AA?$AA@ 0000000180014770     libucrt:nlsdata.obj
 0002:00001788       ??_C@_17DKNBKCHM@?$AAJ?$AAa?$AAn?$AA?$AA@ 0000000180014788     libucrt:nlsdata.obj
 0002:00001790       ??_C@_17LMDJEKJN@?$AAF?$AAe?$AAb?$AA?$AA@ 0000000180014790     libucrt:nlsdata.obj
 0002:00001798       ??_C@_17CKNLEDEC@?$AAM?$AAa?$AAr?$AA?$AA@ 0000000180014798     libucrt:nlsdata.obj
 0002:000017a0       ??_C@_17LFPOIHDD@?$AAA?$AAp?$AAr?$AA?$AA@ 00000001800147a0     libucrt:nlsdata.obj
 0002:000017a8       ??_C@_17PNNKMEED@?$AAM?$AAa?$AAy?$AA?$AA@ 00000001800147a8     libucrt:nlsdata.obj
 0002:000017b0       ??_C@_17KCJGOCPB@?$AAJ?$AAu?$AAn?$AA?$AA@ 00000001800147b0     libucrt:nlsdata.obj
 0002:000017b8       ??_C@_17IJPCKHK@?$AAJ?$AAu?$AAl?$AA?$AA@ 00000001800147b8     libucrt:nlsdata.obj
 0002:000017c0       ??_C@_17ICPELBCN@?$AAA?$AAu?$AAg?$AA?$AA@ 00000001800147c0     libucrt:nlsdata.obj
 0002:000017c8       ??_C@_17HCHCOKMG@?$AAS?$AAe?$AAp?$AA?$AA@ 00000001800147c8     libucrt:nlsdata.obj
 0002:000017d0       ??_C@_17FNLKOI@?$AAO?$AAc?$AAt?$AA?$AA@ 00000001800147d0     libucrt:nlsdata.obj
 0002:000017d8       ??_C@_17BBDMLCIG@?$AAN?$AAo?$AAv?$AA?$AA@ 00000001800147d8     libucrt:nlsdata.obj
 0002:000017e0       ??_C@_17EGKACKIF@?$AAD?$AAe?$AAc?$AA?$AA@ 00000001800147e0     libucrt:nlsdata.obj
 0002:000017e8       ??_C@_1BA@EFMEIEBA@?$AAJ?$AAa?$AAn?$AAu?$AAa?$AAr?$AAy?$AA?$AA@ 00000001800147e8     libucrt:nlsdata.obj
 0002:000017f8       ??_C@_1BC@JGDDFFAM@?$AAF?$AAe?$AAb?$AAr?$AAu?$AAa?$AAr?$AAy?$AA?$AA@ 00000001800147f8     libucrt:nlsdata.obj
 0002:00001810       ??_C@_1M@IKEENEDF@?$AAM?$AAa?$AAr?$AAc?$AAh?$AA?$AA@ 0000000180014810     libucrt:nlsdata.obj
 0002:00001820       ??_C@_1M@GJNLMHFD@?$AAA?$AAp?$AAr?$AAi?$AAl?$AA?$AA@ 0000000180014820     libucrt:nlsdata.obj
 0002:00001830       ??_C@_19EPFLPGAP@?$AAJ?$AAu?$AAn?$AAe?$AA?$AA@ 0000000180014830     libucrt:nlsdata.obj
 0002:00001840       ??_C@_19BIFMLPCD@?$AAJ?$AAu?$AAl?$AAy?$AA?$AA@ 0000000180014840     libucrt:nlsdata.obj
 0002:00001850       ??_C@_1O@PAHLKOAC@?$AAA?$AAu?$AAg?$AAu?$AAs?$AAt?$AA?$AA@ 0000000180014850     libucrt:nlsdata.obj
 0002:00001860       ??_C@_1BE@DKAAMBJL@?$AAS?$AAe?$AAp?$AAt?$AAe?$AAm?$AAb?$AAe?$AAr?$AA?$AA@ 0000000180014860     libucrt:nlsdata.obj
 0002:00001878       ??_C@_1BA@EPANDLNG@?$AAO?$AAc?$AAt?$AAo?$AAb?$AAe?$AAr?$AA?$AA@ 0000000180014878     libucrt:nlsdata.obj
 0002:00001888       ??_C@_1BC@BGLIFPF@?$AAN?$AAo?$AAv?$AAe?$AAm?$AAb?$AAe?$AAr?$AA?$AA@ 0000000180014888     libucrt:nlsdata.obj
 0002:000018a0       ??_C@_1BC@FEMKIFH@?$AAD?$AAe?$AAc?$AAe?$AAm?$AAb?$AAe?$AAr?$AA?$AA@ 00000001800148a0     libucrt:nlsdata.obj
 0002:000018b4       ??_C@_15ODEHAHHF@?$AAA?$AAM?$AA?$AA@ 00000001800148b4     libucrt:nlsdata.obj
 0002:000018bc       ??_C@_15CLMNNGEL@?$AAP?$AAM?$AA?$AA@ 00000001800148bc     libucrt:nlsdata.obj
 0002:000018c8       ??_C@_1BC@IEBCMHCM@?$AAM?$AAM?$AA?1?$AAd?$AAd?$AA?1?$AAy?$AAy?$AA?$AA@ 00000001800148c8     libucrt:nlsdata.obj
 0002:000018e0       ??_C@_1CI@KNAKOEBC@?$AAd?$AAd?$AAd?$AAd?$AA?0?$AA?5?$AAM?$AAM?$AAM?$AAM?$AA?5?$AAd?$AAd?$AA?0?$AA?5?$AAy?$AAy?$AAy?$AAy?$AA?$AA@ 00000001800148e0     libucrt:nlsdata.obj
 0002:00001908       ??_C@_1BC@GDGBMEMK@?$AAH?$AAH?$AA?3?$AAm?$AAm?$AA?3?$AAs?$AAs?$AA?$AA@ 0000000180014908     libucrt:nlsdata.obj
 0002:00001920       ??_C@_1M@BMHNFIME@?$AAe?$AAn?$AA?9?$AAU?$AAS?$AA?$AA@ 0000000180014920     libucrt:nlsdata.obj
 0002:00001950       ??_C@_1M@HPNHIDJI@?$AAj?$AAa?$AA?9?$AAJ?$AAP?$AA?$AA@ 0000000180014950     libucrt:mbctype.obj
 0002:00001960       ??_C@_1M@BIBDDEMK@?$AAz?$AAh?$AA?9?$AAC?$AAN?$AA?$AA@ 0000000180014960     libucrt:mbctype.obj
 0002:00001970       ??_C@_1M@JLOOOEGK@?$AAk?$AAo?$AA?9?$AAK?$AAR?$AA?$AA@ 0000000180014970     libucrt:mbctype.obj
 0002:00001980       ??_C@_1M@CLNBBOPM@?$AAz?$AAh?$AA?9?$AAT?$AAW?$AA?$AA@ 0000000180014980     libucrt:mbctype.obj
 0002:00001a30       ??_C@_1EA@JGEFHKEI@?$AAa?$AAp?$AAi?$AA?9?$AAm?$AAs?$AA?9?$AAw?$AAi?$AAn?$AA?9?$AAc?$AAo?$AAr?$AAe?$AA?9?$AAd?$AAa?$AAt?$AAe?$AAt?$AAi?$AAm?$AAe?$AA?9?$AAl?$AA1?$AA?9?$AA1?$AA?9?$AA1?$AA?$AA@ 0000000180014a30     libucrt:winapi_thunks.obj
 0002:00001a70       ??_C@_1DM@KHCHBNEB@?$AAa?$AAp?$AAi?$AA?9?$AAm?$AAs?$AA?9?$AAw?$AAi?$AAn?$AA?9?$AAc?$AAo?$AAr?$AAe?$AA?9?$AAf?$AAi?$AAb?$AAe?$AAr?$AAs?$AA?9?$AAl?$AA1?$AA?9?$AA1?$AA?9?$AA1?$AA?$AA@ 0000000180014a70     libucrt:winapi_thunks.obj
 0002:00001ab0       ??_C@_1DI@IJCEHOCB@?$AAa?$AAp?$AAi?$AA?9?$AAm?$AAs?$AA?9?$AAw?$AAi?$AAn?$AA?9?$AAc?$AAo?$AAr?$AAe?$AA?9?$AAf?$AAi?$AAl?$AAe?$AA?9?$AAl?$AA1?$AA?9?$AA2?$AA?9?$AA2?$AA?$AA@ 0000000180014ab0     libucrt:winapi_thunks.obj
 0002:00001af0       ??_C@_1EI@MPIAOHOC@?$AAa?$AAp?$AAi?$AA?9?$AAm?$AAs?$AA?9?$AAw?$AAi?$AAn?$AA?9?$AAc?$AAo?$AAr?$AAe?$AA?9?$AAl?$AAo?$AAc?$AAa?$AAl?$AAi?$AAz?$AAa?$AAt?$AAi?$AAo?$AAn?$AA?9?$AAl?$AA1?$AA?9@ 0000000180014af0     libucrt:winapi_thunks.obj
 0002:00001b40       ??_C@_1FK@FPHCKFIE@?$AAa?$AAp?$AAi?$AA?9?$AAm?$AAs?$AA?9?$AAw?$AAi?$AAn?$AA?9?$AAc?$AAo?$AAr?$AAe?$AA?9?$AAl?$AAo?$AAc?$AAa?$AAl?$AAi?$AAz?$AAa?$AAt?$AAi?$AAo?$AAn?$AA?9?$AAo?$AAb?$AAs@ 0000000180014b40     libucrt:winapi_thunks.obj
 0002:00001ba0       ??_C@_1EM@DILCGIIO@?$AAa?$AAp?$AAi?$AA?9?$AAm?$AAs?$AA?9?$AAw?$AAi?$AAn?$AA?9?$AAc?$AAo?$AAr?$AAe?$AA?9?$AAp?$AAr?$AAo?$AAc?$AAe?$AAs?$AAs?$AAt?$AAh?$AAr?$AAe?$AAa?$AAd?$AAs?$AA?9?$AAl@ 0000000180014ba0     libucrt:winapi_thunks.obj
 0002:00001bf0       ??_C@_1DM@LNCGDDPN@?$AAa?$AAp?$AAi?$AA?9?$AAm?$AAs?$AA?9?$AAw?$AAi?$AAn?$AA?9?$AAc?$AAo?$AAr?$AAe?$AA?9?$AAs?$AAt?$AAr?$AAi?$AAn?$AAg?$AA?9?$AAl?$AA1?$AA?9?$AA1?$AA?9?$AA0?$AA?$AA@ 0000000180014bf0     libucrt:winapi_thunks.obj
 0002:00001c30       ??_C@_1DK@LPPGFMPP@?$AAa?$AAp?$AAi?$AA?9?$AAm?$AAs?$AA?9?$AAw?$AAi?$AAn?$AA?9?$AAc?$AAo?$AAr?$AAe?$AA?9?$AAs?$AAy?$AAn?$AAc?$AAh?$AA?9?$AAl?$AA1?$AA?9?$AA2?$AA?9?$AA0?$AA?$AA@ 0000000180014c30     libucrt:winapi_thunks.obj
 0002:00001c70       ??_C@_1DO@FPAPJEMD@?$AAa?$AAp?$AAi?$AA?9?$AAm?$AAs?$AA?9?$AAw?$AAi?$AAn?$AA?9?$AAc?$AAo?$AAr?$AAe?$AA?9?$AAs?$AAy?$AAs?$AAi?$AAn?$AAf?$AAo?$AA?9?$AAl?$AA1?$AA?9?$AA2?$AA?9?$AA1?$AA?$AA@ 0000000180014c70     libucrt:winapi_thunks.obj
 0002:00001cb0       ??_C@_1DK@NDHNAHIO@?$AAa?$AAp?$AAi?$AA?9?$AAm?$AAs?$AA?9?$AAw?$AAi?$AAn?$AA?9?$AAc?$AAo?$AAr?$AAe?$AA?9?$AAw?$AAi?$AAn?$AAr?$AAt?$AA?9?$AAl?$AA1?$AA?9?$AA1?$AA?9?$AA0?$AA?$AA@ 0000000180014cb0     libucrt:winapi_thunks.obj
 0002:00001cf0       ??_C@_1DM@KGHDGBCM@?$AAa?$AAp?$AAi?$AA?9?$AAm?$AAs?$AA?9?$AAw?$AAi?$AAn?$AA?9?$AAc?$AAo?$AAr?$AAe?$AA?9?$AAx?$AAs?$AAt?$AAa?$AAt?$AAe?$AA?9?$AAl?$AA2?$AA?9?$AA1?$AA?9?$AA0?$AA?$AA@ 0000000180014cf0     libucrt:winapi_thunks.obj
 0002:00001d30       ??_C@_1EO@IJIOEFOH@?$AAa?$AAp?$AAi?$AA?9?$AAm?$AAs?$AA?9?$AAw?$AAi?$AAn?$AA?9?$AAr?$AAt?$AAc?$AAo?$AAr?$AAe?$AA?9?$AAn?$AAt?$AAu?$AAs?$AAe?$AAr?$AA?9?$AAw?$AAi?$AAn?$AAd?$AAo?$AAw?$AA?9@ 0000000180014d30     libucrt:winapi_thunks.obj
 0002:00001d80       ??_C@_1FG@HHGEKANL@?$AAa?$AAp?$AAi?$AA?9?$AAm?$AAs?$AA?9?$AAw?$AAi?$AAn?$AA?9?$AAs?$AAe?$AAc?$AAu?$AAr?$AAi?$AAt?$AAy?$AA?9?$AAs?$AAy?$AAs?$AAt?$AAe?$AAm?$AAf?$AAu?$AAn?$AAc?$AAt?$AAi@ 0000000180014d80     libucrt:winapi_thunks.obj
 0002:00001de0       ??_C@_1EG@DBIOJECG@?$AAe?$AAx?$AAt?$AA?9?$AAm?$AAs?$AA?9?$AAw?$AAi?$AAn?$AA?9?$AAn?$AAt?$AAu?$AAs?$AAe?$AAr?$AA?9?$AAd?$AAi?$AAa?$AAl?$AAo?$AAg?$AAb?$AAo?$AAx?$AA?9?$AAl?$AA1?$AA?9?$AA1@ 0000000180014de0     libucrt:winapi_thunks.obj
 0002:00001e30       ??_C@_1EO@FIHMJCLF@?$AAe?$AAx?$AAt?$AA?9?$AAm?$AAs?$AA?9?$AAw?$AAi?$AAn?$AA?9?$AAn?$AAt?$AAu?$AAs?$AAe?$AAr?$AA?9?$AAw?$AAi?$AAn?$AAd?$AAo?$AAw?$AAs?$AAt?$AAa?$AAt?$AAi?$AAo?$AAn?$AA?9@ 0000000180014e30     libucrt:winapi_thunks.obj
 0002:00001e80       ??_C@_1BC@DNHGCMLG@?$AAa?$AAd?$AAv?$AAa?$AAp?$AAi?$AA3?$AA2?$AA?$AA@ 0000000180014e80     libucrt:winapi_thunks.obj
 0002:00001e98       ??_C@_1BC@GDMECMAK@?$AAk?$AAe?$AAr?$AAn?$AAe?$AAl?$AA3?$AA2?$AA?$AA@ 0000000180014e98     libucrt:winapi_thunks.obj
 0002:00001eb0       ??_C@_1M@OAIMIKLP@?$AAn?$AAt?$AAd?$AAl?$AAl?$AA?$AA@ 0000000180014eb0     libucrt:winapi_thunks.obj
 0002:00001ec0       ??_C@_1EG@DPGNFKGC@?$AAa?$AAp?$AAi?$AA?9?$AAm?$AAs?$AA?9?$AAw?$AAi?$AAn?$AA?9?$AAa?$AAp?$AAp?$AAm?$AAo?$AAd?$AAe?$AAl?$AA?9?$AAr?$AAu?$AAn?$AAt?$AAi?$AAm?$AAe?$AA?9?$AAl?$AA1?$AA?9?$AA1@ 0000000180014ec0     libucrt:winapi_thunks.obj
 0002:00001f08       ??_C@_1O@BCCLBEOE@?$AAu?$AAs?$AAe?$AAr?$AA3?$AA2?$AA?$AA@ 0000000180014f08     libucrt:winapi_thunks.obj
 0002:00001f18       ??_C@_1BA@PFFKHIOG@?$AAa?$AAp?$AAi?$AA?9?$AAm?$AAs?$AA?9?$AA?$AA@ 0000000180014f18     libucrt:winapi_thunks.obj
 0002:00001f28       ??_C@_1BA@IAIFMGEF@?$AAe?$AAx?$AAt?$AA?9?$AAm?$AAs?$AA?9?$AA?$AA@ 0000000180014f28     libucrt:winapi_thunks.obj
 0002:00001f40       ??_C@_0BA@FHFNEAED@AreFileApisANSI?$AA@ 0000000180014f40     libucrt:winapi_thunks.obj
 0002:00001f58       ??_C@_08KNHFBNJ@FlsAlloc?$AA@ 0000000180014f58     libucrt:winapi_thunks.obj
[...]
 0004:00000cf0       $pdata$__acrt_FlsFree      0000000180020cf0     libucrt:winapi_thunks.obj
 0004:00000cfc       $pdata$__acrt_FlsGetValue  0000000180020cfc     libucrt:winapi_thunks.obj
 0004:00000d08       $pdata$__acrt_FlsSetValue  0000000180020d08     libucrt:winapi_thunks.obj
 0004:00000d14       $pdata$__acrt_InitializeCriticalSectionEx 0000000180020d14     libucrt:winapi_thunks.obj
 0004:00000d20       $pdata$__acrt_LCMapStringEx 0000000180020d20     libucrt:winapi_thunks.obj
 0004:00000d2c       $pdata$__acrt_LocaleNameToLCID 0000000180020d2c     libucrt:winapi_thunks.obj
 0004:00000d38       $pdata$__acrt_initialize_winapi_thunks 0000000180020d38     libucrt:winapi_thunks.obj
 0004:00000d44       $pdata$__acrt_uninitialize_winapi_thunks 0000000180020d44     libucrt:winapi_thunks.obj
 0004:00000d50       $pdata$__acrt_initialize_heap 0000000180020d50     libucrt:heap_handle.obj
 0004:00000d5c       $pdata$?initialize_inherited_file_handles_nolock@@YAXXZ 0000000180020d5c     libucrt:ioinit.obj
 0004:00000d68       $pdata$?initialize_stdio_handles_nolock@@YAXXZ 0000000180020d68     libucrt:ioinit.obj
 0004:00000d74       $pdata$__acrt_initialize_lowio 0000000180020d74     libucrt:ioinit.obj
 0004:00000d80       $pdata$__acrt_uninitialize_lowio 0000000180020d80     libucrt:ioinit.obj
 0004:00000d8c       $pdata$__acrt_execute_initializers 0000000180020d8c     libucrt:shared_initialization.obj
 0004:00000d98       $pdata$__acrt_execute_uninitializers 0000000180020d98     libucrt:shared_initialization.obj
 0004:00000da4       $pdata$??$?RV<lambda_450d765d439847d4c735a33c368b5fc0>@@AEAV<lambda_44731a7d0e6d81c3e6aa82d741081786>@@V<lambda_601a2a7da3b7a96e9554ac7215c4b07c>@@@?$__crt_seh_guarded_call@P6AXH@Z@@QEAAP6AXH@Z$$QEAV<lambda_450d765d439847d4c735a33c368b5fc0>@@AEAV<lambda_44731a7d0e6d81c3e6aa82d741081786>@@$$QEAV<lambda_601a2a7da3b7a96e9554ac7215c4b07c>@@@Z 0000000180020da4     libucrt:signal.obj
 0004:00000db0       $pdata$__acrt_get_sigabrt_handler 0000000180020db0     libucrt:signal.obj
 0004:00000dbc       $pdata$raise               0000000180020dbc     libucrt:signal.obj
 0004:00000dc8       $pdata$??$?RV<lambda_842d9ff0dc9ef11c61343bbaebe7f885>@@AEAV<lambda_c5860995281e5c4ce005b3de8f5874ee>@@V<lambda_d90129c13df834fdcbf8d2b88dafcf2d>@@@?$__crt_seh_guarded_call@X@@QEAAX$$QEAV<lambda_842d9ff0dc9ef11c61343bbaebe7f885>@@AEAV<lambda_c5860995281e5c4ce005b3de8f5874ee>@@$$QEAV<lambda_d90129c13df834fdcbf8d2b88dafcf2d>@@@Z 0000000180020dc8     libucrt:fflush.obj
 0004:00000dd4       $pdata$??$?RV<lambda_886d6c58226a84441f68b9f2b8217b83>@@AEAV<lambda_ab61a845afdef5b7c387490eaf3616ee>@@V<lambda_f7f22ab5edc0698d5f6905b0d3f44752>@@@?$__crt_seh_guarded_call@X@@QEAAX$$QEAV<lambda_886d6c58226a84441f68b9f2b8217b83>@@AEAV<lambda_ab61a845afdef5b7c387490eaf3616ee>@@$$QEAV<lambda_f7f22ab5edc0698d5f6905b0d3f44752>@@@Z 0000000180020dd4     libucrt:fflush.obj
 0004:00000de0       $pdata$?common_flush_all@@YAH_N@Z 0000000180020de0     libucrt:fflush.obj
 0004:00000dec       $pdata$__acrt_stdio_flush_nolock 0000000180020dec     libucrt:fflush.obj
 0004:00000df8       $pdata$_fflush_nolock      0000000180020df8     libucrt:fflush.obj
 0004:00000e04       $pdata$__acrt_initialize_stdio 0000000180020e04     libucrt:_file.obj
 0004:00000e10       $pdata$__acrt_uninitialize_stdio 0000000180020e10     libucrt:_file.obj
 0004:00000e1c       $pdata$_mbtowc_l           0000000180020e1c     libucrt:mbtowc.obj
 0004:00000e28       $pdata$_fileno             0000000180020e28     libucrt:fileno.obj
 0004:00000e34       $pdata$__pctype_func       0000000180020e34     libucrt:ctype.obj
 0004:00000e40       $pdata$_isctype_l          0000000180020e40     libucrt:isctype.obj
 0004:00000e4c       $pdata$__acrt_free_locale  0000000180020e4c     libucrt:locale_refcounting.obj
 0004:00000e58       $pdata$__acrt_locale_free_lc_time_if_unreferenced 0000000180020e58     libucrt:locale_refcounting.obj
 0004:00000e64       $pdata$__acrt_release_locale_ref 0000000180020e64     libucrt:locale_refcounting.obj
 0004:00000e70       $pdata$__acrt_update_thread_locale_data 0000000180020e70     libucrt:locale_refcounting.obj
 0004:00000e7c       $pdata$_updatetlocinfoEx_nolock 0000000180020e7c     libucrt:locale_refcounting.obj
 0004:00000e88       $pdata$_isleadbyte_l       0000000180020e88     libucrt:_wctype.obj
 0004:00000e94       $pdata$?__acrt_LCMapStringA_stat@@YAHPEAU__crt_locale_pointers@@PEB_WKPEBDHPEADHHH@Z 0000000180020e94     libucrt:lcmapstringa.obj
 0004:00000ea0       $pdata$__acrt_LCMapStringA 0000000180020ea0     libucrt:lcmapstringa.obj
 0004:00000eac       $pdata$__acrt_locale_free_monetary 0000000180020eac     libucrt:initmon.obj
 0004:00000eb8       $pdata$__acrt_locale_free_numeric 0000000180020eb8     libucrt:initnum.obj
 0004:00000ec4       $pdata$?free_crt_array_internal@@YAXQEAPEBX_K@Z 0000000180020ec4     libucrt:inittime.obj
 0004:00000ed0       $pdata$__acrt_locale_free_time 0000000180020ed0     libucrt:inittime.obj
 0004:00000edc       $pdata$__acrt_GetStringTypeA 0000000180020edc     libucrt:getstringtypea.obj
 0004:00000ee8       $pdata$qsort               0000000180020ee8     libucrt:qsort.obj
 0004:00000ef4       $pdata$4$qsort             0000000180020ef4     libucrt:qsort.obj
 0004:00000f00       $pdata$5$qsort             0000000180020f00     libucrt:qsort.obj
 0004:00000f0c       $pdata$strncpy_s           0000000180020f0c     libucrt:strncpy_s.obj
 0004:00000f18       $pdata$fallbackMethod      0000000180020f18     libucrt:strpbrk.obj
 0004:00000f24       $pdata$strpbrk             0000000180020f24     libucrt:strpbrk.obj
 0004:00000f30       $pdata$_mbsdec_l           0000000180020f30     libucrt:mbsdec.obj
 0004:00000f3c       $pdata$?initialize_multibyte@@YAHXZ 0000000180020f3c     libucrt:multibyte_initializer.obj
 0004:00000f48       $pdata$_msize_base         0000000180020f48     libucrt:msize.obj
 0004:00000f54       $pdata$_realloc_base       0000000180020f54     libucrt:realloc_base.obj
 0004:00000f60       $pdata$?GetTableIndexFromLocaleName@@YAHPEB_W@Z 0000000180020f60     libucrt:lcidtoname_downlevel.obj
 0004:00000f6c       $pdata$__acrt_DownlevelLocaleNameToLCID 0000000180020f6c     libucrt:lcidtoname_downlevel.obj
 0004:00000f78       $pdata$__acrt_lowio_create_handle_array 0000000180020f78     libucrt:osfinfo.obj
 0004:00000f84       $pdata$__acrt_lowio_destroy_handle_array 0000000180020f84     libucrt:osfinfo.obj
 0004:00000f90       $pdata$__acrt_lowio_ensure_fh_exists 0000000180020f90     libucrt:osfinfo.obj
 0004:00000f9c       $pdata$_free_osfhnd        0000000180020f9c     libucrt:osfinfo.obj
 0004:00000fa8       $pdata$_get_osfhandle      0000000180020fa8     libucrt:osfinfo.obj
 0004:00000fb4       $pdata$??$?RV<lambda_a37b2b86f63e897a80ea819b0eb08c01>@@AEAV<lambda_38ce7e780aa69e748d6df282ebc68efe>@@V<lambda_99fb1378e971ab6e7edea83e3a7a83a2>@@@?$__crt_seh_guarded_call@H@@QEAAH$$QEAV<lambda_a37b2b86f63e897a80ea819b0eb08c01>@@AEAV<lambda_38ce7e780aa69e748d6df282ebc68efe>@@$$QEAV<lambda_99fb1378e971ab6e7edea83e3a7a83a2>@@@Z 0000000180020fb4     libucrt:commit.obj
 0004:00000fc0       $pdata$_commit             0000000180020fc0     libucrt:commit.obj
 0004:00000fcc       $pdata$?write_double_translated_ansi_nolock@@YA?AUwrite_result@?A0x17268360@@HQEBDI@Z 0000000180020fcc     libucrt:write.obj
 0004:00000fd8       $pdata$?write_text_ansi_nolock@@YA?AUwrite_result@?A0x17268360@@HQEBDI@Z 0000000180020fd8     libucrt:write.obj
 0004:00000fe4       $pdata$?write_text_utf16le_nolock@@YA?AUwrite_result@?A0x17268360@@HQEBDI@Z 0000000180020fe4     libucrt:write.obj
 0004:00000ff0       $pdata$?write_text_utf8_nolock@@YA?AUwrite_result@?A0x17268360@@HQEBDI@Z 0000000180020ff0     libucrt:write.obj
 0004:00000ffc       $pdata$_write              0000000180020ffc     libucrt:write.obj
 0004:00001008       $pdata$_write_nolock       0000000180021008     libucrt:write.obj
 0004:00001014       $pdata$_fcloseall          0000000180021014     libucrt:closeall.obj
 0004:00001020       $pdata$__acrt_stdio_free_buffer_nolock 0000000180021020     libucrt:_freebuf.obj
 0004:0000102c       $pdata$_isatty             000000018002102c     libucrt:isatty.obj
 0004:00001038       $pdata$?__mbrtowc_utf8@__crt_mbstring@@YA_KPEA_WPEBD_KPEAU_Mbstatet@@@Z 0000000180021038     libucrt:mbrtowc.obj
 0004:00001044       $pdata$?__mbsrtowcs_utf8@__crt_mbstring@@YA_KPEA_WPEAPEBD_KPEAU_Mbstatet@@@Z 0000000180021044     libucrt:mbrtowc.obj
 0004:00001050       $pdata$??$common_lseek_nolock@_J@@YA_JH_JH@Z 0000000180021050     libucrt:lseek.obj
 0004:0000105c       $pdata$_putwch_nolock      000000018002105c     libucrt:putwch.obj
 0004:00001068       $pdata$_fclose_nolock      0000000180021068     libucrt:fclose.obj
 0004:00001074       $pdata$fclose              0000000180021074     libucrt:fclose.obj
 0004:00001080       $pdata$?__mbrtoc32_utf8@__crt_mbstring@@YA_KPEA_UPEBD_KPEAU_Mbstatet@@@Z 0000000180021080     libucrt:mbrtoc32.obj
 0004:00001098       $pdata$__dcrt_lowio_ensure_console_output_initialized 0000000180021098     libucrt:initcon.obj
 0004:000010a4       $pdata$__dcrt_terminate_console_output 00000001800210a4     libucrt:initcon.obj
 0004:000010b0       $pdata$__dcrt_write_console 00000001800210b0     libucrt:initcon.obj
 0004:000010bc       $pdata$??$?RV<lambda_751a882b2c74d4b022dec766aa51a29a>@@AEAV<lambda_628dfdc04ba53c8bfc02c9951375f3f5>@@V<lambda_f6c7be5f7998530c34de24c7437d6b54>@@@?$__crt_seh_guarded_call@H@@QEAAH$$QEAV<lambda_751a882b2c74d4b022dec766aa51a29a>@@AEAV<lambda_628dfdc04ba53c8bfc02c9951375f3f5>@@$$QEAV<lambda_f6c7be5f7998530c34de24c7437d6b54>@@@Z 00000001800210bc     libucrt:close.obj
 0004:000010c8       $pdata$_close              00000001800210c8     libucrt:close.obj
 0004:000010d4       $pdata$_close_nolock       00000001800210d4     libucrt:close.obj
 0004:000010e0       $pdata$_call_matherr       00000001800210e0     libucrt:libm_error.obj
 0004:000010ec       $pdata$_exception_enabled  00000001800210ec     libucrt:libm_error.obj
 0004:000010f8       $pdata$_handle_error       00000001800210f8     libucrt:libm_error.obj
 0004:00001104       $pdata$__acrt_initialize_fma3 0000000180021104     libucrt:fma3_available.obj
 0004:00001110       $pdata$_log10_special      0000000180021110     libucrt:log_special.obj
 0004:0000111c       $pdata$_log_special_common 000000018002111c     libucrt:log_special.obj
 0004:00001134       $pdata$_raise_exc          0000000180021134     libucrt:fpexcept.obj
 0004:00001140       $pdata$_raise_exc_ex       0000000180021140     libucrt:fpexcept.obj
 0004:0000114c       $pdata$_set_errno_from_matherr 000000018002114c     libucrt:fpexcept.obj
 0004:00001158       $pdata$_clrfp              0000000180021158     libucrt:fpctrl.obj
 0004:00001164       $pdata$_ctrlfp             0000000180021164     libucrt:fpctrl.obj
 0004:00001170       $pdata$_set_statfp         0000000180021170     libucrt:fpctrl.obj
 0004:0000117c       $pdata$_statfp             000000018002117c     libucrt:fpctrl.obj
 0004:00001188       $pdata$?DloadAcquireSectionWriteAccess@@YAXXZ 0000000180021188     DelayImp:delayhlp.obj
 0004:00001194       $pdata$?DloadGetSRWLockFunctionPointers@@YAEXZ 0000000180021194     DelayImp:delayhlp.obj
 0004:000011a0       $pdata$?DloadMakePermanentImageCommit@@YAXPEAX_K@Z 00000001800211a0     DelayImp:delayhlp.obj
 0004:000011ac       $pdata$?DloadObtainSection@@YAPEAXPEAK0@Z 00000001800211ac     DelayImp:delayhlp.obj
 0004:000011b8       $pdata$?DloadProtectSection@@YAXKPEAK@Z 00000001800211b8     DelayImp:delayhlp.obj
 0004:000011c4       $pdata$?DloadReleaseSectionWriteAccess@@YAXXZ 00000001800211c4     DelayImp:delayhlp.obj
 0004:000011d0       $pdata$__delayLoadHelper2  00000001800211d0     DelayImp:delayhlp.obj
 0004:000011dc       $pdata$_IsNonwritableInCurrentImage 00000001800211dc     LIBCMT:pesect.obj
 0004:000011e8       $pdata$__GSHandlerCheck    00000001800211e8     LIBCMT:gshandler.obj
 0004:000011f4       $pdata$__GSHandlerCheckCommon 00000001800211f4     LIBCMT:gshandler.obj
 0004:00001230       $pdata$__scrt_is_nonwritable_in_current_image$filt$0 0000000180021230     LIBCMT:utility.obj
 0004:0000123c       $pdata$?fin$0@?0??dllmain_crt_process_attach@@YAHQEAUHINSTANCE__@@QEAX@Z@4HA 000000018002123c     LIBCMT:dll_dllmain.obj
 0004:00001248       $pdata$?fin$0@?0??dllmain_crt_process_detach@@YAH_N@Z@4HA 0000000180021248     LIBCMT:dll_dllmain.obj
 0004:00001254       $pdata$?filt$0@?0??dllmain_dispatch@@YAHQEAUHINSTANCE__@@KQEAX@Z@4HA 0000000180021254     LIBCMT:dll_dllmain.obj
 0004:00001260       $pdata$__DestructExceptionObject$filt$0 0000000180021260     libvcruntime:ehhelpers.obj
 0004:0000126c       $pdata$_query_new_handler$fin$0 000000018002126c     libucrt:new_handler.obj
 0004:00001278       $pdata$?fin$0@?0???$?RV<lambda_efdfa57d1f175319df784efa44bb7b81>@@AEAV<lambda_5f0a4c1567f8adc6734073e5d1e1b35c>@@V<lambda_2e8a7d3640ea6ccb4c2413664c2db6fd>@@@?$__crt_seh_guarded_call@X@@QEAAX$$QEAV<lambda_efdfa57d1f175319df784efa44bb7b81>@@AEAV<lambda_5f0a4c1567f8adc6734073e5d1e1b35c>@@$$QEAV<lambda_2e8a7d3640ea6ccb4c2413664c2db6fd>@@@Z@4HA 0000000180021278     libucrt:mbctype.obj
 0004:00001278       $pdata$?fin$0@?0???$?RV<lambda_f2e299630e499de9f9a165e60fcd3db5>@@AEAV<lambda_2ae9d31cdba2644fcbeaf08da7c24588>@@V<lambda_40d01ff24d0e7b3814fdbdcee8eab3c7>@@@?$__crt_seh_guarded_call@X@@QEAAX$$QEAV<lambda_f2e299630e499de9f9a165e60fcd3db5>@@AEAV<lambda_2ae9d31cdba2644fcbeaf08da7c24588>@@$$QEAV<lambda_40d01ff24d0e7b3814fdbdcee8eab3c7>@@@Z@4HA 0000000180021278     libucrt:per_thread_data.obj
 0004:00001278       $pdata$?fin$0@?0???$?RV<lambda_d80eeec6fff315bfe5c115232f3240e3>@@AEAV<lambda_6e4b09c48022b2350581041d5f6b0c4c>@@V<lambda_2358e3775559c9db80273638284d5e45>@@@?$__crt_seh_guarded_call@X@@QEAAX$$QEAV<lambda_d80eeec6fff315bfe5c115232f3240e3>@@AEAV<lambda_6e4b09c48022b2350581041d5f6b0c4c>@@$$QEAV<lambda_2358e3775559c9db80273638284d5e45>@@@Z@4HA 0000000180021278     libucrt:exit.obj
 0004:00001278       $pdata$?fin$0@?0???$?RV<lambda_0ae27a3a962d80f24befdcbee591983d>@@AEAV<lambda_8d0ee55de4b1038c4002e0adecdf1839>@@V<lambda_dc504788e8f1664fe9b84e20bfb512f2>@@@?$__crt_seh_guarded_call@X@@QEAAX$$QEAV<lambda_0ae27a3a962d80f24befdcbee591983d>@@AEAV<lambda_8d0ee55de4b1038c4002e0adecdf1839>@@$$QEAV<lambda_dc504788e8f1664fe9b84e20bfb512f2>@@@Z@4HA 0000000180021278     libucrt:per_thread_data.obj
 0004:00001278       $pdata$?fin$0@?0???$?RV<lambda_2d41944a1d46af3157314b8a01080d33>@@AEAV<lambda_8f455de75cd7d7f24b4096f044d8b9e6>@@V<lambda_aa500f224e6afead328df44964fe2772>@@@?$__crt_seh_guarded_call@X@@QEAAX$$QEAV<lambda_2d41944a1d46af3157314b8a01080d33>@@AEAV<lambda_8f455de75cd7d7f24b4096f044d8b9e6>@@$$QEAV<lambda_aa500f224e6afead328df44964fe2772>@@@Z@4HA 0000000180021278     libucrt:per_thread_data.obj
 0004:00001278       $pdata$?fin$0@?0???$?RV<lambda_7777bce6b2f8c936911f934f8298dc43>@@AEAV<lambda_f03950bc5685219e0bcd2087efbe011e>@@V<lambda_3883c3dff614d5e0c5f61bb1ac94921c>@@@?$__crt_seh_guarded_call@H@@QEAAH$$QEAV<lambda_7777bce6b2f8c936911f934f8298dc43>@@AEAV<lambda_f03950bc5685219e0bcd2087efbe011e>@@$$QEAV<lambda_3883c3dff614d5e0c5f61bb1ac94921c>@@@Z@4HA 0000000180021278     libucrt:onexit.obj
 0004:00001278       $pdata$?fin$0@?0???$?RV<lambda_450d765d439847d4c735a33c368b5fc0>@@AEAV<lambda_44731a7d0e6d81c3e6aa82d741081786>@@V<lambda_601a2a7da3b7a96e9554ac7215c4b07c>@@@?$__crt_seh_guarded_call@P6AXH@Z@@QEAAP6AXH@Z$$QEAV<lambda_450d765d439847d4c735a33c368b5fc0>@@AEAV<lambda_44731a7d0e6d81c3e6aa82d741081786>@@$$QEAV<lambda_601a2a7da3b7a96e9554ac7215c4b07c>@@@Z@4HA 0000000180021278     libucrt:signal.obj
 0004:00001278       $pdata$?fin$0@?0???$?RV<lambda_638799b9deba96c50f710eeac98168cd>@@AEAV<lambda_22ebabd17bc4fa466a2aca6d8deb888d>@@V<lambda_a6f7d7db0129f75315ebf26d50c089f1>@@@?$__crt_seh_guarded_call@H@@QEAAH$$QEAV<lambda_638799b9deba96c50f710eeac98168cd>@@AEAV<lambda_22ebabd17bc4fa466a2aca6d8deb888d>@@$$QEAV<lambda_a6f7d7db0129f75315ebf26d50c089f1>@@@Z@4HA 0000000180021278     libucrt:onexit.obj
 0004:00001278       $pdata$?fin$0@?0???$?RV<lambda_aa87e3671a710a21b5dc78c0bdf72e11>@@AEAV<lambda_92619d2358a28f41a33ba319515a20b9>@@V<lambda_6992ecaafeb10aed2b74cb1fae11a551>@@@?$__crt_seh_guarded_call@X@@QEAAX$$QEAV<lambda_aa87e3671a710a21b5dc78c0bdf72e11>@@AEAV<lambda_92619d2358a28f41a33ba319515a20b9>@@$$QEAV<lambda_6992ecaafeb10aed2b74cb1fae11a551>@@@Z@4HA 0000000180021278     libucrt:per_thread_data.obj
 0004:00001284       $pdata$?filt$0@?0???R<lambda_6e4b09c48022b2350581041d5f6b0c4c>@@QEBA@XZ@4HA 0000000180021284     libucrt:exit.obj
 0004:00001290       $pdata$?fin$0@?0???$?RV<lambda_410d79af7f07d98d83a3f525b3859a53>@@AEAV<lambda_3e16ef9562a7dcce91392c22ab16ea36>@@V<lambda_38119f0e861e05405d8a144b9b982f0a>@@@?$__crt_seh_guarded_call@X@@QEAAX$$QEAV<lambda_410d79af7f07d98d83a3f525b3859a53>@@AEAV<lambda_3e16ef9562a7dcce91392c22ab16ea36>@@$$QEAV<lambda_38119f0e861e05405d8a144b9b982f0a>@@@Z@4HA 0000000180021290     libucrt:wsetlocale.obj
 0004:0000129c       $pdata$?fin$0@?0??update_thread_multibyte_data_internal@@YAPEAU__crt_multibyte_data@@QEAU__acrt_ptd@@QEAPEAU1@@Z@4HA 000000018002129c     libucrt:mbctype.obj
 0004:000012a8       $pdata$__acrt_initialize_lowio$fin$0 00000001800212a8     libucrt:ioinit.obj
 0004:000012a8       $pdata$__acrt_lowio_ensure_fh_exists$fin$0 00000001800212a8     libucrt:osfinfo.obj
 0004:000012b4       $pdata$raise$fin$0         00000001800212b4     libucrt:signal.obj
 0004:000012c0       $pdata$?fin$0@?0???$?RV<lambda_842d9ff0dc9ef11c61343bbaebe7f885>@@AEAV<lambda_c5860995281e5c4ce005b3de8f5874ee>@@V<lambda_d90129c13df834fdcbf8d2b88dafcf2d>@@@?$__crt_seh_guarded_call@X@@QEAAX$$QEAV<lambda_842d9ff0dc9ef11c61343bbaebe7f885>@@AEAV<lambda_c5860995281e5c4ce005b3de8f5874ee>@@$$QEAV<lambda_d90129c13df834fdcbf8d2b88dafcf2d>@@@Z@4HA 00000001800212c0     libucrt:fflush.obj
 0004:000012cc       $pdata$?fin$0@?0???$?RV<lambda_886d6c58226a84441f68b9f2b8217b83>@@AEAV<lambda_ab61a845afdef5b7c387490eaf3616ee>@@V<lambda_f7f22ab5edc0698d5f6905b0d3f44752>@@@?$__crt_seh_guarded_call@X@@QEAAX$$QEAV<lambda_886d6c58226a84441f68b9f2b8217b83>@@AEAV<lambda_ab61a845afdef5b7c387490eaf3616ee>@@$$QEAV<lambda_f7f22ab5edc0698d5f6905b0d3f44752>@@@Z@4HA 00000001800212cc     libucrt:fflush.obj
 0004:000012d8       $pdata$__acrt_update_thread_locale_data$fin$0 00000001800212d8     libucrt:locale_refcounting.obj
 0004:000012e4       $pdata$?fin$0@?0???$?RV<lambda_a37b2b86f63e897a80ea819b0eb08c01>@@AEAV<lambda_38ce7e780aa69e748d6df282ebc68efe>@@V<lambda_99fb1378e971ab6e7edea83e3a7a83a2>@@@?$__crt_seh_guarded_call@H@@QEAAH$$QEAV<lambda_a37b2b86f63e897a80ea819b0eb08c01>@@AEAV<lambda_38ce7e780aa69e748d6df282ebc68efe>@@$$QEAV<lambda_99fb1378e971ab6e7edea83e3a7a83a2>@@@Z@4HA 00000001800212e4     libucrt:commit.obj
 0004:000012e4       $pdata$?fin$0@?0???$?RV<lambda_751a882b2c74d4b022dec766aa51a29a>@@AEAV<lambda_628dfdc04ba53c8bfc02c9951375f3f5>@@V<lambda_f6c7be5f7998530c34de24c7437d6b54>@@@?$__crt_seh_guarded_call@H@@QEAAH$$QEAV<lambda_751a882b2c74d4b022dec766aa51a29a>@@AEAV<lambda_628dfdc04ba53c8bfc02c9951375f3f5>@@$$QEAV<lambda_f6c7be5f7998530c34de24c7437d6b54>@@@Z@4HA 00000001800212e4     libucrt:close.obj
 0004:000012f0       $pdata$_write$fin$0        00000001800212f0     libucrt:write.obj
 0004:000012fc       $pdata$_fcloseall$fin$0    00000001800212fc     libucrt:closeall.obj
 0004:00001308       $pdata$fclose$fin$0        0000000180021308     libucrt:fclose.obj
 0004:00001314       $pdata$_ctrlfp$filt$0      0000000180021314     libucrt:fpctrl.obj
 0004:00001320       $pdata$_IsNonwritableInCurrentImage$filt$0 0000000180021320     LIBCMT:pesect.obj
 0004:0000132c       $pdata$??__F?constructor@InputWrapper@@0VFunctionReference@Napi@@A@@YAXXZ 000000018002132c     inputWrapper.obj
 0005:00000060       $R000000                   0000000180022060     * linker generated manifest res *

 Exports

  ordinal    name

        1    _register_utils_
